9. Printing statistics.

=== expmob2 ===

   Number of wires:                422
   Number of wire bits:            695
   Number of public wires:          14
   Number of public wire bits:     210
   Number of ports:                  3
   Number of port bits:             33
   Number of memories:               0
   Number of memory bits:            0
   Number of processes:              0
   Number of cells:                251
     $scopeinfo                      3
     and21nor_x0                     4
     and2_x1                        30
     and3_x1                        43
     and4_x1                        17
     dff_x1                         49
     inv_x0                         27
     mux2_x1                         2
     nand2_x0                        1
     nand3_x0                        6
     nand4_x0                        6
     nexor2_x0                      28
     nor2_x0                         1
     nor4_x0                         8
     or21nand_x0                     2
     or3_x1                         15
     xor2_x0                         9

Removed 0 unused cells and 217 unused wires.

