
===========================================================================
report_checks -unconstrained
===========================================================================
======================= nom_ss_100C_1v60 Corner ===================================

Startpoint: inputs[0] (input port clocked by clk)
Endpoint: outputs[31] (output port clocked by clk)
Path Group: clk
Path Type: max

Fanout         Cap        Slew       Delay        Time   Description
---------------------------------------------------------------------------------------------
                      0.000000    0.000000    0.000000   clock clk (rise edge)
                                  0.000000    0.000000   clock network delay (ideal)
                                  5.000000    5.000000 ^ input external delay
     6    0.047863    0.347604    0.239554    5.239554 ^ inputs[0] (in)
                                                         inputs[0] (net)
                      0.347604    0.000000    5.239554 ^ _049_/B (sky130_fd_sc_hd__xor2_2)
     5    0.070348    1.299529    1.147589    6.387143 ^ _049_/X (sky130_fd_sc_hd__xor2_2)
                                                         outputs[16] (net)
                      1.299529    0.000000    6.387143 ^ _055_/A (sky130_fd_sc_hd__xnor2_2)
     4    0.059023    0.634045    0.912149    7.299292 v _055_/Y (sky130_fd_sc_hd__xnor2_2)
                                                         outputs[20] (net)
                      0.634045    0.000000    7.299292 v _057_/A (sky130_fd_sc_hd__xnor2_2)
     3    0.051895    1.042538    1.100697    8.399988 ^ _057_/Y (sky130_fd_sc_hd__xnor2_2)
                                                         outputs[28] (net)
                      1.042538    0.000000    8.399988 ^ _068_/A (sky130_fd_sc_hd__xnor2_2)
     2    0.041873    0.473719    0.710916    9.110905 v _068_/Y (sky130_fd_sc_hd__xnor2_2)
                                                         outputs[30] (net)
                      0.473719    0.000000    9.110905 v _096_/A (sky130_fd_sc_hd__xnor2_2)
     1    0.033442    0.709625    0.793124    9.904028 ^ _096_/Y (sky130_fd_sc_hd__xnor2_2)
                                                         outputs[31] (net)
                      0.709625    0.000000    9.904028 ^ outputs[31] (out)
                                              9.904028   data arrival time

                      0.000000   25.000000   25.000000   clock clk (rise edge)
                                  0.000000   25.000000   clock network delay (ideal)
                                 -0.250000   24.750000   clock uncertainty
                                  0.000000   24.750000   clock reconvergence pessimism
                                 -5.000000   19.750000   output external delay
                                             19.750000   data required time
---------------------------------------------------------------------------------------------
                                             19.750000   data required time
                                             -9.904028   data arrival time
---------------------------------------------------------------------------------------------
                                              9.845971   slack (MET)




===========================================================================
report_checks --slack_max -0.01
============================================================================
======================= nom_ss_100C_1v60 Corner ===================================

No paths found.


===========================================================================
 report_check_types -max_slew -max_cap -max_fanout -violators
============================================================================
======================= nom_ss_100C_1v60 Corner ===================================

max slew

Pin                                        Limit        Slew       Slack
------------------------------------------------------------------------
outputs[16]                             0.750000    1.299529   -0.549529 (VIOLATED)
_049_/X                                 0.750000    1.299529   -0.549529 (VIOLATED)
_051_/A                                 0.750000    1.299529   -0.549529 (VIOLATED)
_055_/A                                 0.750000    1.299529   -0.549529 (VIOLATED)
_072_/A                                 0.750000    1.299529   -0.549529 (VIOLATED)
_108_/A                                 0.750000    1.299529   -0.549529 (VIOLATED)
outputs[20]                             0.750000    1.205693   -0.455693 (VIOLATED)
_055_/Y                                 0.750000    1.205693   -0.455693 (VIOLATED)
_057_/A                                 0.750000    1.205693   -0.455693 (VIOLATED)
_071_/A                                 0.750000    1.205693   -0.455693 (VIOLATED)
_102_/A                                 0.750000    1.205693   -0.455693 (VIOLATED)
outputs[8]                              0.750000    1.138709   -0.388709 (VIOLATED)
_052_/X                                 0.750000    1.138709   -0.388709 (VIOLATED)
_059_/A                                 0.750000    1.138709   -0.388709 (VIOLATED)
_074_/A                                 0.750000    1.138709   -0.388709 (VIOLATED)
_120_/A                                 0.750000    1.138709   -0.388709 (VIOLATED)
outputs[28]                             0.750000    1.042538   -0.292538 (VIOLATED)
_057_/Y                                 0.750000    1.042538   -0.292538 (VIOLATED)
_068_/A                                 0.750000    1.042538   -0.292538 (VIOLATED)
_097_/A                                 0.750000    1.042538   -0.292538 (VIOLATED)
outputs[10]                             0.750000    1.042338   -0.292338 (VIOLATED)
_074_/Y                                 0.750000    1.042338   -0.292338 (VIOLATED)
_077_/A                                 0.750000    1.042338   -0.292338 (VIOLATED)
_119_/A                                 0.750000    1.042338   -0.292338 (VIOLATED)
outputs[24]                             0.750000    0.984550   -0.234550 (VIOLATED)
_051_/X                                 0.750000    0.984550   -0.234550 (VIOLATED)
_069_/A                                 0.750000    0.984550   -0.234550 (VIOLATED)
_101_/A                                 0.750000    0.984550   -0.234550 (VIOLATED)
outputs[4]                              0.750000    0.983815   -0.233815 (VIOLATED)
_060_/X                                 0.750000    0.983815   -0.233815 (VIOLATED)
_079_/A                                 0.750000    0.983815   -0.233815 (VIOLATED)
_122_/A                                 0.750000    0.983815   -0.233815 (VIOLATED)
outputs[21]                             0.750000    0.873216   -0.123216 (VIOLATED)
_102_/Y                                 0.750000    0.873216   -0.123216 (VIOLATED)
_105_/A                                 0.750000    0.873216   -0.123216 (VIOLATED)
outputs[18]                             0.750000    0.873047   -0.123047 (VIOLATED)
_072_/Y                                 0.750000    0.873047   -0.123047 (VIOLATED)
_107_/A                                 0.750000    0.873047   -0.123047 (VIOLATED)
outputs[5]                              0.750000    0.873023   -0.123023 (VIOLATED)
_122_/Y                                 0.750000    0.873023   -0.123023 (VIOLATED)
_125_/A                                 0.750000    0.873023   -0.123023 (VIOLATED)
outputs[12]                             0.750000    0.872972   -0.122972 (VIOLATED)
_059_/Y                                 0.750000    0.872972   -0.122972 (VIOLATED)
_117_/A                                 0.750000    0.872972   -0.122972 (VIOLATED)
outputs[26]                             0.750000    0.872958   -0.122958 (VIOLATED)
_069_/Y                                 0.750000    0.872958   -0.122958 (VIOLATED)
_100_/A                                 0.750000    0.872958   -0.122958 (VIOLATED)
outputs[30]                             0.750000    0.872953   -0.122953 (VIOLATED)
_068_/Y                                 0.750000    0.872953   -0.122953 (VIOLATED)
_096_/A                                 0.750000    0.872953   -0.122953 (VIOLATED)
outputs[14]                             0.750000    0.823807   -0.073807 (VIOLATED)
_077_/X                                 0.750000    0.823807   -0.073807 (VIOLATED)
_116_/A                                 0.750000    0.823807   -0.073807 (VIOLATED)
outputs[2]                              0.750000    0.823201   -0.073201 (VIOLATED)
_080_/X                                 0.750000    0.823201   -0.073201 (VIOLATED)
_127_/A                                 0.750000    0.823201   -0.073201 (VIOLATED)



===========================================================================
report_parasitic_annotation -report_unannotated
============================================================================
Found 113 unannotated drivers.
 inputs[0]
 inputs[10]
 inputs[11]
 inputs[12]
 inputs[13]
 inputs[14]
 inputs[15]
 inputs[16]
 inputs[17]
 inputs[18]
 inputs[19]
 inputs[1]
 inputs[20]
 inputs[21]
 inputs[22]
 inputs[23]
 inputs[24]
 inputs[25]
 inputs[26]
 inputs[27]
 inputs[28]
 inputs[29]
 inputs[2]
 inputs[30]
 inputs[31]
 inputs[3]
 inputs[4]
 inputs[5]
 inputs[6]
 inputs[7]
 inputs[8]
 inputs[9]
 _049_/X
 _050_/X
 _051_/X
 _052_/X
 _053_/Y
 _054_/X
 _055_/Y
 _056_/Y
 _057_/Y
 _058_/Y
 _059_/Y
 _060_/X
 _061_/Y
 _062_/Y
 _063_/Y
 _064_/X
 _065_/X
 _066_/Y
 _067_/Y
 _068_/Y
 _069_/Y
 _070_/Y
 _071_/X
 _072_/Y
 _073_/Y
 _074_/Y
 _075_/X
 _076_/Y
 _077_/X
 _078_/X
 _079_/X
 _080_/X
 _081_/X
 _082_/X
 _083_/Y
 _084_/Y
 _085_/X
 _086_/Y
 _087_/Y
 _088_/Y
 _089_/Y
 _090_/Y
 _091_/X
 _092_/Y
 _093_/Y
 _094_/Y
 _095_/Y
 _096_/Y
 _097_/X
 _098_/Y
 _099_/X
 _100_/Y
 _101_/X
 _102_/Y
 _103_/Y
 _104_/Y
 _105_/Y
 _106_/X
 _107_/Y
 _108_/X
 _109_/X
 _110_/X
 _111_/Y
 _112_/X
 _113_/X
 _114_/Y
 _115_/Y
 _116_/Y
 _117_/Y
 _118_/Y
 _119_/Y
 _120_/X
 _121_/Y
 _122_/Y
 _123_/X
 _124_/Y
 _125_/Y
 _126_/Y
 _127_/Y
 _128_/X
 _129_/X
Found 0 partially unannotated drivers.

===========================================================================
max slew violation count 56
max fanout violation count 0
max cap violation count 0
============================================================================

===========================================================================
check_setup -verbose -unconstrained_endpoints -multiple_clock -no_clock -no_input_delay -loops -generated_clocks
===========================================================================
