
===========================================================================
report_checks -path_delay min (Hold)
============================================================================
======================= nom_ss_100C_1v60 Corner ===================================

Startpoint: inputs[8] (input port clocked by clk)
Endpoint: outputs[8] (output port clocked by clk)
Path Group: clk
Path Type: min

Fanout         Cap        Slew       Delay        Time   Description
---------------------------------------------------------------------------------------------
                      0.000000    0.000000    0.000000   clock clk (rise edge)
                                  0.000000    0.000000   clock network delay (ideal)
                                  5.000000    5.000000 v input external delay
     2    0.016044    0.073025    0.049531    5.049531 v inputs[8] (in)
                                                         inputs[8] (net)
                      0.073025    0.000000    5.049531 v _052_/B (sky130_fd_sc_hd__xor2_2)
     4    0.059023    0.290373    0.467640    5.517171 v _052_/X (sky130_fd_sc_hd__xor2_2)
                                                         outputs[8] (net)
                      0.290373    0.000000    5.517171 v outputs[8] (out)
                                              5.517171   data arrival time

                      0.000000    0.000000    0.000000   clock clk (rise edge)
                                  0.000000    0.000000   clock network delay (ideal)
                                  0.250000    0.250000   clock uncertainty
                                  0.000000    0.250000   clock reconvergence pessimism
                                 -5.000000   -4.750000   output external delay
                                             -4.750000   data required time
---------------------------------------------------------------------------------------------
                                             -4.750000   data required time
                                             -5.517171   data arrival time
---------------------------------------------------------------------------------------------
                                             10.267171   slack (MET)


Startpoint: inputs[4] (input port clocked by clk)
Endpoint: outputs[4] (output port clocked by clk)
Path Group: clk
Path Type: min

Fanout         Cap        Slew       Delay        Time   Description
---------------------------------------------------------------------------------------------
                      0.000000    0.000000    0.000000   clock clk (rise edge)
                                  0.000000    0.000000   clock network delay (ideal)
                                  5.000000    5.000000 v input external delay
     3    0.024672    0.109139    0.075794    5.075794 v inputs[4] (in)
                                                         inputs[4] (net)
                      0.109139    0.000000    5.075794 v _060_/B (sky130_fd_sc_hd__xor2_2)
     3    0.050592    0.255583    0.454528    5.530323 v _060_/X (sky130_fd_sc_hd__xor2_2)
                                                         outputs[4] (net)
                      0.255583    0.000000    5.530323 v outputs[4] (out)
                                              5.530323   data arrival time

                      0.000000    0.000000    0.000000   clock clk (rise edge)
                                  0.000000    0.000000   clock network delay (ideal)
                                  0.250000    0.250000   clock uncertainty
                                  0.000000    0.250000   clock reconvergence pessimism
                                 -5.000000   -4.750000   output external delay
                                             -4.750000   data required time
---------------------------------------------------------------------------------------------
                                             -4.750000   data required time
                                             -5.530323   data arrival time
---------------------------------------------------------------------------------------------
                                             10.280323   slack (MET)


Startpoint: inputs[0] (input port clocked by clk)
Endpoint: outputs[0] (output port clocked by clk)
Path Group: clk
Path Type: min

Fanout         Cap        Slew       Delay        Time   Description
---------------------------------------------------------------------------------------------
                      0.000000    0.000000    0.000000   clock clk (rise edge)
                                  0.000000    0.000000   clock network delay (ideal)
                                  5.000000    5.000000 v input external delay
     6    0.044523    0.193249    0.136450    5.136450 v inputs[0] (in)
                                                         inputs[0] (net)
                      0.193249    0.000000    5.136450 v _129_/A (sky130_fd_sc_hd__buf_2)
     1    0.033442    0.165443    0.401595    5.538045 v _129_/X (sky130_fd_sc_hd__buf_2)
                                                         outputs[0] (net)
                      0.165443    0.000000    5.538045 v outputs[0] (out)
                                              5.538045   data arrival time

                      0.000000    0.000000    0.000000   clock clk (rise edge)
                                  0.000000    0.000000   clock network delay (ideal)
                                  0.250000    0.250000   clock uncertainty
                                  0.000000    0.250000   clock reconvergence pessimism
                                 -5.000000   -4.750000   output external delay
                                             -4.750000   data required time
---------------------------------------------------------------------------------------------
                                             -4.750000   data required time
                                             -5.538045   data arrival time
---------------------------------------------------------------------------------------------
                                             10.288045   slack (MET)


Startpoint: inputs[2] (input port clocked by clk)
Endpoint: outputs[2] (output port clocked by clk)
Path Group: clk
Path Type: min

Fanout         Cap        Slew       Delay        Time   Description
---------------------------------------------------------------------------------------------
                      0.000000    0.000000    0.000000   clock clk (rise edge)
                                  0.000000    0.000000   clock network delay (ideal)
                                  5.000000    5.000000 v input external delay
     4    0.033391    0.146082    0.102435    5.102436 v inputs[2] (in)
                                                         inputs[2] (net)
                      0.146082    0.000000    5.102436 v _080_/B (sky130_fd_sc_hd__xor2_2)
     2    0.041873    0.219606    0.441400    5.543835 v _080_/X (sky130_fd_sc_hd__xor2_2)
                                                         outputs[2] (net)
                      0.219606    0.000000    5.543835 v outputs[2] (out)
                                              5.543835   data arrival time

                      0.000000    0.000000    0.000000   clock clk (rise edge)
                                  0.000000    0.000000   clock network delay (ideal)
                                  0.250000    0.250000   clock uncertainty
                                  0.000000    0.250000   clock reconvergence pessimism
                                 -5.000000   -4.750000   output external delay
                                             -4.750000   data required time
---------------------------------------------------------------------------------------------
                                             -4.750000   data required time
                                             -5.543835   data arrival time
---------------------------------------------------------------------------------------------
                                             10.293836   slack (MET)


Startpoint: inputs[1] (input port clocked by clk)
Endpoint: outputs[1] (output port clocked by clk)
Path Group: clk
Path Type: min

Fanout         Cap        Slew       Delay        Time   Description
---------------------------------------------------------------------------------------------
                      0.000000    0.000000    0.000000   clock clk (rise edge)
                                  0.000000    0.000000   clock network delay (ideal)
                                  5.000000    5.000000 v input external delay
     5    0.041625    0.180970    0.127594    5.127594 v inputs[1] (in)
                                                         inputs[1] (net)
                      0.180970    0.000000    5.127594 v _128_/B (sky130_fd_sc_hd__xor2_2)
     1    0.033442    0.184857    0.427845    5.555440 v _128_/X (sky130_fd_sc_hd__xor2_2)
                                                         outputs[1] (net)
                      0.184857    0.000000    5.555440 v outputs[1] (out)
                                              5.555440   data arrival time

                      0.000000    0.000000    0.000000   clock clk (rise edge)
                                  0.000000    0.000000   clock network delay (ideal)
                                  0.250000    0.250000   clock uncertainty
                                  0.000000    0.250000   clock reconvergence pessimism
                                 -5.000000   -4.750000   output external delay
                                             -4.750000   data required time
---------------------------------------------------------------------------------------------
                                             -4.750000   data required time
                                             -5.555440   data arrival time
---------------------------------------------------------------------------------------------
                                             10.305440   slack (MET)


Startpoint: inputs[16] (input port clocked by clk)
Endpoint: outputs[16] (output port clocked by clk)
Path Group: clk
Path Type: min

Fanout         Cap        Slew       Delay        Time   Description
---------------------------------------------------------------------------------------------
                      0.000000    0.000000    0.000000   clock clk (rise edge)
                                  0.000000    0.000000   clock network delay (ideal)
                                  5.000000    5.000000 v input external delay
     1    0.008719    0.043181    0.027416    5.027416 v inputs[16] (in)
                                                         inputs[16] (net)
                      0.043181    0.000000    5.027416 v _049_/A (sky130_fd_sc_hd__xor2_2)
     5    0.067742    0.325951    0.530185    5.557601 v _049_/X (sky130_fd_sc_hd__xor2_2)
                                                         outputs[16] (net)
                      0.325951    0.000000    5.557601 v outputs[16] (out)
                                              5.557601   data arrival time

                      0.000000    0.000000    0.000000   clock clk (rise edge)
                                  0.000000    0.000000   clock network delay (ideal)
                                  0.250000    0.250000   clock uncertainty
                                  0.000000    0.250000   clock reconvergence pessimism
                                 -5.000000   -4.750000   output external delay
                                             -4.750000   data required time
---------------------------------------------------------------------------------------------
                                             -4.750000   data required time
                                             -5.557601   data arrival time
---------------------------------------------------------------------------------------------
                                             10.307601   slack (MET)


Startpoint: inputs[3] (input port clocked by clk)
Endpoint: outputs[3] (output port clocked by clk)
Path Group: clk
Path Type: min

Fanout         Cap        Slew       Delay        Time   Description
---------------------------------------------------------------------------------------------
                      0.000000    0.000000    0.000000   clock clk (rise edge)
                                  0.000000    0.000000   clock network delay (ideal)
                                  5.000000    5.000000 v input external delay
     4    0.033876    0.148137    0.103917    5.103918 v inputs[3] (in)
                                                         inputs[3] (net)
                      0.148137    0.000000    5.103918 v _126_/B (sky130_fd_sc_hd__xnor2_2)
     1    0.008492    0.100233    0.286236    5.390153 ^ _126_/Y (sky130_fd_sc_hd__xnor2_2)
                                                         _027_ (net)
                      0.100233    0.000000    5.390153 ^ _127_/B (sky130_fd_sc_hd__xnor2_2)
     1    0.033442    0.321137    0.318904    5.709057 v _127_/Y (sky130_fd_sc_hd__xnor2_2)
                                                         outputs[3] (net)
                      0.321137    0.000000    5.709057 v outputs[3] (out)
                                              5.709057   data arrival time

                      0.000000    0.000000    0.000000   clock clk (rise edge)
                                  0.000000    0.000000   clock network delay (ideal)
                                  0.250000    0.250000   clock uncertainty
                                  0.000000    0.250000   clock reconvergence pessimism
                                 -5.000000   -4.750000   output external delay
                                             -4.750000   data required time
---------------------------------------------------------------------------------------------
                                             -4.750000   data required time
                                             -5.709057   data arrival time
---------------------------------------------------------------------------------------------
                                             10.459057   slack (MET)


Startpoint: inputs[24] (input port clocked by clk)
Endpoint: outputs[24] (output port clocked by clk)
Path Group: clk
Path Type: min

Fanout         Cap        Slew       Delay        Time   Description
---------------------------------------------------------------------------------------------
                      0.000000    0.000000    0.000000   clock clk (rise edge)
                                  0.000000    0.000000   clock network delay (ideal)
                                  5.000000    5.000000 ^ input external delay
     1    0.009392    0.079236    0.049320    5.049320 ^ inputs[24] (in)
                                                         inputs[24] (net)
                      0.079236    0.000000    5.049320 ^ _050_/A (sky130_fd_sc_hd__xor2_2)
     2    0.016453    0.115586    0.209694    5.259014 v _050_/X (sky130_fd_sc_hd__xor2_2)
                                                         _028_ (net)
                      0.115586    0.000000    5.259014 v _051_/B (sky130_fd_sc_hd__xor2_2)
     3    0.050592    0.255775    0.457181    5.716195 v _051_/X (sky130_fd_sc_hd__xor2_2)
                                                         outputs[24] (net)
                      0.255775    0.000000    5.716195 v outputs[24] (out)
                                              5.716195   data arrival time

                      0.000000    0.000000    0.000000   clock clk (rise edge)
                                  0.000000    0.000000   clock network delay (ideal)
                                  0.250000    0.250000   clock uncertainty
                                  0.000000    0.250000   clock reconvergence pessimism
                                 -5.000000   -4.750000   output external delay
                                             -4.750000   data required time
---------------------------------------------------------------------------------------------
                                             -4.750000   data required time
                                             -5.716195   data arrival time
---------------------------------------------------------------------------------------------
                                             10.466195   slack (MET)


Startpoint: inputs[5] (input port clocked by clk)
Endpoint: outputs[5] (output port clocked by clk)
Path Group: clk
Path Type: min

Fanout         Cap        Slew       Delay        Time   Description
---------------------------------------------------------------------------------------------
                      0.000000    0.000000    0.000000   clock clk (rise edge)
                                  0.000000    0.000000   clock network delay (ideal)
                                  5.000000    5.000000 v input external delay
     3    0.024960    0.110359    0.076674    5.076674 v inputs[5] (in)
                                                         inputs[5] (net)
                      0.110359    0.000000    5.076674 v _121_/B (sky130_fd_sc_hd__xnor2_2)
     1    0.008492    0.099556    0.270866    5.347541 ^ _121_/Y (sky130_fd_sc_hd__xnor2_2)
                                                         _024_ (net)
                      0.099556    0.000000    5.347541 ^ _122_/B (sky130_fd_sc_hd__xnor2_2)
     2    0.041873    0.393643    0.372298    5.719839 v _122_/Y (sky130_fd_sc_hd__xnor2_2)
                                                         outputs[5] (net)
                      0.393643    0.000000    5.719839 v outputs[5] (out)
                                              5.719839   data arrival time

                      0.000000    0.000000    0.000000   clock clk (rise edge)
                                  0.000000    0.000000   clock network delay (ideal)
                                  0.250000    0.250000   clock uncertainty
                                  0.000000    0.250000   clock reconvergence pessimism
                                 -5.000000   -4.750000   output external delay
                                             -4.750000   data required time
---------------------------------------------------------------------------------------------
                                             -4.750000   data required time
                                             -5.719839   data arrival time
---------------------------------------------------------------------------------------------
                                             10.469839   slack (MET)


Startpoint: inputs[10] (input port clocked by clk)
Endpoint: outputs[10] (output port clocked by clk)
Path Group: clk
Path Type: min

Fanout         Cap        Slew       Delay        Time   Description
---------------------------------------------------------------------------------------------
                      0.000000    0.000000    0.000000   clock clk (rise edge)
                                  0.000000    0.000000   clock network delay (ideal)
                                  5.000000    5.000000 v input external delay
     2    0.016438    0.074631    0.050720    5.050720 v inputs[10] (in)
                                                         inputs[10] (net)
                      0.074631    0.000000    5.050720 v _073_/B (sky130_fd_sc_hd__xnor2_2)
     1    0.008492    0.099274    0.256633    5.307353 ^ _073_/Y (sky130_fd_sc_hd__xnor2_2)
                                                         _041_ (net)
                      0.099274    0.000000    5.307353 ^ _074_/B (sky130_fd_sc_hd__xnor2_2)
     3    0.050592    0.468532    0.427669    5.735023 v _074_/Y (sky130_fd_sc_hd__xnor2_2)
                                                         outputs[10] (net)
                      0.468532    0.000000    5.735023 v outputs[10] (out)
                                              5.735023   data arrival time

                      0.000000    0.000000    0.000000   clock clk (rise edge)
                                  0.000000    0.000000   clock network delay (ideal)
                                  0.250000    0.250000   clock uncertainty
                                  0.000000    0.250000   clock reconvergence pessimism
                                 -5.000000   -4.750000   output external delay
                                             -4.750000   data required time
---------------------------------------------------------------------------------------------
                                             -4.750000   data required time
                                             -5.735023   data arrival time
---------------------------------------------------------------------------------------------
                                             10.485023   slack (MET)


Startpoint: inputs[20] (input port clocked by clk)
Endpoint: outputs[20] (output port clocked by clk)
Path Group: clk
Path Type: min

Fanout         Cap        Slew       Delay        Time   Description
---------------------------------------------------------------------------------------------
                      0.000000    0.000000    0.000000   clock clk (rise edge)
                                  0.000000    0.000000   clock network delay (ideal)
                                  5.000000    5.000000 ^ input external delay
     1    0.009061    0.076958    0.047679    5.047679 ^ inputs[20] (in)
                                                         inputs[20] (net)
                      0.076958    0.000000    5.047679 ^ _053_/A (sky130_fd_sc_hd__xnor2_2)
     1    0.008492    0.098878    0.230660    5.278339 ^ _053_/Y (sky130_fd_sc_hd__xnor2_2)
                                                         _029_ (net)
                      0.098878    0.000000    5.278339 ^ _055_/B (sky130_fd_sc_hd__xnor2_2)
     4    0.059023    0.540588    0.481164    5.759503 v _055_/Y (sky130_fd_sc_hd__xnor2_2)
                                                         outputs[20] (net)
                      0.540588    0.000000    5.759503 v outputs[20] (out)
                                              5.759503   data arrival time

                      0.000000    0.000000    0.000000   clock clk (rise edge)
                                  0.000000    0.000000   clock network delay (ideal)
                                  0.250000    0.250000   clock uncertainty
                                  0.000000    0.250000   clock reconvergence pessimism
                                 -5.000000   -4.750000   output external delay
                                             -4.750000   data required time
---------------------------------------------------------------------------------------------
                                             -4.750000   data required time
                                             -5.759503   data arrival time
---------------------------------------------------------------------------------------------
                                             10.509503   slack (MET)


Startpoint: inputs[9] (input port clocked by clk)
Endpoint: outputs[9] (output port clocked by clk)
Path Group: clk
Path Type: min

Fanout         Cap        Slew       Delay        Time   Description
---------------------------------------------------------------------------------------------
                      0.000000    0.000000    0.000000   clock clk (rise edge)
                                  0.000000    0.000000   clock network delay (ideal)
                                  5.000000    5.000000 ^ input external delay
     2    0.017034    0.131844    0.087219    5.087219 ^ inputs[9] (in)
                                                         inputs[9] (net)
                      0.131844    0.000000    5.087219 ^ _109_/B (sky130_fd_sc_hd__xor2_2)
     3    0.024884    0.149970    0.268585    5.355804 v _109_/X (sky130_fd_sc_hd__xor2_2)
                                                         _016_ (net)
                      0.149970    0.000000    5.355804 v _120_/B (sky130_fd_sc_hd__xor2_2)
     1    0.033442    0.185093    0.415081    5.770885 v _120_/X (sky130_fd_sc_hd__xor2_2)
                                                         outputs[9] (net)
                      0.185093    0.000000    5.770885 v outputs[9] (out)
                                              5.770885   data arrival time

                      0.000000    0.000000    0.000000   clock clk (rise edge)
                                  0.000000    0.000000   clock network delay (ideal)
                                  0.250000    0.250000   clock uncertainty
                                  0.000000    0.250000   clock reconvergence pessimism
                                 -5.000000   -4.750000   output external delay
                                             -4.750000   data required time
---------------------------------------------------------------------------------------------
                                             -4.750000   data required time
                                             -5.770885   data arrival time
---------------------------------------------------------------------------------------------
                                             10.520885   slack (MET)


Startpoint: inputs[12] (input port clocked by clk)
Endpoint: outputs[12] (output port clocked by clk)
Path Group: clk
Path Type: min

Fanout         Cap        Slew       Delay        Time   Description
---------------------------------------------------------------------------------------------
                      0.000000    0.000000    0.000000   clock clk (rise edge)
                                  0.000000    0.000000   clock network delay (ideal)
                                  5.000000    5.000000 ^ input external delay
     2    0.017034    0.131844    0.087219    5.087219 ^ inputs[12] (in)
                                                         inputs[12] (net)
                      0.131844    0.000000    5.087219 ^ _058_/B (sky130_fd_sc_hd__xnor2_2)
     2    0.017553    0.164587    0.290404    5.377623 ^ _058_/Y (sky130_fd_sc_hd__xnor2_2)
                                                         _032_ (net)
                      0.164587    0.000000    5.377623 ^ _059_/B (sky130_fd_sc_hd__xnor2_2)
     2    0.041873    0.393676    0.396213    5.773836 v _059_/Y (sky130_fd_sc_hd__xnor2_2)
                                                         outputs[12] (net)
                      0.393676    0.000000    5.773836 v outputs[12] (out)
                                              5.773836   data arrival time

                      0.000000    0.000000    0.000000   clock clk (rise edge)
                                  0.000000    0.000000   clock network delay (ideal)
                                  0.250000    0.250000   clock uncertainty
                                  0.000000    0.250000   clock reconvergence pessimism
                                 -5.000000   -4.750000   output external delay
                                             -4.750000   data required time
---------------------------------------------------------------------------------------------
                                             -4.750000   data required time
                                             -5.773836   data arrival time
---------------------------------------------------------------------------------------------
                                             10.523836   slack (MET)


Startpoint: inputs[6] (input port clocked by clk)
Endpoint: outputs[6] (output port clocked by clk)
Path Group: clk
Path Type: min

Fanout         Cap        Slew       Delay        Time   Description
---------------------------------------------------------------------------------------------
                      0.000000    0.000000    0.000000   clock clk (rise edge)
                                  0.000000    0.000000   clock network delay (ideal)
                                  5.000000    5.000000 ^ input external delay
     3    0.026476    0.197778    0.133897    5.133897 ^ inputs[6] (in)
                                                         inputs[6] (net)
                      0.197778    0.000000    5.133897 ^ _078_/B (sky130_fd_sc_hd__xor2_2)
     2    0.016453    0.115593    0.243929    5.377826 v _078_/X (sky130_fd_sc_hd__xor2_2)
                                                         _044_ (net)
                      0.115593    0.000000    5.377826 v _079_/B (sky130_fd_sc_hd__xor2_2)
     1    0.033442    0.185018    0.400926    5.778753 v _079_/X (sky130_fd_sc_hd__xor2_2)
                                                         outputs[6] (net)
                      0.185018    0.000000    5.778753 v outputs[6] (out)
                                              5.778753   data arrival time

                      0.000000    0.000000    0.000000   clock clk (rise edge)
                                  0.000000    0.000000   clock network delay (ideal)
                                  0.250000    0.250000   clock uncertainty
                                  0.000000    0.250000   clock reconvergence pessimism
                                 -5.000000   -4.750000   output external delay
                                             -4.750000   data required time
---------------------------------------------------------------------------------------------
                                             -4.750000   data required time
                                             -5.778753   data arrival time
---------------------------------------------------------------------------------------------
                                             10.528753   slack (MET)


Startpoint: inputs[17] (input port clocked by clk)
Endpoint: outputs[17] (output port clocked by clk)
Path Group: clk
Path Type: min

Fanout         Cap        Slew       Delay        Time   Description
---------------------------------------------------------------------------------------------
                      0.000000    0.000000    0.000000   clock clk (rise edge)
                                  0.000000    0.000000   clock network delay (ideal)
                                  5.000000    5.000000 ^ input external delay
     1    0.009392    0.079236    0.049320    5.049320 ^ inputs[17] (in)
                                                         inputs[17] (net)
                      0.079236    0.000000    5.049320 ^ _081_/A (sky130_fd_sc_hd__xor2_2)
     4    0.033603    0.185604    0.315552    5.364872 v _081_/X (sky130_fd_sc_hd__xor2_2)
                                                         _045_ (net)
                      0.185604    0.000000    5.364872 v _108_/B (sky130_fd_sc_hd__xor2_2)
     1    0.033442    0.184930    0.429753    5.794625 v _108_/X (sky130_fd_sc_hd__xor2_2)
                                                         outputs[17] (net)
                      0.184930    0.000000    5.794625 v outputs[17] (out)
                                              5.794625   data arrival time

                      0.000000    0.000000    0.000000   clock clk (rise edge)
                                  0.000000    0.000000   clock network delay (ideal)
                                  0.250000    0.250000   clock uncertainty
                                  0.000000    0.250000   clock reconvergence pessimism
                                 -5.000000   -4.750000   output external delay
                                             -4.750000   data required time
---------------------------------------------------------------------------------------------
                                             -4.750000   data required time
                                             -5.794625   data arrival time
---------------------------------------------------------------------------------------------
                                             10.544625   slack (MET)


Startpoint: inputs[18] (input port clocked by clk)
Endpoint: outputs[18] (output port clocked by clk)
Path Group: clk
Path Type: min

Fanout         Cap        Slew       Delay        Time   Description
---------------------------------------------------------------------------------------------
                      0.000000    0.000000    0.000000   clock clk (rise edge)
                                  0.000000    0.000000   clock network delay (ideal)
                                  5.000000    5.000000 ^ input external delay
     1    0.009061    0.076958    0.047679    5.047679 ^ inputs[18] (in)
                                                         inputs[18] (net)
                      0.076958    0.000000    5.047679 ^ _061_/A (sky130_fd_sc_hd__xnor2_2)
     3    0.026614    0.230814    0.329504    5.377182 ^ _061_/Y (sky130_fd_sc_hd__xnor2_2)
                                                         _033_ (net)
                      0.230814    0.000000    5.377182 ^ _072_/B (sky130_fd_sc_hd__xnor2_2)
     2    0.041873    0.393710    0.420467    5.797649 v _072_/Y (sky130_fd_sc_hd__xnor2_2)
                                                         outputs[18] (net)
                      0.393710    0.000000    5.797649 v outputs[18] (out)
                                              5.797649   data arrival time

                      0.000000    0.000000    0.000000   clock clk (rise edge)
                                  0.000000    0.000000   clock network delay (ideal)
                                  0.250000    0.250000   clock uncertainty
                                  0.000000    0.250000   clock reconvergence pessimism
                                 -5.000000   -4.750000   output external delay
                                             -4.750000   data required time
---------------------------------------------------------------------------------------------
                                             -4.750000   data required time
                                             -5.797649   data arrival time
---------------------------------------------------------------------------------------------
                                             10.547649   slack (MET)


Startpoint: inputs[14] (input port clocked by clk)
Endpoint: outputs[14] (output port clocked by clk)
Path Group: clk
Path Type: min

Fanout         Cap        Slew       Delay        Time   Description
---------------------------------------------------------------------------------------------
                      0.000000    0.000000    0.000000   clock clk (rise edge)
                                  0.000000    0.000000   clock network delay (ideal)
                                  5.000000    5.000000 ^ input external delay
     2    0.017084    0.132188    0.087466    5.087467 ^ inputs[14] (in)
                                                         inputs[14] (net)
                      0.132188    0.000000    5.087467 ^ _075_/B (sky130_fd_sc_hd__xor2_2)
     1    0.008219    0.080217    0.164934    5.252400 v _075_/X (sky130_fd_sc_hd__xor2_2)
                                                         _042_ (net)
                      0.080217    0.000000    5.252400 v _076_/B (sky130_fd_sc_hd__xnor2_2)
     1    0.008542    0.099404    0.259289    5.511690 ^ _076_/Y (sky130_fd_sc_hd__xnor2_2)
                                                         _043_ (net)
                      0.099404    0.000000    5.511690 ^ _077_/B (sky130_fd_sc_hd__xor2_2)
     2    0.041873    0.219937    0.359294    5.870984 v _077_/X (sky130_fd_sc_hd__xor2_2)
                                                         outputs[14] (net)
                      0.219937    0.000000    5.870984 v outputs[14] (out)
                                              5.870984   data arrival time

                      0.000000    0.000000    0.000000   clock clk (rise edge)
                                  0.000000    0.000000   clock network delay (ideal)
                                  0.250000    0.250000   clock uncertainty
                                  0.000000    0.250000   clock reconvergence pessimism
                                 -5.000000   -4.750000   output external delay
                                             -4.750000   data required time
---------------------------------------------------------------------------------------------
                                             -4.750000   data required time
                                             -5.870984   data arrival time
---------------------------------------------------------------------------------------------
                                             10.620983   slack (MET)


Startpoint: inputs[28] (input port clocked by clk)
Endpoint: outputs[28] (output port clocked by clk)
Path Group: clk
Path Type: min

Fanout         Cap        Slew       Delay        Time   Description
---------------------------------------------------------------------------------------------
                      0.000000    0.000000    0.000000   clock clk (rise edge)
                                  0.000000    0.000000   clock network delay (ideal)
                                  5.000000    5.000000 ^ input external delay
     1    0.009392    0.079236    0.049320    5.049320 ^ inputs[28] (in)
                                                         inputs[28] (net)
                      0.079236    0.000000    5.049320 ^ _054_/A (sky130_fd_sc_hd__xor2_2)
     1    0.008219    0.080198    0.157692    5.207012 v _054_/X (sky130_fd_sc_hd__xor2_2)
                                                         _030_ (net)
                      0.080198    0.000000    5.207012 v _056_/B (sky130_fd_sc_hd__xnor2_2)
     1    0.008492    0.099610    0.258596    5.465608 ^ _056_/Y (sky130_fd_sc_hd__xnor2_2)
                                                         _031_ (net)
                      0.099610    0.000000    5.465608 ^ _057_/B (sky130_fd_sc_hd__xnor2_2)
     3    0.050592    0.468531    0.427792    5.893400 v _057_/Y (sky130_fd_sc_hd__xnor2_2)
                                                         outputs[28] (net)
                      0.468531    0.000000    5.893400 v outputs[28] (out)
                                              5.893400   data arrival time

                      0.000000    0.000000    0.000000   clock clk (rise edge)
                                  0.000000    0.000000   clock network delay (ideal)
                                  0.250000    0.250000   clock uncertainty
                                  0.000000    0.250000   clock reconvergence pessimism
                                 -5.000000   -4.750000   output external delay
                                             -4.750000   data required time
---------------------------------------------------------------------------------------------
                                             -4.750000   data required time
                                             -5.893400   data arrival time
---------------------------------------------------------------------------------------------
                                             10.643400   slack (MET)


Startpoint: inputs[11] (input port clocked by clk)
Endpoint: outputs[11] (output port clocked by clk)
Path Group: clk
Path Type: min

Fanout         Cap        Slew       Delay        Time   Description
---------------------------------------------------------------------------------------------
                      0.000000    0.000000    0.000000   clock clk (rise edge)
                                  0.000000    0.000000   clock network delay (ideal)
                                  5.000000    5.000000 ^ input external delay
     2    0.017034    0.131844    0.087219    5.087219 ^ inputs[11] (in)
                                                         inputs[11] (net)
                      0.131844    0.000000    5.087219 ^ _112_/B (sky130_fd_sc_hd__xor2_2)
     2    0.016650    0.116397    0.217816    5.305034 v _112_/X (sky130_fd_sc_hd__xor2_2)
                                                         _019_ (net)
                      0.116397    0.000000    5.305034 v _118_/B (sky130_fd_sc_hd__xnor2_2)
     1    0.008492    0.101710    0.273323    5.578357 ^ _118_/Y (sky130_fd_sc_hd__xnor2_2)
                                                         _023_ (net)
                      0.101710    0.000000    5.578357 ^ _119_/B (sky130_fd_sc_hd__xnor2_2)
     1    0.033442    0.321563    0.319445    5.897802 v _119_/Y (sky130_fd_sc_hd__xnor2_2)
                                                         outputs[11] (net)
                      0.321563    0.000000    5.897802 v outputs[11] (out)
                                              5.897802   data arrival time

                      0.000000    0.000000    0.000000   clock clk (rise edge)
                                  0.000000    0.000000   clock network delay (ideal)
                                  0.250000    0.250000   clock uncertainty
                                  0.000000    0.250000   clock reconvergence pessimism
                                 -5.000000   -4.750000   output external delay
                                             -4.750000   data required time
---------------------------------------------------------------------------------------------
                                             -4.750000   data required time
                                             -5.897802   data arrival time
---------------------------------------------------------------------------------------------
                                             10.647803   slack (MET)


Startpoint: inputs[7] (input port clocked by clk)
Endpoint: outputs[7] (output port clocked by clk)
Path Group: clk
Path Type: min

Fanout         Cap        Slew       Delay        Time   Description
---------------------------------------------------------------------------------------------
                      0.000000    0.000000    0.000000   clock clk (rise edge)
                                  0.000000    0.000000   clock network delay (ideal)
                                  5.000000    5.000000 ^ input external delay
     3    0.026476    0.197778    0.133897    5.133897 ^ inputs[7] (in)
                                                         inputs[7] (net)
                      0.197778    0.000000    5.133897 ^ _123_/B (sky130_fd_sc_hd__xor2_2)
     1    0.008219    0.080254    0.192376    5.326273 v _123_/X (sky130_fd_sc_hd__xor2_2)
                                                         _025_ (net)
                      0.080254    0.000000    5.326273 v _124_/B (sky130_fd_sc_hd__xnor2_2)
     1    0.008492    0.099609    0.258618    5.584892 ^ _124_/Y (sky130_fd_sc_hd__xnor2_2)
                                                         _026_ (net)
                      0.099609    0.000000    5.584892 ^ _125_/B (sky130_fd_sc_hd__xnor2_2)
     1    0.033442    0.321436    0.318675    5.903567 v _125_/Y (sky130_fd_sc_hd__xnor2_2)
                                                         outputs[7] (net)
                      0.321436    0.000000    5.903567 v outputs[7] (out)
                                              5.903567   data arrival time

                      0.000000    0.000000    0.000000   clock clk (rise edge)
                                  0.000000    0.000000   clock network delay (ideal)
                                  0.250000    0.250000   clock uncertainty
                                  0.000000    0.250000   clock reconvergence pessimism
                                 -5.000000   -4.750000   output external delay
                                             -4.750000   data required time
---------------------------------------------------------------------------------------------
                                             -4.750000   data required time
                                             -5.903567   data arrival time
---------------------------------------------------------------------------------------------
                                             10.653567   slack (MET)


Startpoint: inputs[26] (input port clocked by clk)
Endpoint: outputs[26] (output port clocked by clk)
Path Group: clk
Path Type: min

Fanout         Cap        Slew       Delay        Time   Description
---------------------------------------------------------------------------------------------
                      0.000000    0.000000    0.000000   clock clk (rise edge)
                                  0.000000    0.000000   clock network delay (ideal)
                                  5.000000    5.000000 ^ input external delay
     1    0.009061    0.076958    0.047679    5.047679 ^ inputs[26] (in)
                                                         inputs[26] (net)
                      0.076958    0.000000    5.047679 ^ _062_/A (sky130_fd_sc_hd__xnor2_2)
     1    0.008492    0.098878    0.230660    5.278339 ^ _062_/Y (sky130_fd_sc_hd__xnor2_2)
                                                         _034_ (net)
                      0.098878    0.000000    5.278339 ^ _063_/B (sky130_fd_sc_hd__xnor2_2)
     2    0.017553    0.164685    0.277041    5.555379 ^ _063_/Y (sky130_fd_sc_hd__xnor2_2)
                                                         _035_ (net)
                      0.164685    0.000000    5.555379 ^ _069_/B (sky130_fd_sc_hd__xnor2_2)
     2    0.041873    0.393643    0.396249    5.951628 v _069_/Y (sky130_fd_sc_hd__xnor2_2)
                                                         outputs[26] (net)
                      0.393643    0.000000    5.951628 v outputs[26] (out)
                                              5.951628   data arrival time

                      0.000000    0.000000    0.000000   clock clk (rise edge)
                                  0.000000    0.000000   clock network delay (ideal)
                                  0.250000    0.250000   clock uncertainty
                                  0.000000    0.250000   clock reconvergence pessimism
                                 -5.000000   -4.750000   output external delay
                                             -4.750000   data required time
---------------------------------------------------------------------------------------------
                                             -4.750000   data required time
                                             -5.951628   data arrival time
---------------------------------------------------------------------------------------------
                                             10.701629   slack (MET)


Startpoint: inputs[25] (input port clocked by clk)
Endpoint: outputs[25] (output port clocked by clk)
Path Group: clk
Path Type: min

Fanout         Cap        Slew       Delay        Time   Description
---------------------------------------------------------------------------------------------
                      0.000000    0.000000    0.000000   clock clk (rise edge)
                                  0.000000    0.000000   clock network delay (ideal)
                                  5.000000    5.000000 ^ input external delay
     1    0.009061    0.076958    0.047679    5.047679 ^ inputs[25] (in)
                                                         inputs[25] (net)
                      0.076958    0.000000    5.047679 ^ _084_/A (sky130_fd_sc_hd__xnor2_2)
     2    0.017553    0.164484    0.281004    5.328682 ^ _084_/Y (sky130_fd_sc_hd__xnor2_2)
                                                         _048_ (net)
                      0.164484    0.000000    5.328682 ^ _098_/B (sky130_fd_sc_hd__xnor2_2)
     2    0.017084    0.161366    0.301121    5.629804 ^ _098_/Y (sky130_fd_sc_hd__xnor2_2)
                                                         _011_ (net)
                      0.161366    0.000000    5.629804 ^ _101_/B (sky130_fd_sc_hd__xor2_2)
     1    0.033442    0.184981    0.333379    5.963182 v _101_/X (sky130_fd_sc_hd__xor2_2)
                                                         outputs[25] (net)
                      0.184981    0.000000    5.963182 v outputs[25] (out)
                                              5.963182   data arrival time

                      0.000000    0.000000    0.000000   clock clk (rise edge)
                                  0.000000    0.000000   clock network delay (ideal)
                                  0.250000    0.250000   clock uncertainty
                                  0.000000    0.250000   clock reconvergence pessimism
                                 -5.000000   -4.750000   output external delay
                                             -4.750000   data required time
---------------------------------------------------------------------------------------------
                                             -4.750000   data required time
                                             -5.963182   data arrival time
---------------------------------------------------------------------------------------------
                                             10.713181   slack (MET)


Startpoint: inputs[13] (input port clocked by clk)
Endpoint: outputs[13] (output port clocked by clk)
Path Group: clk
Path Type: min

Fanout         Cap        Slew       Delay        Time   Description
---------------------------------------------------------------------------------------------
                      0.000000    0.000000    0.000000   clock clk (rise edge)
                                  0.000000    0.000000   clock network delay (ideal)
                                  5.000000    5.000000 v input external delay
     2    0.016044    0.073025    0.049531    5.049531 v inputs[13] (in)
                                                         inputs[13] (net)
                      0.073025    0.000000    5.049531 v _110_/B (sky130_fd_sc_hd__xor2_2)
     1    0.008492    0.209832    0.255339    5.304870 ^ _110_/X (sky130_fd_sc_hd__xor2_2)
                                                         _017_ (net)
                      0.209832    0.000000    5.304870 ^ _111_/B (sky130_fd_sc_hd__xnor2_2)
     2    0.017553    0.164821    0.322019    5.626889 ^ _111_/Y (sky130_fd_sc_hd__xnor2_2)
                                                         _018_ (net)
                      0.164821    0.000000    5.626889 ^ _117_/B (sky130_fd_sc_hd__xnor2_2)
     1    0.033442    0.321436    0.342593    5.969482 v _117_/Y (sky130_fd_sc_hd__xnor2_2)
                                                         outputs[13] (net)
                      0.321436    0.000000    5.969482 v outputs[13] (out)
                                              5.969482   data arrival time

                      0.000000    0.000000    0.000000   clock clk (rise edge)
                                  0.000000    0.000000   clock network delay (ideal)
                                  0.250000    0.250000   clock uncertainty
                                  0.000000    0.250000   clock reconvergence pessimism
                                 -5.000000   -4.750000   output external delay
                                             -4.750000   data required time
---------------------------------------------------------------------------------------------
                                             -4.750000   data required time
                                             -5.969482   data arrival time
---------------------------------------------------------------------------------------------
                                             10.719482   slack (MET)


Startpoint: inputs[21] (input port clocked by clk)
Endpoint: outputs[21] (output port clocked by clk)
Path Group: clk
Path Type: min

Fanout         Cap        Slew       Delay        Time   Description
---------------------------------------------------------------------------------------------
                      0.000000    0.000000    0.000000   clock clk (rise edge)
                                  0.000000    0.000000   clock network delay (ideal)
                                  5.000000    5.000000 ^ input external delay
     1    0.009392    0.079236    0.049320    5.049320 ^ inputs[21] (in)
                                                         inputs[21] (net)
                      0.079236    0.000000    5.049320 ^ _082_/A (sky130_fd_sc_hd__xor2_2)
     1    0.008219    0.080198    0.157692    5.207012 v _082_/X (sky130_fd_sc_hd__xor2_2)
                                                         _046_ (net)
                      0.080198    0.000000    5.207012 v _083_/B (sky130_fd_sc_hd__xnor2_2)
     2    0.017553    0.164822    0.381146    5.588158 ^ _083_/Y (sky130_fd_sc_hd__xnor2_2)
                                                         _047_ (net)
                      0.164822    0.000000    5.588158 ^ _102_/B (sky130_fd_sc_hd__xnor2_2)
     2    0.041873    0.393838    0.396299    5.984457 v _102_/Y (sky130_fd_sc_hd__xnor2_2)
                                                         outputs[21] (net)
                      0.393838    0.000000    5.984457 v outputs[21] (out)
                                              5.984457   data arrival time

                      0.000000    0.000000    0.000000   clock clk (rise edge)
                                  0.000000    0.000000   clock network delay (ideal)
                                  0.250000    0.250000   clock uncertainty
                                  0.000000    0.250000   clock reconvergence pessimism
                                 -5.000000   -4.750000   output external delay
                                             -4.750000   data required time
---------------------------------------------------------------------------------------------
                                             -4.750000   data required time
                                             -5.984457   data arrival time
---------------------------------------------------------------------------------------------
                                             10.734457   slack (MET)


Startpoint: inputs[22] (input port clocked by clk)
Endpoint: outputs[22] (output port clocked by clk)
Path Group: clk
Path Type: min

Fanout         Cap        Slew       Delay        Time   Description
---------------------------------------------------------------------------------------------
                      0.000000    0.000000    0.000000   clock clk (rise edge)
                                  0.000000    0.000000   clock network delay (ideal)
                                  5.000000    5.000000 ^ input external delay
     1    0.009392    0.079236    0.049320    5.049320 ^ inputs[22] (in)
                                                         inputs[22] (net)
                      0.079236    0.000000    5.049320 ^ _064_/A (sky130_fd_sc_hd__xor2_2)
     2    0.016650    0.116391    0.210910    5.260230 v _064_/X (sky130_fd_sc_hd__xor2_2)
                                                         _036_ (net)
                      0.116391    0.000000    5.260230 v _070_/B (sky130_fd_sc_hd__xnor2_2)
     2    0.017603    0.165050    0.396454    5.656684 ^ _070_/Y (sky130_fd_sc_hd__xnor2_2)
                                                         _040_ (net)
                      0.165050    0.000000    5.656684 ^ _071_/B (sky130_fd_sc_hd__xor2_2)
     1    0.033442    0.184964    0.334879    5.991563 v _071_/X (sky130_fd_sc_hd__xor2_2)
                                                         outputs[22] (net)
                      0.184964    0.000000    5.991563 v outputs[22] (out)
                                              5.991563   data arrival time

                      0.000000    0.000000    0.000000   clock clk (rise edge)
                                  0.000000    0.000000   clock network delay (ideal)
                                  0.250000    0.250000   clock uncertainty
                                  0.000000    0.250000   clock reconvergence pessimism
                                 -5.000000   -4.750000   output external delay
                                             -4.750000   data required time
---------------------------------------------------------------------------------------------
                                             -4.750000   data required time
                                             -5.991563   data arrival time
---------------------------------------------------------------------------------------------
                                             10.741564   slack (MET)


Startpoint: inputs[19] (input port clocked by clk)
Endpoint: outputs[19] (output port clocked by clk)
Path Group: clk
Path Type: min

Fanout         Cap        Slew       Delay        Time   Description
---------------------------------------------------------------------------------------------
                      0.000000    0.000000    0.000000   clock clk (rise edge)
                                  0.000000    0.000000   clock network delay (ideal)
                                  5.000000    5.000000 ^ input external delay
     1    0.009061    0.076958    0.047679    5.047679 ^ inputs[19] (in)
                                                         inputs[19] (net)
                      0.076958    0.000000    5.047679 ^ _088_/A (sky130_fd_sc_hd__xnor2_2)
     3    0.026664    0.231180    0.329771    5.377450 ^ _088_/Y (sky130_fd_sc_hd__xnor2_2)
                                                         _003_ (net)
                      0.231180    0.000000    5.377450 ^ _106_/B (sky130_fd_sc_hd__xor2_2)
     1    0.008219    0.080290    0.205797    5.583247 v _106_/X (sky130_fd_sc_hd__xor2_2)
                                                         _015_ (net)
                      0.080290    0.000000    5.583247 v _107_/B (sky130_fd_sc_hd__xnor2_2)
     1    0.033442    0.321436    0.422854    6.006101 v _107_/Y (sky130_fd_sc_hd__xnor2_2)
                                                         outputs[19] (net)
                      0.321436    0.000000    6.006101 v outputs[19] (out)
                                              6.006101   data arrival time

                      0.000000    0.000000    0.000000   clock clk (rise edge)
                                  0.000000    0.000000   clock network delay (ideal)
                                  0.250000    0.250000   clock uncertainty
                                  0.000000    0.250000   clock reconvergence pessimism
                                 -5.000000   -4.750000   output external delay
                                             -4.750000   data required time
---------------------------------------------------------------------------------------------
                                             -4.750000   data required time
                                             -6.006101   data arrival time
---------------------------------------------------------------------------------------------
                                             10.756102   slack (MET)


Startpoint: inputs[15] (input port clocked by clk)
Endpoint: outputs[15] (output port clocked by clk)
Path Group: clk
Path Type: min

Fanout         Cap        Slew       Delay        Time   Description
---------------------------------------------------------------------------------------------
                      0.000000    0.000000    0.000000   clock clk (rise edge)
                                  0.000000    0.000000   clock network delay (ideal)
                                  5.000000    5.000000 ^ input external delay
     2    0.017034    0.131844    0.087219    5.087219 ^ inputs[15] (in)
                                                         inputs[15] (net)
                      0.131844    0.000000    5.087219 ^ _113_/B (sky130_fd_sc_hd__xor2_2)
     1    0.008219    0.080217    0.164790    5.252009 v _113_/X (sky130_fd_sc_hd__xor2_2)
                                                         _020_ (net)
                      0.080217    0.000000    5.252009 v _114_/B (sky130_fd_sc_hd__xnor2_2)
     1    0.008492    0.099609    0.258603    5.510612 ^ _114_/Y (sky130_fd_sc_hd__xnor2_2)
                                                         _021_ (net)
                      0.099609    0.000000    5.510612 ^ _115_/B (sky130_fd_sc_hd__xnor2_2)
     1    0.008492    0.099051    0.227205    5.737817 ^ _115_/Y (sky130_fd_sc_hd__xnor2_2)
                                                         _022_ (net)
                      0.099051    0.000000    5.737817 ^ _116_/B (sky130_fd_sc_hd__xnor2_2)
     1    0.033442    0.321138    0.318471    6.056288 v _116_/Y (sky130_fd_sc_hd__xnor2_2)
                                                         outputs[15] (net)
                      0.321138    0.000000    6.056288 v outputs[15] (out)
                                              6.056288   data arrival time

                      0.000000    0.000000    0.000000   clock clk (rise edge)
                                  0.000000    0.000000   clock network delay (ideal)
                                  0.250000    0.250000   clock uncertainty
                                  0.000000    0.250000   clock reconvergence pessimism
                                 -5.000000   -4.750000   output external delay
                                             -4.750000   data required time
---------------------------------------------------------------------------------------------
                                             -4.750000   data required time
                                             -6.056288   data arrival time
---------------------------------------------------------------------------------------------
                                             10.806288   slack (MET)


Startpoint: inputs[30] (input port clocked by clk)
Endpoint: outputs[30] (output port clocked by clk)
Path Group: clk
Path Type: min

Fanout         Cap        Slew       Delay        Time   Description
---------------------------------------------------------------------------------------------
                      0.000000    0.000000    0.000000   clock clk (rise edge)
                                  0.000000    0.000000   clock network delay (ideal)
                                  5.000000    5.000000 ^ input external delay
     1    0.009392    0.079236    0.049320    5.049320 ^ inputs[30] (in)
                                                         inputs[30] (net)
                      0.079236    0.000000    5.049320 ^ _065_/A (sky130_fd_sc_hd__xor2_2)
     1    0.008219    0.080198    0.157692    5.207012 v _065_/X (sky130_fd_sc_hd__xor2_2)
                                                         _037_ (net)
                      0.080198    0.000000    5.207012 v _066_/B (sky130_fd_sc_hd__xnor2_2)
     1    0.008492    0.099610    0.258596    5.465608 ^ _066_/Y (sky130_fd_sc_hd__xnor2_2)
                                                         _038_ (net)
                      0.099610    0.000000    5.465608 ^ _067_/B (sky130_fd_sc_hd__xnor2_2)
     1    0.008492    0.099051    0.227206    5.692813 ^ _067_/Y (sky130_fd_sc_hd__xnor2_2)
                                                         _039_ (net)
                      0.099051    0.000000    5.692813 ^ _068_/B (sky130_fd_sc_hd__xnor2_2)
     2    0.041873    0.393846    0.372112    6.064926 v _068_/Y (sky130_fd_sc_hd__xnor2_2)
                                                         outputs[30] (net)
                      0.393846    0.000000    6.064926 v outputs[30] (out)
                                              6.064926   data arrival time

                      0.000000    0.000000    0.000000   clock clk (rise edge)
                                  0.000000    0.000000   clock network delay (ideal)
                                  0.250000    0.250000   clock uncertainty
                                  0.000000    0.250000   clock reconvergence pessimism
                                 -5.000000   -4.750000   output external delay
                                             -4.750000   data required time
---------------------------------------------------------------------------------------------
                                             -4.750000   data required time
                                             -6.064926   data arrival time
---------------------------------------------------------------------------------------------
                                             10.814926   slack (MET)


Startpoint: inputs[29] (input port clocked by clk)
Endpoint: outputs[29] (output port clocked by clk)
Path Group: clk
Path Type: min

Fanout         Cap        Slew       Delay        Time   Description
---------------------------------------------------------------------------------------------
                      0.000000    0.000000    0.000000   clock clk (rise edge)
                                  0.000000    0.000000   clock network delay (ideal)
                                  5.000000    5.000000 ^ input external delay
     1    0.009392    0.079236    0.049320    5.049320 ^ inputs[29] (in)
                                                         inputs[29] (net)
                      0.079236    0.000000    5.049320 ^ _085_/A (sky130_fd_sc_hd__xor2_2)
     1    0.008219    0.080198    0.157692    5.207012 v _085_/X (sky130_fd_sc_hd__xor2_2)
                                                         _000_ (net)
                      0.080198    0.000000    5.207012 v _086_/B (sky130_fd_sc_hd__xnor2_2)
     1    0.008492    0.099051    0.258596    5.465608 ^ _086_/Y (sky130_fd_sc_hd__xnor2_2)
                                                         _001_ (net)
                      0.099051    0.000000    5.465608 ^ _087_/B (sky130_fd_sc_hd__xnor2_2)
     2    0.017603    0.164925    0.277378    5.742985 ^ _087_/Y (sky130_fd_sc_hd__xnor2_2)
                                                         _002_ (net)
                      0.164925    0.000000    5.742985 ^ _097_/B (sky130_fd_sc_hd__xor2_2)
     1    0.033442    0.184968    0.334829    6.077814 v _097_/X (sky130_fd_sc_hd__xor2_2)
                                                         outputs[29] (net)
                      0.184968    0.000000    6.077814 v outputs[29] (out)
                                              6.077814   data arrival time

                      0.000000    0.000000    0.000000   clock clk (rise edge)
                                  0.000000    0.000000   clock network delay (ideal)
                                  0.250000    0.250000   clock uncertainty
                                  0.000000    0.250000   clock reconvergence pessimism
                                 -5.000000   -4.750000   output external delay
                                             -4.750000   data required time
---------------------------------------------------------------------------------------------
                                             -4.750000   data required time
                                             -6.077814   data arrival time
---------------------------------------------------------------------------------------------
                                             10.827813   slack (MET)


Startpoint: inputs[23] (input port clocked by clk)
Endpoint: outputs[23] (output port clocked by clk)
Path Group: clk
Path Type: min

Fanout         Cap        Slew       Delay        Time   Description
---------------------------------------------------------------------------------------------
                      0.000000    0.000000    0.000000   clock clk (rise edge)
                                  0.000000    0.000000   clock network delay (ideal)
                                  5.000000    5.000000 ^ input external delay
     1    0.009392    0.079236    0.049320    5.049320 ^ inputs[23] (in)
                                                         inputs[23] (net)
                      0.079236    0.000000    5.049320 ^ _091_/A (sky130_fd_sc_hd__xor2_2)
     2    0.016650    0.116391    0.210910    5.260230 v _091_/X (sky130_fd_sc_hd__xor2_2)
                                                         _006_ (net)
                      0.116391    0.000000    5.260230 v _103_/B (sky130_fd_sc_hd__xnor2_2)
     1    0.008492    0.099275    0.273320    5.533551 ^ _103_/Y (sky130_fd_sc_hd__xnor2_2)
                                                         _013_ (net)
                      0.099275    0.000000    5.533551 ^ _104_/B (sky130_fd_sc_hd__xnor2_2)
     1    0.008492    0.099052    0.227071    5.760622 ^ _104_/Y (sky130_fd_sc_hd__xnor2_2)
                                                         _014_ (net)
                      0.099052    0.000000    5.760622 ^ _105_/B (sky130_fd_sc_hd__xnor2_2)
     1    0.033442    0.321436    0.318471    6.079093 v _105_/Y (sky130_fd_sc_hd__xnor2_2)
                                                         outputs[23] (net)
                      0.321436    0.000000    6.079093 v outputs[23] (out)
                                              6.079093   data arrival time

                      0.000000    0.000000    0.000000   clock clk (rise edge)
                                  0.000000    0.000000   clock network delay (ideal)
                                  0.250000    0.250000   clock uncertainty
                                  0.000000    0.250000   clock reconvergence pessimism
                                 -5.000000   -4.750000   output external delay
                                             -4.750000   data required time
---------------------------------------------------------------------------------------------
                                             -4.750000   data required time
                                             -6.079093   data arrival time
---------------------------------------------------------------------------------------------
                                             10.829093   slack (MET)


Startpoint: inputs[27] (input port clocked by clk)
Endpoint: outputs[27] (output port clocked by clk)
Path Group: clk
Path Type: min

Fanout         Cap        Slew       Delay        Time   Description
---------------------------------------------------------------------------------------------
                      0.000000    0.000000    0.000000   clock clk (rise edge)
                                  0.000000    0.000000   clock network delay (ideal)
                                  5.000000    5.000000 ^ input external delay
     1    0.009061    0.076958    0.047679    5.047679 ^ inputs[27] (in)
                                                         inputs[27] (net)
                      0.076958    0.000000    5.047679 ^ _089_/A (sky130_fd_sc_hd__xnor2_2)
     1    0.008492    0.098878    0.230660    5.278339 ^ _089_/Y (sky130_fd_sc_hd__xnor2_2)
                                                         _004_ (net)
                      0.098878    0.000000    5.278339 ^ _090_/B (sky130_fd_sc_hd__xnor2_2)
     2    0.018453    0.171260    0.281848    5.560187 ^ _090_/Y (sky130_fd_sc_hd__xnor2_2)
                                                         _005_ (net)
                      0.171260    0.000000    5.560187 ^ _099_/A (sky130_fd_sc_hd__xor2_2)
     1    0.008219    0.080288    0.192924    5.753111 v _099_/X (sky130_fd_sc_hd__xor2_2)
                                                         _012_ (net)
                      0.080288    0.000000    5.753111 v _100_/B (sky130_fd_sc_hd__xnor2_2)
     1    0.033442    0.321436    0.422852    6.175963 v _100_/Y (sky130_fd_sc_hd__xnor2_2)
                                                         outputs[27] (net)
                      0.321436    0.000000    6.175963 v outputs[27] (out)
                                              6.175963   data arrival time

                      0.000000    0.000000    0.000000   clock clk (rise edge)
                                  0.000000    0.000000   clock network delay (ideal)
                                  0.250000    0.250000   clock uncertainty
                                  0.000000    0.250000   clock reconvergence pessimism
                                 -5.000000   -4.750000   output external delay
                                             -4.750000   data required time
---------------------------------------------------------------------------------------------
                                             -4.750000   data required time
                                             -6.175963   data arrival time
---------------------------------------------------------------------------------------------
                                             10.925963   slack (MET)


Startpoint: inputs[31] (input port clocked by clk)
Endpoint: outputs[31] (output port clocked by clk)
Path Group: clk
Path Type: min

Fanout         Cap        Slew       Delay        Time   Description
---------------------------------------------------------------------------------------------
                      0.000000    0.000000    0.000000   clock clk (rise edge)
                                  0.000000    0.000000   clock network delay (ideal)
                                  5.000000    5.000000 ^ input external delay
     1    0.009061    0.076958    0.047679    5.047679 ^ inputs[31] (in)
                                                         inputs[31] (net)
                      0.076958    0.000000    5.047679 ^ _092_/A (sky130_fd_sc_hd__xnor2_2)
     1    0.008219    0.107822    0.165757    5.213436 v _092_/Y (sky130_fd_sc_hd__xnor2_2)
                                                         _007_ (net)
                      0.107822    0.000000    5.213436 v _093_/B (sky130_fd_sc_hd__xnor2_2)
     1    0.008492    0.099135    0.269834    5.483271 ^ _093_/Y (sky130_fd_sc_hd__xnor2_2)
                                                         _008_ (net)
                      0.099135    0.000000    5.483271 ^ _094_/B (sky130_fd_sc_hd__xnor2_2)
     1    0.008219    0.106904    0.153942    5.637213 v _094_/Y (sky130_fd_sc_hd__xnor2_2)
                                                         _009_ (net)
                      0.106904    0.000000    5.637213 v _095_/B (sky130_fd_sc_hd__xnor2_2)
     1    0.008492    0.099052    0.269460    5.906673 ^ _095_/Y (sky130_fd_sc_hd__xnor2_2)
                                                         _010_ (net)
                      0.099052    0.000000    5.906673 ^ _096_/B (sky130_fd_sc_hd__xnor2_2)
     1    0.033442    0.321436    0.318471    6.225144 v _096_/Y (sky130_fd_sc_hd__xnor2_2)
                                                         outputs[31] (net)
                      0.321436    0.000000    6.225144 v outputs[31] (out)
                                              6.225144   data arrival time

                      0.000000    0.000000    0.000000   clock clk (rise edge)
                                  0.000000    0.000000   clock network delay (ideal)
                                  0.250000    0.250000   clock uncertainty
                                  0.000000    0.250000   clock reconvergence pessimism
                                 -5.000000   -4.750000   output external delay
                                             -4.750000   data required time
---------------------------------------------------------------------------------------------
                                             -4.750000   data required time
                                             -6.225144   data arrival time
---------------------------------------------------------------------------------------------
                                             10.975143   slack (MET)



