9. Printing statistics.

=== expmob2 ===

   Number of wires:                541
   Number of wire bits:           1006
   Number of public wires:          14
   Number of public wire bits:     386
   Number of ports:                  3
   Number of port bits:             65
   Number of memories:               0
   Number of memory bits:            0
   Number of processes:              0
   Number of cells:                336
     $scopeinfo                      3
     and21nor_x0                    15
     and2_x1                        42
     and3_x1                        48
     and4_x1                        14
     dff_x1                         65
     inv_x0                         29
     mux2_x1                         2
     nand2_x0                       16
     nand3_x0                       20
     nand4_x0                        6
     nexor2_x0                      29
     nor2_x0                         6
     nor4_x0                         7
     or21nand_x0                     2
     or3_x1                         15
     xor2_x0                        17

Removed 0 unused cells and 275 unused wires.

