9. Printing statistics.

=== expmob2 ===

   Number of wires:               1250
   Number of wire bits:           2867
   Number of public wires:          14
   Number of public wire bits:    1442
   Number of ports:                  3
   Number of port bits:            257
   Number of memories:               0
   Number of memory bits:            0
   Number of processes:              0
   Number of cells:                858
     $scopeinfo                      3
     and21nor_x0                     5
     and2_x1                       138
     and3_x1                       254
     and4_x1                        16
     dff_x1                        161
     inv_x0                         28
     mux2_x1                         1
     nand2_x0                        5
     nand3_x0                       20
     nand4_x0                        4
     nexor2_x0                      28
     nor2_x0                         1
     nor4_x0                         7
     or21nand_x0                     1
     or3_x1                        122
     xor2_x0                        64

Removed 0 unused cells and 606 unused wires.

