
===========================================================================
report_checks -unconstrained
===========================================================================
======================= nom_ff_n40C_1v95 Corner ===================================

Startpoint: inputs[0] (input port clocked by clk)
Endpoint: outputs[7] (output port clocked by clk)
Path Group: clk
Path Type: max

Fanout         Cap        Slew       Delay        Time   Description
---------------------------------------------------------------------------------------------
                      0.000000    0.000000    0.000000   clock clk (rise edge)
                                  0.000000    0.000000   clock network delay (ideal)
                                  5.000000    5.000000 ^ input external delay
     4    0.028985    0.103029    0.069595    5.069595 ^ inputs[0] (in)
                                                         inputs[0] (net)
                      0.103029    0.000000    5.069595 ^ _05_/B (sky130_fd_sc_hd__xor2_2)
     3    0.051768    0.471247    0.365426    5.435022 ^ _05_/X (sky130_fd_sc_hd__xor2_2)
                                                         outputs[4] (net)
                      0.471247    0.000000    5.435022 ^ _10_/A (sky130_fd_sc_hd__xnor2_2)
     2    0.041713    0.177614    0.164465    5.599487 v _10_/Y (sky130_fd_sc_hd__xnor2_2)
                                                         outputs[5] (net)
                      0.177614    0.000000    5.599487 v _13_/A (sky130_fd_sc_hd__xnor2_2)
     1    0.033442    0.340853    0.331751    5.931238 ^ _13_/Y (sky130_fd_sc_hd__xnor2_2)
                                                         outputs[7] (net)
                      0.340853    0.000000    5.931238 ^ outputs[7] (out)
                                              5.931238   data arrival time

                      0.000000   25.000000   25.000000   clock clk (rise edge)
                                  0.000000   25.000000   clock network delay (ideal)
                                 -0.250000   24.750000   clock uncertainty
                                  0.000000   24.750000   clock reconvergence pessimism
                                 -5.000000   19.750000   output external delay
                                             19.750000   data required time
---------------------------------------------------------------------------------------------
                                             19.750000   data required time
                                             -5.931238   data arrival time
---------------------------------------------------------------------------------------------
                                             13.818762   slack (MET)




===========================================================================
report_checks --slack_max -0.01
============================================================================
======================= nom_ff_n40C_1v95 Corner ===================================

No paths found.


===========================================================================
 report_check_types -max_slew -max_cap -max_fanout -violators
============================================================================
======================= nom_ff_n40C_1v95 Corner ===================================



===========================================================================
report_parasitic_annotation -report_unannotated
============================================================================
Found 21 unannotated drivers.
 inputs[0]
 inputs[1]
 inputs[2]
 inputs[3]
 inputs[4]
 inputs[5]
 inputs[6]
 inputs[7]
 _05_/X
 _06_/X
 _07_/X
 _08_/X
 _09_/Y
 _10_/Y
 _11_/X
 _12_/Y
 _13_/Y
 _14_/Y
 _15_/Y
 _16_/X
 _17_/X
Found 0 partially unannotated drivers.

===========================================================================
max slew violation count 0
max fanout violation count 0
max cap violation count 0
============================================================================

===========================================================================
check_setup -verbose -unconstrained_endpoints -multiple_clock -no_clock -no_input_delay -loops -generated_clocks
===========================================================================
