Reading timing models for corner nom_ff_n40C_1v95…
Reading cell library for the 'nom_ff_n40C_1v95' corner at '/home/ahmed/asic/pdk/volare/sky130/versions/0fe599b2afb6708d281543108caf8310912f54af/sky130A/libs.ref/sky130_fd_sc_hd/lib/sky130_fd_sc_hd__ff_n40C_1v95.lib'…
Reading top-level netlist at '/home/ahmed/circuits/openlane/expmob1_n3/runs/RUN_2025-04-17_16-58-00/06-yosys-synthesis/expmob1.nl.v'…
Linking design 'expmob1' from netlist…
Reading design constraints file at '/nix/store/ss2cw3sxbrwwx9jl0rrppbw4kgcmgi2n-python3-3.11.9-env/lib/python3.11/site-packages/openlane/scripts/base.sdc'…
Warning: base.sdc line 15, port 'clk' not found.
[INFO] Using clock clk…
[INFO] Setting output delay to: 5
[INFO] Setting input delay to: 5
Warning: base.sdc line 32, port 'clk' not found.
[INFO] Setting load to: 0.033442
[INFO] Setting clock uncertainty to: 0.25
[INFO] Setting clock transition to: 0.1499999999999999944488848768742172978818416595458984375
Warning: base.sdc line 69, transition time can not be specified for virtual clocks.
[INFO] Setting timing derate to: 5%
%OL_CREATE_REPORT min.rpt

===========================================================================
report_checks -path_delay min (Hold)
============================================================================
======================= nom_ff_n40C_1v95 Corner ===================================

Startpoint: inputs[4] (input port clocked by clk)
Endpoint: outputs[4] (output port clocked by clk)
Path Group: clk
Path Type: min

Fanout         Cap        Slew       Delay        Time   Description
---------------------------------------------------------------------------------------------
                      0.000000    0.000000    0.000000   clock clk (rise edge)
                                  0.000000    0.000000   clock network delay (ideal)
                                  5.000000    5.000000 ^ input external delay
     1    0.009349    0.037246    0.023454    5.023454 ^ inputs[4] (in)
                                                         inputs[4] (net)
                      0.037246    0.000000    5.023454 ^ _05_/A (sky130_fd_sc_hd__xor2_2)
     3    0.050275    0.097179    0.125826    5.149280 v _05_/X (sky130_fd_sc_hd__xor2_2)
                                                         outputs[4] (net)
                      0.097179    0.000000    5.149280 v outputs[4] (out)
                                              5.149280   data arrival time

                      0.000000    0.000000    0.000000   clock clk (rise edge)
                                  0.000000    0.000000   clock network delay (ideal)
                                  0.250000    0.250000   clock uncertainty
                                  0.000000    0.250000   clock reconvergence pessimism
                                 -5.000000   -4.750000   output external delay
                                             -4.750000   data required time
---------------------------------------------------------------------------------------------
                                             -4.750000   data required time
                                             -5.149280   data arrival time
---------------------------------------------------------------------------------------------
                                              9.899280   slack (MET)


Startpoint: inputs[0] (input port clocked by clk)
Endpoint: outputs[0] (output port clocked by clk)
Path Group: clk
Path Type: min

Fanout         Cap        Slew       Delay        Time   Description
---------------------------------------------------------------------------------------------
                      0.000000    0.000000    0.000000   clock clk (rise edge)
                                  0.000000    0.000000   clock network delay (ideal)
                                  5.000000    5.000000 v input external delay
     4    0.026559    0.041882    0.028246    5.028246 v inputs[0] (in)
                                                         inputs[0] (net)
                      0.041882    0.000000    5.028246 v _17_/A (sky130_fd_sc_hd__buf_2)
     1    0.033442    0.061557    0.121422    5.149668 v _17_/X (sky130_fd_sc_hd__buf_2)
                                                         outputs[0] (net)
                      0.061557    0.000000    5.149668 v outputs[0] (out)
                                              5.149668   data arrival time

                      0.000000    0.000000    0.000000   clock clk (rise edge)
                                  0.000000    0.000000   clock network delay (ideal)
                                  0.250000    0.250000   clock uncertainty
                                  0.000000    0.250000   clock reconvergence pessimism
                                 -5.000000   -4.750000   output external delay
                                             -4.750000   data required time
---------------------------------------------------------------------------------------------
                                             -4.750000   data required time
                                             -5.149668   data arrival time
---------------------------------------------------------------------------------------------
                                              9.899669   slack (MET)


Startpoint: inputs[2] (input port clocked by clk)
Endpoint: outputs[2] (output port clocked by clk)
Path Group: clk
Path Type: min

Fanout         Cap        Slew       Delay        Time   Description
---------------------------------------------------------------------------------------------
                      0.000000    0.000000    0.000000   clock clk (rise edge)
                                  0.000000    0.000000   clock network delay (ideal)
                                  5.000000    5.000000 ^ input external delay
     2    0.016818    0.062489    0.041333    5.041333 ^ inputs[2] (in)
                                                         inputs[2] (net)
                      0.062489    0.000000    5.041333 ^ _08_/B (sky130_fd_sc_hd__xor2_2)
     2    0.041713    0.084350    0.110957    5.152291 v _08_/X (sky130_fd_sc_hd__xor2_2)
                                                         outputs[2] (net)
                      0.084350    0.000000    5.152291 v outputs[2] (out)
                                              5.152291   data arrival time

                      0.000000    0.000000    0.000000   clock clk (rise edge)
                                  0.000000    0.000000   clock network delay (ideal)
                                  0.250000    0.250000   clock uncertainty
                                  0.000000    0.250000   clock reconvergence pessimism
                                 -5.000000   -4.750000   output external delay
                                             -4.750000   data required time
---------------------------------------------------------------------------------------------
                                             -4.750000   data required time
                                             -5.152291   data arrival time
---------------------------------------------------------------------------------------------
                                              9.902291   slack (MET)


Startpoint: inputs[1] (input port clocked by clk)
Endpoint: outputs[1] (output port clocked by clk)
Path Group: clk
Path Type: min

Fanout         Cap        Slew       Delay        Time   Description
---------------------------------------------------------------------------------------------
                      0.000000    0.000000    0.000000   clock clk (rise edge)
                                  0.000000    0.000000   clock network delay (ideal)
                                  5.000000    5.000000 v input external delay
     3    0.023989    0.038034    0.025401    5.025401 v inputs[1] (in)
                                                         inputs[1] (net)
                      0.038034    0.000000    5.025401 v _16_/B (sky130_fd_sc_hd__xor2_2)
     1    0.033442    0.071954    0.138494    5.163895 v _16_/X (sky130_fd_sc_hd__xor2_2)
                                                         outputs[1] (net)
                      0.071954    0.000000    5.163895 v outputs[1] (out)
                                              5.163895   data arrival time

                      0.000000    0.000000    0.000000   clock clk (rise edge)
                                  0.000000    0.000000   clock network delay (ideal)
                                  0.250000    0.250000   clock uncertainty
                                  0.000000    0.250000   clock reconvergence pessimism
                                 -5.000000   -4.750000   output external delay
                                             -4.750000   data required time
---------------------------------------------------------------------------------------------
                                             -4.750000   data required time
                                             -5.163895   data arrival time
---------------------------------------------------------------------------------------------
                                              9.913896   slack (MET)


Startpoint: inputs[5] (input port clocked by clk)
Endpoint: outputs[5] (output port clocked by clk)
Path Group: clk
Path Type: min

Fanout         Cap        Slew       Delay        Time   Description
---------------------------------------------------------------------------------------------
                      0.000000    0.000000    0.000000   clock clk (rise edge)
                                  0.000000    0.000000   clock network delay (ideal)
                                  5.000000    5.000000 ^ input external delay
     1    0.008977    0.035982    0.022553    5.022553 ^ inputs[5] (in)
                                                         inputs[5] (net)
                      0.035982    0.000000    5.022553 ^ _09_/A (sky130_fd_sc_hd__xnor2_2)
     1    0.008395    0.044591    0.079685    5.102238 ^ _09_/Y (sky130_fd_sc_hd__xnor2_2)
                                                         _01_ (net)
                      0.044591    0.000000    5.102238 ^ _10_/B (sky130_fd_sc_hd__xnor2_2)
     2    0.041713    0.121913    0.110892    5.213130 v _10_/Y (sky130_fd_sc_hd__xnor2_2)
                                                         outputs[5] (net)
                      0.121913    0.000000    5.213130 v outputs[5] (out)
                                              5.213130   data arrival time

                      0.000000    0.000000    0.000000   clock clk (rise edge)
                                  0.000000    0.000000   clock network delay (ideal)
                                  0.250000    0.250000   clock uncertainty
                                  0.000000    0.250000   clock reconvergence pessimism
                                 -5.000000   -4.750000   output external delay
                                             -4.750000   data required time
---------------------------------------------------------------------------------------------
                                             -4.750000   data required time
                                             -5.213130   data arrival time
---------------------------------------------------------------------------------------------
                                              9.963130   slack (MET)


Startpoint: inputs[3] (input port clocked by clk)
Endpoint: outputs[3] (output port clocked by clk)
Path Group: clk
Path Type: min

Fanout         Cap        Slew       Delay        Time   Description
---------------------------------------------------------------------------------------------
                      0.000000    0.000000    0.000000   clock clk (rise edge)
                                  0.000000    0.000000   clock network delay (ideal)
                                  5.000000    5.000000 ^ input external delay
     2    0.016804    0.062443    0.041301    5.041301 ^ inputs[3] (in)
                                                         inputs[3] (net)
                      0.062443    0.000000    5.041301 ^ _14_/B (sky130_fd_sc_hd__xnor2_2)
     1    0.008395    0.044974    0.080570    5.121871 ^ _14_/Y (sky130_fd_sc_hd__xnor2_2)
                                                         _04_ (net)
                      0.044974    0.000000    5.121871 ^ _15_/B (sky130_fd_sc_hd__xnor2_2)
     1    0.033442    0.099961    0.094769    5.216639 v _15_/Y (sky130_fd_sc_hd__xnor2_2)
                                                         outputs[3] (net)
                      0.099961    0.000000    5.216639 v outputs[3] (out)
                                              5.216639   data arrival time

                      0.000000    0.000000    0.000000   clock clk (rise edge)
                                  0.000000    0.000000   clock network delay (ideal)
                                  0.250000    0.250000   clock uncertainty
                                  0.000000    0.250000   clock reconvergence pessimism
                                 -5.000000   -4.750000   output external delay
                                             -4.750000   data required time
---------------------------------------------------------------------------------------------
                                             -4.750000   data required time
                                             -5.216639   data arrival time
---------------------------------------------------------------------------------------------
                                              9.966640   slack (MET)


Startpoint: inputs[6] (input port clocked by clk)
Endpoint: outputs[6] (output port clocked by clk)
Path Group: clk
Path Type: min

Fanout         Cap        Slew       Delay        Time   Description
---------------------------------------------------------------------------------------------
                      0.000000    0.000000    0.000000   clock clk (rise edge)
                                  0.000000    0.000000   clock network delay (ideal)
                                  5.000000    5.000000 ^ input external delay
     1    0.009349    0.037246    0.023454    5.023454 ^ inputs[6] (in)
                                                         inputs[6] (net)
                      0.037246    0.000000    5.023454 ^ _06_/A (sky130_fd_sc_hd__xor2_2)
     2    0.015987    0.044623    0.061696    5.085150 v _06_/X (sky130_fd_sc_hd__xor2_2)
                                                         _00_ (net)
                      0.044623    0.000000    5.085150 v _07_/B (sky130_fd_sc_hd__xor2_2)
     1    0.033442    0.071947    0.140846    5.225996 v _07_/X (sky130_fd_sc_hd__xor2_2)
                                                         outputs[6] (net)
                      0.071947    0.000000    5.225996 v outputs[6] (out)
                                              5.225996   data arrival time

                      0.000000    0.000000    0.000000   clock clk (rise edge)
                                  0.000000    0.000000   clock network delay (ideal)
                                  0.250000    0.250000   clock uncertainty
                                  0.000000    0.250000   clock reconvergence pessimism
                                 -5.000000   -4.750000   output external delay
                                             -4.750000   data required time
---------------------------------------------------------------------------------------------
                                             -4.750000   data required time
                                             -5.225996   data arrival time
---------------------------------------------------------------------------------------------
                                              9.975995   slack (MET)


Startpoint: inputs[7] (input port clocked by clk)
Endpoint: outputs[7] (output port clocked by clk)
Path Group: clk
Path Type: min

Fanout         Cap        Slew       Delay        Time   Description
---------------------------------------------------------------------------------------------
                      0.000000    0.000000    0.000000   clock clk (rise edge)
                                  0.000000    0.000000   clock network delay (ideal)
                                  5.000000    5.000000 ^ input external delay
     1    0.009349    0.037246    0.023454    5.023454 ^ inputs[7] (in)
                                                         inputs[7] (net)
                      0.037246    0.000000    5.023454 ^ _11_/A (sky130_fd_sc_hd__xor2_2)
     1    0.008002    0.031424    0.046157    5.069611 v _11_/X (sky130_fd_sc_hd__xor2_2)
                                                         _02_ (net)
                      0.031424    0.000000    5.069611 v _12_/B (sky130_fd_sc_hd__xnor2_2)
     1    0.008395    0.045558    0.110067    5.179677 ^ _12_/Y (sky130_fd_sc_hd__xnor2_2)
                                                         _03_ (net)
                      0.045558    0.000000    5.179677 ^ _13_/B (sky130_fd_sc_hd__xnor2_2)
     1    0.033442    0.099964    0.094889    5.274566 v _13_/Y (sky130_fd_sc_hd__xnor2_2)
                                                         outputs[7] (net)
                      0.099964    0.000000    5.274566 v outputs[7] (out)
                                              5.274566   data arrival time

                      0.000000    0.000000    0.000000   clock clk (rise edge)
                                  0.000000    0.000000   clock network delay (ideal)
                                  0.250000    0.250000   clock uncertainty
                                  0.000000    0.250000   clock reconvergence pessimism
                                 -5.000000   -4.750000   output external delay
                                             -4.750000   data required time
---------------------------------------------------------------------------------------------
                                             -4.750000   data required time
                                             -5.274566   data arrival time
---------------------------------------------------------------------------------------------
                                             10.024567   slack (MET)



%OL_END_REPORT
%OL_CREATE_REPORT max.rpt

===========================================================================
report_checks -path_delay max (Setup)
============================================================================
======================= nom_ff_n40C_1v95 Corner ===================================

Startpoint: inputs[0] (input port clocked by clk)
Endpoint: outputs[7] (output port clocked by clk)
Path Group: clk
Path Type: max

Fanout         Cap        Slew       Delay        Time   Description
---------------------------------------------------------------------------------------------
                      0.000000    0.000000    0.000000   clock clk (rise edge)
                                  0.000000    0.000000   clock network delay (ideal)
                                  5.000000    5.000000 ^ input external delay
     4    0.028985    0.103029    0.069595    5.069595 ^ inputs[0] (in)
                                                         inputs[0] (net)
                      0.103029    0.000000    5.069595 ^ _05_/B (sky130_fd_sc_hd__xor2_2)
     3    0.051768    0.471247    0.365426    5.435022 ^ _05_/X (sky130_fd_sc_hd__xor2_2)
                                                         outputs[4] (net)
                      0.471247    0.000000    5.435022 ^ _10_/A (sky130_fd_sc_hd__xnor2_2)
     2    0.041713    0.177614    0.164465    5.599487 v _10_/Y (sky130_fd_sc_hd__xnor2_2)
                                                         outputs[5] (net)
                      0.177614    0.000000    5.599487 v _13_/A (sky130_fd_sc_hd__xnor2_2)
     1    0.033442    0.340853    0.331751    5.931238 ^ _13_/Y (sky130_fd_sc_hd__xnor2_2)
                                                         outputs[7] (net)
                      0.340853    0.000000    5.931238 ^ outputs[7] (out)
                                              5.931238   data arrival time

                      0.000000   25.000000   25.000000   clock clk (rise edge)
                                  0.000000   25.000000   clock network delay (ideal)
                                 -0.250000   24.750000   clock uncertainty
                                  0.000000   24.750000   clock reconvergence pessimism
                                 -5.000000   19.750000   output external delay
                                             19.750000   data required time
---------------------------------------------------------------------------------------------
                                             19.750000   data required time
                                             -5.931238   data arrival time
---------------------------------------------------------------------------------------------
                                             13.818762   slack (MET)


Startpoint: inputs[0] (input port clocked by clk)
Endpoint: outputs[6] (output port clocked by clk)
Path Group: clk
Path Type: max

Fanout         Cap        Slew       Delay        Time   Description
---------------------------------------------------------------------------------------------
                      0.000000    0.000000    0.000000   clock clk (rise edge)
                                  0.000000    0.000000   clock network delay (ideal)
                                  5.000000    5.000000 ^ input external delay
     4    0.028985    0.103029    0.069595    5.069595 ^ inputs[0] (in)
                                                         inputs[0] (net)
                      0.103029    0.000000    5.069595 ^ _05_/B (sky130_fd_sc_hd__xor2_2)
     3    0.051768    0.471247    0.365426    5.435022 ^ _05_/X (sky130_fd_sc_hd__xor2_2)
                                                         outputs[4] (net)
                      0.471247    0.000000    5.435022 ^ _07_/A (sky130_fd_sc_hd__xor2_2)
     1    0.033442    0.321188    0.243868    5.678890 ^ _07_/X (sky130_fd_sc_hd__xor2_2)
                                                         outputs[6] (net)
                      0.321188    0.000000    5.678890 ^ outputs[6] (out)
                                              5.678890   data arrival time

                      0.000000   25.000000   25.000000   clock clk (rise edge)
                                  0.000000   25.000000   clock network delay (ideal)
                                 -0.250000   24.750000   clock uncertainty
                                  0.000000   24.750000   clock reconvergence pessimism
                                 -5.000000   19.750000   output external delay
                                             19.750000   data required time
---------------------------------------------------------------------------------------------
                                             19.750000   data required time
                                             -5.678890   data arrival time
---------------------------------------------------------------------------------------------
                                             14.071110   slack (MET)


Startpoint: inputs[0] (input port clocked by clk)
Endpoint: outputs[5] (output port clocked by clk)
Path Group: clk
Path Type: max

Fanout         Cap        Slew       Delay        Time   Description
---------------------------------------------------------------------------------------------
                      0.000000    0.000000    0.000000   clock clk (rise edge)
                                  0.000000    0.000000   clock network delay (ideal)
                                  5.000000    5.000000 ^ input external delay
     4    0.028985    0.103029    0.069595    5.069595 ^ inputs[0] (in)
                                                         inputs[0] (net)
                      0.103029    0.000000    5.069595 ^ _05_/B (sky130_fd_sc_hd__xor2_2)
     3    0.051768    0.471247    0.365426    5.435022 ^ _05_/X (sky130_fd_sc_hd__xor2_2)
                                                         outputs[4] (net)
                      0.471247    0.000000    5.435022 ^ _10_/A (sky130_fd_sc_hd__xnor2_2)
     2    0.042419    0.417351    0.175233    5.610255 ^ _10_/Y (sky130_fd_sc_hd__xnor2_2)
                                                         outputs[5] (net)
                      0.417351    0.000000    5.610255 ^ outputs[5] (out)
                                              5.610255   data arrival time

                      0.000000   25.000000   25.000000   clock clk (rise edge)
                                  0.000000   25.000000   clock network delay (ideal)
                                 -0.250000   24.750000   clock uncertainty
                                  0.000000   24.750000   clock reconvergence pessimism
                                 -5.000000   19.750000   output external delay
                                             19.750000   data required time
---------------------------------------------------------------------------------------------
                                             19.750000   data required time
                                             -5.610255   data arrival time
---------------------------------------------------------------------------------------------
                                             14.139744   slack (MET)


Startpoint: inputs[0] (input port clocked by clk)
Endpoint: outputs[3] (output port clocked by clk)
Path Group: clk
Path Type: max

Fanout         Cap        Slew       Delay        Time   Description
---------------------------------------------------------------------------------------------
                      0.000000    0.000000    0.000000   clock clk (rise edge)
                                  0.000000    0.000000   clock network delay (ideal)
                                  5.000000    5.000000 ^ input external delay
     4    0.028985    0.103029    0.069595    5.069595 ^ inputs[0] (in)
                                                         inputs[0] (net)
                      0.103029    0.000000    5.069595 ^ _08_/A (sky130_fd_sc_hd__xor2_2)
     2    0.042419    0.394657    0.308795    5.378390 ^ _08_/X (sky130_fd_sc_hd__xor2_2)
                                                         outputs[2] (net)
                      0.394657    0.000000    5.378390 ^ _15_/A (sky130_fd_sc_hd__xnor2_2)
     1    0.033442    0.339971    0.155402    5.533792 ^ _15_/Y (sky130_fd_sc_hd__xnor2_2)
                                                         outputs[3] (net)
                      0.339971    0.000000    5.533792 ^ outputs[3] (out)
                                              5.533792   data arrival time

                      0.000000   25.000000   25.000000   clock clk (rise edge)
                                  0.000000   25.000000   clock network delay (ideal)
                                 -0.250000   24.750000   clock uncertainty
                                  0.000000   24.750000   clock reconvergence pessimism
                                 -5.000000   19.750000   output external delay
                                             19.750000   data required time
---------------------------------------------------------------------------------------------
                                             19.750000   data required time
                                             -5.533792   data arrival time
---------------------------------------------------------------------------------------------
                                             14.216208   slack (MET)


Startpoint: inputs[0] (input port clocked by clk)
Endpoint: outputs[4] (output port clocked by clk)
Path Group: clk
Path Type: max

Fanout         Cap        Slew       Delay        Time   Description
---------------------------------------------------------------------------------------------
                      0.000000    0.000000    0.000000   clock clk (rise edge)
                                  0.000000    0.000000   clock network delay (ideal)
                                  5.000000    5.000000 ^ input external delay
     4    0.028985    0.103029    0.069595    5.069595 ^ inputs[0] (in)
                                                         inputs[0] (net)
                      0.103029    0.000000    5.069595 ^ _05_/B (sky130_fd_sc_hd__xor2_2)
     3    0.051768    0.471247    0.365426    5.435022 ^ _05_/X (sky130_fd_sc_hd__xor2_2)
                                                         outputs[4] (net)
                      0.471247    0.000000    5.435022 ^ outputs[4] (out)
                                              5.435022   data arrival time

                      0.000000   25.000000   25.000000   clock clk (rise edge)
                                  0.000000   25.000000   clock network delay (ideal)
                                 -0.250000   24.750000   clock uncertainty
                                  0.000000   24.750000   clock reconvergence pessimism
                                 -5.000000   19.750000   output external delay
                                             19.750000   data required time
---------------------------------------------------------------------------------------------
                                             19.750000   data required time
                                             -5.435022   data arrival time
---------------------------------------------------------------------------------------------
                                             14.314978   slack (MET)


Startpoint: inputs[0] (input port clocked by clk)
Endpoint: outputs[2] (output port clocked by clk)
Path Group: clk
Path Type: max

Fanout         Cap        Slew       Delay        Time   Description
---------------------------------------------------------------------------------------------
                      0.000000    0.000000    0.000000   clock clk (rise edge)
                                  0.000000    0.000000   clock network delay (ideal)
                                  5.000000    5.000000 ^ input external delay
     4    0.028985    0.103029    0.069595    5.069595 ^ inputs[0] (in)
                                                         inputs[0] (net)
                      0.103029    0.000000    5.069595 ^ _08_/A (sky130_fd_sc_hd__xor2_2)
     2    0.042419    0.394657    0.308795    5.378390 ^ _08_/X (sky130_fd_sc_hd__xor2_2)
                                                         outputs[2] (net)
                      0.394657    0.000000    5.378390 ^ outputs[2] (out)
                                              5.378390   data arrival time

                      0.000000   25.000000   25.000000   clock clk (rise edge)
                                  0.000000   25.000000   clock network delay (ideal)
                                 -0.250000   24.750000   clock uncertainty
                                  0.000000   24.750000   clock reconvergence pessimism
                                 -5.000000   19.750000   output external delay
                                             19.750000   data required time
---------------------------------------------------------------------------------------------
                                             19.750000   data required time
                                             -5.378390   data arrival time
---------------------------------------------------------------------------------------------
                                             14.371609   slack (MET)


Startpoint: inputs[0] (input port clocked by clk)
Endpoint: outputs[1] (output port clocked by clk)
Path Group: clk
Path Type: max

Fanout         Cap        Slew       Delay        Time   Description
---------------------------------------------------------------------------------------------
                      0.000000    0.000000    0.000000   clock clk (rise edge)
                                  0.000000    0.000000   clock network delay (ideal)
                                  5.000000    5.000000 ^ input external delay
     4    0.028985    0.103029    0.069595    5.069595 ^ inputs[0] (in)
                                                         inputs[0] (net)
                      0.103029    0.000000    5.069595 ^ _16_/A (sky130_fd_sc_hd__xor2_2)
     1    0.033442    0.321104    0.256894    5.326489 ^ _16_/X (sky130_fd_sc_hd__xor2_2)
                                                         outputs[1] (net)
                      0.321104    0.000000    5.326489 ^ outputs[1] (out)
                                              5.326489   data arrival time

                      0.000000   25.000000   25.000000   clock clk (rise edge)
                                  0.000000   25.000000   clock network delay (ideal)
                                 -0.250000   24.750000   clock uncertainty
                                  0.000000   24.750000   clock reconvergence pessimism
                                 -5.000000   19.750000   output external delay
                                             19.750000   data required time
---------------------------------------------------------------------------------------------
                                             19.750000   data required time
                                             -5.326489   data arrival time
---------------------------------------------------------------------------------------------
                                             14.423510   slack (MET)


Startpoint: inputs[0] (input port clocked by clk)
Endpoint: outputs[0] (output port clocked by clk)
Path Group: clk
Path Type: max

Fanout         Cap        Slew       Delay        Time   Description
---------------------------------------------------------------------------------------------
                      0.000000    0.000000    0.000000   clock clk (rise edge)
                                  0.000000    0.000000   clock network delay (ideal)
                                  5.000000    5.000000 ^ input external delay
     4    0.028985    0.103029    0.069595    5.069595 ^ inputs[0] (in)
                                                         inputs[0] (net)
                      0.103029    0.000000    5.069595 ^ _17_/A (sky130_fd_sc_hd__buf_2)
     1    0.033442    0.127420    0.153798    5.223394 ^ _17_/X (sky130_fd_sc_hd__buf_2)
                                                         outputs[0] (net)
                      0.127420    0.000000    5.223394 ^ outputs[0] (out)
                                              5.223394   data arrival time

                      0.000000   25.000000   25.000000   clock clk (rise edge)
                                  0.000000   25.000000   clock network delay (ideal)
                                 -0.250000   24.750000   clock uncertainty
                                  0.000000   24.750000   clock reconvergence pessimism
                                 -5.000000   19.750000   output external delay
                                             19.750000   data required time
---------------------------------------------------------------------------------------------
                                             19.750000   data required time
                                             -5.223394   data arrival time
---------------------------------------------------------------------------------------------
                                             14.526607   slack (MET)



%OL_END_REPORT
%OL_CREATE_REPORT checks.rpt

===========================================================================
report_checks -unconstrained
===========================================================================
======================= nom_ff_n40C_1v95 Corner ===================================

Startpoint: inputs[0] (input port clocked by clk)
Endpoint: outputs[7] (output port clocked by clk)
Path Group: clk
Path Type: max

Fanout         Cap        Slew       Delay        Time   Description
---------------------------------------------------------------------------------------------
                      0.000000    0.000000    0.000000   clock clk (rise edge)
                                  0.000000    0.000000   clock network delay (ideal)
                                  5.000000    5.000000 ^ input external delay
     4    0.028985    0.103029    0.069595    5.069595 ^ inputs[0] (in)
                                                         inputs[0] (net)
                      0.103029    0.000000    5.069595 ^ _05_/B (sky130_fd_sc_hd__xor2_2)
     3    0.051768    0.471247    0.365426    5.435022 ^ _05_/X (sky130_fd_sc_hd__xor2_2)
                                                         outputs[4] (net)
                      0.471247    0.000000    5.435022 ^ _10_/A (sky130_fd_sc_hd__xnor2_2)
     2    0.041713    0.177614    0.164465    5.599487 v _10_/Y (sky130_fd_sc_hd__xnor2_2)
                                                         outputs[5] (net)
                      0.177614    0.000000    5.599487 v _13_/A (sky130_fd_sc_hd__xnor2_2)
     1    0.033442    0.340853    0.331751    5.931238 ^ _13_/Y (sky130_fd_sc_hd__xnor2_2)
                                                         outputs[7] (net)
                      0.340853    0.000000    5.931238 ^ outputs[7] (out)
                                              5.931238   data arrival time

                      0.000000   25.000000   25.000000   clock clk (rise edge)
                                  0.000000   25.000000   clock network delay (ideal)
                                 -0.250000   24.750000   clock uncertainty
                                  0.000000   24.750000   clock reconvergence pessimism
                                 -5.000000   19.750000   output external delay
                                             19.750000   data required time
---------------------------------------------------------------------------------------------
                                             19.750000   data required time
                                             -5.931238   data arrival time
---------------------------------------------------------------------------------------------
                                             13.818762   slack (MET)




===========================================================================
report_checks --slack_max -0.01
============================================================================
======================= nom_ff_n40C_1v95 Corner ===================================

No paths found.


===========================================================================
 report_check_types -max_slew -max_cap -max_fanout -violators
============================================================================
======================= nom_ff_n40C_1v95 Corner ===================================



===========================================================================
report_parasitic_annotation -report_unannotated
============================================================================
Found 21 unannotated drivers.
 inputs[0]
 inputs[1]
 inputs[2]
 inputs[3]
 inputs[4]
 inputs[5]
 inputs[6]
 inputs[7]
 _05_/X
 _06_/X
 _07_/X
 _08_/X
 _09_/Y
 _10_/Y
 _11_/X
 _12_/Y
 _13_/Y
 _14_/Y
 _15_/Y
 _16_/X
 _17_/X
Found 0 partially unannotated drivers.

===========================================================================
max slew violation count 0
%OL_METRIC_I design__max_slew_violation__count__corner:nom_ff_n40C_1v95 0
max fanout violation count 0
%OL_METRIC_I design__max_fanout_violation__count__corner:nom_ff_n40C_1v95 0
max cap violation count 0
%OL_METRIC_I design__max_cap_violation__count__corner:nom_ff_n40C_1v95 0
============================================================================

===========================================================================
check_setup -verbose -unconstrained_endpoints -multiple_clock -no_clock -no_input_delay -loops -generated_clocks
===========================================================================
%OL_END_REPORT
%OL_CREATE_REPORT power.rpt

===========================================================================
 report_power
============================================================================
======================= nom_ff_n40C_1v95 Corner ===================================

Group                    Internal    Switching      Leakage        Total
                            Power        Power        Power        Power (Watts)
------------------------------------------------------------------------
Sequential           0.000000e+00 0.000000e+00 0.000000e+00 0.000000e+00   0.0%
Combinational        3.688636e-06 8.458054e-06 2.213013e-10 1.214691e-05 100.0%
Clock                0.000000e+00 0.000000e+00 0.000000e+00 0.000000e+00   0.0%
Macro                0.000000e+00 0.000000e+00 0.000000e+00 0.000000e+00   0.0%
Pad                  0.000000e+00 0.000000e+00 0.000000e+00 0.000000e+00   0.0%
------------------------------------------------------------------------
Total                3.688636e-06 8.458054e-06 2.213013e-10 1.214691e-05 100.0%
                            30.4%        69.6%         0.0%
%OL_METRIC_F power__internal__total 3.688636070364737e-6
%OL_METRIC_F power__switching__total 8.458054253424052e-6
%OL_METRIC_F power__leakage__total 2.2130131061004477e-10
%OL_METRIC_F power__total 1.2146911103627644e-5

%OL_END_REPORT
%OL_CREATE_REPORT skew.min.rpt

===========================================================================
Clock Skew (Hold)
============================================================================
%OL_METRIC_F clock__skew__worst_hold__corner:nom_ff_n40C_1v95 0.0
======================= nom_ff_n40C_1v95 Corner ===================================

Clock clk
No launch/capture paths found.

%OL_END_REPORT
%OL_CREATE_REPORT skew.max.rpt

===========================================================================
Clock Skew (Setup)
============================================================================
%OL_METRIC_F clock__skew__worst_setup__corner:nom_ff_n40C_1v95 0.0
======================= nom_ff_n40C_1v95 Corner ===================================

Clock clk
No launch/capture paths found.

%OL_END_REPORT
%OL_CREATE_REPORT ws.min.rpt

===========================================================================
Worst Slack (Hold)
============================================================================
%OL_METRIC_F timing__hold__ws__corner:nom_ff_n40C_1v95 9.899279898223632
nom_ff_n40C_1v95: 9.899279898223632
%OL_END_REPORT
%OL_CREATE_REPORT ws.max.rpt

===========================================================================
Worst Slack (Setup)
============================================================================
%OL_METRIC_F timing__setup__ws__corner:nom_ff_n40C_1v95 13.818761637219295
nom_ff_n40C_1v95: 13.818761637219295
%OL_END_REPORT
%OL_CREATE_REPORT tns.min.rpt

===========================================================================
Total Negative Slack (Hold)
============================================================================
%OL_METRIC_F timing__hold__tns__corner:nom_ff_n40C_1v95 0.0
nom_ff_n40C_1v95: 0.0
%OL_END_REPORT
%OL_CREATE_REPORT tns.max.rpt

===========================================================================
Total Negative Slack (Setup)
============================================================================
%OL_METRIC_F timing__setup__tns__corner:nom_ff_n40C_1v95 0.0
nom_ff_n40C_1v95: 0.0
%OL_END_REPORT
%OL_CREATE_REPORT wns.min.rpt

===========================================================================
Worst Negative Slack (Hold)
============================================================================
%OL_METRIC_F timing__hold__wns__corner:nom_ff_n40C_1v95 0
nom_ff_n40C_1v95: 0
%OL_END_REPORT
%OL_CREATE_REPORT wns.max.rpt

===========================================================================
Worst Negative Slack (Setup)
============================================================================
%OL_METRIC_F timing__setup__wns__corner:nom_ff_n40C_1v95 0.0
nom_ff_n40C_1v95: 0.0
%OL_END_REPORT
%OL_CREATE_REPORT violator_list.rpt

===========================================================================
Violator List
============================================================================
%OL_METRIC_I timing__hold_vio__count__corner:nom_ff_n40C_1v95 0
%OL_METRIC_F timing__hold_r2r__ws__corner:nom_ff_n40C_1v95 inf
%OL_METRIC_I timing__hold_r2r_vio__count__corner:nom_ff_n40C_1v95 0
%OL_METRIC_I timing__setup_vio__count__corner:nom_ff_n40C_1v95 0
%OL_METRIC_F timing__setup_r2r__ws__corner:nom_ff_n40C_1v95 inf
%OL_METRIC_I timing__setup_r2r_vio__count__corner:nom_ff_n40C_1v95 0
%OL_END_REPORT
%OL_CREATE_REPORT unpropagated.rpt
clk
%OL_END_REPORT
%OL_CREATE_REPORT clock.rpt
Clock: clk
Sources: 
Generated: no
Virtual: yes
Propagated: no
Period: 25.000000

===========================================================================
report_clock_properties
============================================================================
Clock                   Period          Waveform
----------------------------------------------------
clk                  25.000000    0.000000 12.500000

===========================================================================
report_clock_latency
============================================================================
Clock clk


===========================================================================
report_clock_min_period
============================================================================
clk period_min = 0.00 fmax = inf
%OL_END_REPORT
Writing SDF files for all corners…
