
===========================================================================
report_checks -unconstrained
===========================================================================
======================= max_ss_100C_1v60 Corner ===================================

Startpoint: inputs[1] (input port clocked by clk)
Endpoint: outputs[31] (output port clocked by clk)
Path Group: clk
Path Type: max

Fanout         Cap        Slew       Delay        Time   Description
---------------------------------------------------------------------------------------------
                      0.000000    0.000000    0.000000   clock clk (rise edge)
                                  0.000000    0.000000   clock network delay (ideal)
                                  5.000000    5.000000 ^ input external delay
     1    0.003234    0.035127    0.018130    5.018130 ^ inputs[1] (in)
                                                         inputs[1] (net)
                      0.035127    0.000000    5.018130 ^ input12/A (sky130_fd_sc_hd__clkbuf_4)
     5    0.044160    0.222646    0.343740    5.361870 ^ input12/X (sky130_fd_sc_hd__clkbuf_4)
                                                         net12 (net)
                      0.222661    0.002013    5.363883 ^ _081_/B (sky130_fd_sc_hd__xor2_4)
     4    0.025359    0.345991    0.432776    5.796659 ^ _081_/X (sky130_fd_sc_hd__xor2_4)
                                                         _045_ (net)
                      0.345991    0.000947    5.797606 ^ _083_/A (sky130_fd_sc_hd__xnor2_1)
     2    0.011562    0.229684    0.342895    6.140501 v _083_/Y (sky130_fd_sc_hd__xnor2_1)
                                                         _047_ (net)
                      0.229684    0.000802    6.141303 v _087_/A (sky130_fd_sc_hd__xnor2_1)
     2    0.012787    0.511118    0.559118    6.700421 ^ _087_/Y (sky130_fd_sc_hd__xnor2_1)
                                                         _002_ (net)
                      0.511119    0.000784    6.701205 ^ _095_/A (sky130_fd_sc_hd__xnor2_1)
     1    0.005458    0.272414    0.371958    7.073163 ^ _095_/Y (sky130_fd_sc_hd__xnor2_1)
                                                         _010_ (net)
                      0.272414    0.000407    7.073569 ^ _096_/B (sky130_fd_sc_hd__xnor2_1)
     1    0.002340    0.174035    0.264349    7.337919 ^ _096_/Y (sky130_fd_sc_hd__xnor2_1)
                                                         net57 (net)
                      0.174035    0.000155    7.338073 ^ output57/A (sky130_fd_sc_hd__buf_2)
     1    0.033945    0.270130    0.389823    7.727897 ^ output57/X (sky130_fd_sc_hd__buf_2)
                                                         outputs[31] (net)
                      0.270135    0.001600    7.729497 ^ outputs[31] (out)
                                              7.729497   data arrival time

                      0.000000   25.000000   25.000000   clock clk (rise edge)
                                  0.000000   25.000000   clock network delay (ideal)
                                 -0.250000   24.750000   clock uncertainty
                                  0.000000   24.750000   clock reconvergence pessimism
                                 -5.000000   19.750000   output external delay
                                             19.750000   data required time
---------------------------------------------------------------------------------------------
                                             19.750000   data required time
                                             -7.729497   data arrival time
---------------------------------------------------------------------------------------------
                                             12.020502   slack (MET)




===========================================================================
report_checks --slack_max -0.01
============================================================================
======================= max_ss_100C_1v60 Corner ===================================

No paths found.


===========================================================================
 report_check_types -max_slew -max_cap -max_fanout -violators
============================================================================
======================= max_ss_100C_1v60 Corner ===================================



===========================================================================
report_parasitic_annotation -report_unannotated
============================================================================
Found 0 unannotated drivers.
Found 0 partially unannotated drivers.

===========================================================================
max slew violation count 0
max fanout violation count 0
max cap violation count 0
============================================================================

===========================================================================
check_setup -verbose -unconstrained_endpoints -multiple_clock -no_clock -no_input_delay -loops -generated_clocks
===========================================================================
