
===========================================================================
report_checks -unconstrained
===========================================================================
======================= max_tt_025C_1v80 Corner ===================================

Startpoint: inputs[0] (input port clocked by clk)
Endpoint: outputs[31] (output port clocked by clk)
Path Group: clk
Path Type: max

Fanout         Cap        Slew       Delay        Time   Description
---------------------------------------------------------------------------------------------
                      0.000000    0.000000    0.000000   clock clk (rise edge)
                                  0.000000    0.000000   clock network delay (ideal)
                                  5.000000    5.000000 ^ input external delay
     1    0.005156    0.029945    0.018462    5.018462 ^ inputs[0] (in)
                                                         inputs[0] (net)
                      0.029948    0.000000    5.018462 ^ input1/A (sky130_fd_sc_hd__buf_4)
     6    0.062719    0.176965    0.200909    5.219371 ^ input1/X (sky130_fd_sc_hd__buf_4)
                                                         net1 (net)
                      0.177235    0.005662    5.225033 ^ _049_/B (sky130_fd_sc_hd__xor2_4)
     5    0.043288    0.335109    0.330003    5.555036 ^ _049_/X (sky130_fd_sc_hd__xor2_4)
                                                         net40 (net)
                      0.335162    0.003376    5.558411 ^ _055_/A (sky130_fd_sc_hd__xnor2_4)
     4    0.020722    0.102821    0.149226    5.707638 v _055_/Y (sky130_fd_sc_hd__xnor2_4)
                                                         net45 (net)
                      0.102838    0.001253    5.708890 v _057_/A (sky130_fd_sc_hd__xnor2_2)
     3    0.012518    0.204903    0.238113    5.947003 ^ _057_/Y (sky130_fd_sc_hd__xnor2_2)
                                                         net53 (net)
                      0.204903    0.000596    5.947599 ^ _068_/A (sky130_fd_sc_hd__xnor2_1)
     2    0.007585    0.208108    0.178040    6.125639 ^ _068_/Y (sky130_fd_sc_hd__xnor2_1)
                                                         net56 (net)
                      0.208110    0.000518    6.126157 ^ _096_/A (sky130_fd_sc_hd__xnor2_1)
     1    0.002394    0.108007    0.137863    6.264020 ^ _096_/Y (sky130_fd_sc_hd__xnor2_1)
                                                         net57 (net)
                      0.108007    0.000159    6.264179 ^ output57/A (sky130_fd_sc_hd__buf_2)
     1    0.033945    0.169170    0.219570    6.483749 ^ output57/X (sky130_fd_sc_hd__buf_2)
                                                         outputs[31] (net)
                      0.169184    0.001600    6.485349 ^ outputs[31] (out)
                                              6.485349   data arrival time

                      0.000000   25.000000   25.000000   clock clk (rise edge)
                                  0.000000   25.000000   clock network delay (ideal)
                                 -0.250000   24.750000   clock uncertainty
                                  0.000000   24.750000   clock reconvergence pessimism
                                 -5.000000   19.750000   output external delay
                                             19.750000   data required time
---------------------------------------------------------------------------------------------
                                             19.750000   data required time
                                             -6.485349   data arrival time
---------------------------------------------------------------------------------------------
                                             13.264650   slack (MET)




===========================================================================
report_checks --slack_max -0.01
============================================================================
======================= max_tt_025C_1v80 Corner ===================================

No paths found.


===========================================================================
 report_check_types -max_slew -max_cap -max_fanout -violators
============================================================================
======================= max_tt_025C_1v80 Corner ===================================



===========================================================================
report_parasitic_annotation -report_unannotated
============================================================================
Found 0 unannotated drivers.
Found 0 partially unannotated drivers.

===========================================================================
max slew violation count 0
max fanout violation count 0
max cap violation count 0
============================================================================

===========================================================================
check_setup -verbose -unconstrained_endpoints -multiple_clock -no_clock -no_input_delay -loops -generated_clocks
===========================================================================
