
===========================================================================
report_checks -path_delay max (Setup)
============================================================================
======================= max_tt_025C_1v80 Corner ===================================

Startpoint: inputs[0] (input port clocked by clk)
Endpoint: outputs[31] (output port clocked by clk)
Path Group: clk
Path Type: max

Fanout         Cap        Slew       Delay        Time   Description
---------------------------------------------------------------------------------------------
                      0.000000    0.000000    0.000000   clock clk (rise edge)
                                  0.000000    0.000000   clock network delay (ideal)
                                  5.000000    5.000000 ^ input external delay
     1    0.005156    0.029945    0.018462    5.018462 ^ inputs[0] (in)
                                                         inputs[0] (net)
                      0.029948    0.000000    5.018462 ^ input1/A (sky130_fd_sc_hd__buf_4)
     6    0.062719    0.176965    0.200909    5.219371 ^ input1/X (sky130_fd_sc_hd__buf_4)
                                                         net1 (net)
                      0.177235    0.005662    5.225033 ^ _049_/B (sky130_fd_sc_hd__xor2_4)
     5    0.043288    0.335109    0.330003    5.555036 ^ _049_/X (sky130_fd_sc_hd__xor2_4)
                                                         net40 (net)
                      0.335162    0.003376    5.558411 ^ _055_/A (sky130_fd_sc_hd__xnor2_4)
     4    0.020722    0.102821    0.149226    5.707638 v _055_/Y (sky130_fd_sc_hd__xnor2_4)
                                                         net45 (net)
                      0.102838    0.001253    5.708890 v _057_/A (sky130_fd_sc_hd__xnor2_2)
     3    0.012518    0.204903    0.238113    5.947003 ^ _057_/Y (sky130_fd_sc_hd__xnor2_2)
                                                         net53 (net)
                      0.204903    0.000596    5.947599 ^ _068_/A (sky130_fd_sc_hd__xnor2_1)
     2    0.007585    0.208108    0.178040    6.125639 ^ _068_/Y (sky130_fd_sc_hd__xnor2_1)
                                                         net56 (net)
                      0.208110    0.000518    6.126157 ^ _096_/A (sky130_fd_sc_hd__xnor2_1)
     1    0.002394    0.108007    0.137863    6.264020 ^ _096_/Y (sky130_fd_sc_hd__xnor2_1)
                                                         net57 (net)
                      0.108007    0.000159    6.264179 ^ output57/A (sky130_fd_sc_hd__buf_2)
     1    0.033945    0.169170    0.219570    6.483749 ^ output57/X (sky130_fd_sc_hd__buf_2)
                                                         outputs[31] (net)
                      0.169184    0.001600    6.485349 ^ outputs[31] (out)
                                              6.485349   data arrival time

                      0.000000   25.000000   25.000000   clock clk (rise edge)
                                  0.000000   25.000000   clock network delay (ideal)
                                 -0.250000   24.750000   clock uncertainty
                                  0.000000   24.750000   clock reconvergence pessimism
                                 -5.000000   19.750000   output external delay
                                             19.750000   data required time
---------------------------------------------------------------------------------------------
                                             19.750000   data required time
                                             -6.485349   data arrival time
---------------------------------------------------------------------------------------------
                                             13.264650   slack (MET)


Startpoint: inputs[0] (input port clocked by clk)
Endpoint: outputs[27] (output port clocked by clk)
Path Group: clk
Path Type: max

Fanout         Cap        Slew       Delay        Time   Description
---------------------------------------------------------------------------------------------
                      0.000000    0.000000    0.000000   clock clk (rise edge)
                                  0.000000    0.000000   clock network delay (ideal)
                                  5.000000    5.000000 ^ input external delay
     1    0.005156    0.029945    0.018462    5.018462 ^ inputs[0] (in)
                                                         inputs[0] (net)
                      0.029948    0.000000    5.018462 ^ input1/A (sky130_fd_sc_hd__buf_4)
     6    0.062719    0.176965    0.200909    5.219371 ^ input1/X (sky130_fd_sc_hd__buf_4)
                                                         net1 (net)
                      0.177235    0.005662    5.225033 ^ _049_/B (sky130_fd_sc_hd__xor2_4)
     5    0.043288    0.335109    0.330003    5.555036 ^ _049_/X (sky130_fd_sc_hd__xor2_4)
                                                         net40 (net)
                      0.335123    0.001751    5.556787 ^ _051_/A (sky130_fd_sc_hd__xor2_2)
     3    0.017248    0.242658    0.270427    5.827214 ^ _051_/X (sky130_fd_sc_hd__xor2_2)
                                                         net49 (net)
                      0.242668    0.001276    5.828490 ^ _069_/A (sky130_fd_sc_hd__xnor2_1)
     2    0.008065    0.217549    0.188393    6.016883 ^ _069_/Y (sky130_fd_sc_hd__xnor2_1)
                                                         net51 (net)
                      0.217551    0.000549    6.017433 ^ _100_/A (sky130_fd_sc_hd__xnor2_1)
     1    0.002696    0.113740    0.142064    6.159497 ^ _100_/Y (sky130_fd_sc_hd__xnor2_1)
                                                         net52 (net)
                      0.113740    0.000183    6.159680 ^ output52/A (sky130_fd_sc_hd__buf_2)
     1    0.034004    0.169477    0.221868    6.381548 ^ output52/X (sky130_fd_sc_hd__buf_2)
                                                         outputs[27] (net)
                      0.169490    0.001613    6.383161 ^ outputs[27] (out)
                                              6.383161   data arrival time

                      0.000000   25.000000   25.000000   clock clk (rise edge)
                                  0.000000   25.000000   clock network delay (ideal)
                                 -0.250000   24.750000   clock uncertainty
                                  0.000000   24.750000   clock reconvergence pessimism
                                 -5.000000   19.750000   output external delay
                                             19.750000   data required time
---------------------------------------------------------------------------------------------
                                             19.750000   data required time
                                             -6.383161   data arrival time
---------------------------------------------------------------------------------------------
                                             13.366838   slack (MET)


Startpoint: inputs[0] (input port clocked by clk)
Endpoint: outputs[30] (output port clocked by clk)
Path Group: clk
Path Type: max

Fanout         Cap        Slew       Delay        Time   Description
---------------------------------------------------------------------------------------------
                      0.000000    0.000000    0.000000   clock clk (rise edge)
                                  0.000000    0.000000   clock network delay (ideal)
                                  5.000000    5.000000 ^ input external delay
     1    0.005156    0.029945    0.018462    5.018462 ^ inputs[0] (in)
                                                         inputs[0] (net)
                      0.029948    0.000000    5.018462 ^ input1/A (sky130_fd_sc_hd__buf_4)
     6    0.062719    0.176965    0.200909    5.219371 ^ input1/X (sky130_fd_sc_hd__buf_4)
                                                         net1 (net)
                      0.177235    0.005662    5.225033 ^ _049_/B (sky130_fd_sc_hd__xor2_4)
     5    0.043288    0.335109    0.330003    5.555036 ^ _049_/X (sky130_fd_sc_hd__xor2_4)
                                                         net40 (net)
                      0.335162    0.003376    5.558411 ^ _055_/A (sky130_fd_sc_hd__xnor2_4)
     4    0.020722    0.102821    0.149226    5.707638 v _055_/Y (sky130_fd_sc_hd__xnor2_4)
                                                         net45 (net)
                      0.102838    0.001253    5.708890 v _057_/A (sky130_fd_sc_hd__xnor2_2)
     3    0.012518    0.204903    0.238113    5.947003 ^ _057_/Y (sky130_fd_sc_hd__xnor2_2)
                                                         net53 (net)
                      0.204903    0.000596    5.947599 ^ _068_/A (sky130_fd_sc_hd__xnor2_1)
     2    0.007585    0.208108    0.178040    6.125639 ^ _068_/Y (sky130_fd_sc_hd__xnor2_1)
                                                         net56 (net)
                      0.208110    0.000533    6.126172 ^ output56/A (sky130_fd_sc_hd__buf_2)
     1    0.034090    0.170057    0.248516    6.374688 ^ output56/X (sky130_fd_sc_hd__buf_2)
                                                         outputs[30] (net)
                      0.170071    0.001641    6.376328 ^ outputs[30] (out)
                                              6.376328   data arrival time

                      0.000000   25.000000   25.000000   clock clk (rise edge)
                                  0.000000   25.000000   clock network delay (ideal)
                                 -0.250000   24.750000   clock uncertainty
                                  0.000000   24.750000   clock reconvergence pessimism
                                 -5.000000   19.750000   output external delay
                                             19.750000   data required time
---------------------------------------------------------------------------------------------
                                             19.750000   data required time
                                             -6.376328   data arrival time
---------------------------------------------------------------------------------------------
                                             13.373671   slack (MET)


Startpoint: inputs[0] (input port clocked by clk)
Endpoint: outputs[23] (output port clocked by clk)
Path Group: clk
Path Type: max

Fanout         Cap        Slew       Delay        Time   Description
---------------------------------------------------------------------------------------------
                      0.000000    0.000000    0.000000   clock clk (rise edge)
                                  0.000000    0.000000   clock network delay (ideal)
                                  5.000000    5.000000 ^ input external delay
     1    0.005156    0.029945    0.018462    5.018462 ^ inputs[0] (in)
                                                         inputs[0] (net)
                      0.029948    0.000000    5.018462 ^ input1/A (sky130_fd_sc_hd__buf_4)
     6    0.062719    0.176965    0.200909    5.219371 ^ input1/X (sky130_fd_sc_hd__buf_4)
                                                         net1 (net)
                      0.177235    0.005662    5.225033 ^ _049_/B (sky130_fd_sc_hd__xor2_4)
     5    0.043288    0.335109    0.330003    5.555036 ^ _049_/X (sky130_fd_sc_hd__xor2_4)
                                                         net40 (net)
                      0.335162    0.003376    5.558411 ^ _055_/A (sky130_fd_sc_hd__xnor2_4)
     4    0.020722    0.102821    0.149226    5.707638 v _055_/Y (sky130_fd_sc_hd__xnor2_4)
                                                         net45 (net)
                      0.102829    0.000974    5.708612 v _102_/A (sky130_fd_sc_hd__xnor2_1)
     2    0.008741    0.230957    0.257129    5.965741 ^ _102_/Y (sky130_fd_sc_hd__xnor2_1)
                                                         net46 (net)
                      0.231034    0.000587    5.966328 ^ _105_/A (sky130_fd_sc_hd__xnor2_1)
     1    0.002782    0.115368    0.145099    6.111426 ^ _105_/Y (sky130_fd_sc_hd__xnor2_1)
                                                         net48 (net)
                      0.115369    0.000180    6.111606 ^ output48/A (sky130_fd_sc_hd__buf_2)
     1    0.034315    0.170960    0.223412    6.335019 ^ output48/X (sky130_fd_sc_hd__buf_2)
                                                         outputs[23] (net)
                      0.170976    0.001743    6.336761 ^ outputs[23] (out)
                                              6.336761   data arrival time

                      0.000000   25.000000   25.000000   clock clk (rise edge)
                                  0.000000   25.000000   clock network delay (ideal)
                                 -0.250000   24.750000   clock uncertainty
                                  0.000000   24.750000   clock reconvergence pessimism
                                 -5.000000   19.750000   output external delay
                                             19.750000   data required time
---------------------------------------------------------------------------------------------
                                             19.750000   data required time
                                             -6.336761   data arrival time
---------------------------------------------------------------------------------------------
                                             13.413238   slack (MET)


Startpoint: inputs[1] (input port clocked by clk)
Endpoint: outputs[29] (output port clocked by clk)
Path Group: clk
Path Type: max

Fanout         Cap        Slew       Delay        Time   Description
---------------------------------------------------------------------------------------------
                      0.000000    0.000000    0.000000   clock clk (rise edge)
                                  0.000000    0.000000   clock network delay (ideal)
                                  5.000000    5.000000 ^ input external delay
     1    0.003241    0.021637    0.011910    5.011910 ^ inputs[1] (in)
                                                         inputs[1] (net)
                      0.021646    0.000000    5.011910 ^ input12/A (sky130_fd_sc_hd__clkbuf_4)
     5    0.044191    0.140248    0.195824    5.207734 ^ input12/X (sky130_fd_sc_hd__clkbuf_4)
                                                         net12 (net)
                      0.140336    0.002002    5.209736 ^ _081_/B (sky130_fd_sc_hd__xor2_4)
     4    0.025545    0.225822    0.246087    5.455823 ^ _081_/X (sky130_fd_sc_hd__xor2_4)
                                                         _045_ (net)
                      0.225822    0.000956    5.456779 ^ _083_/A (sky130_fd_sc_hd__xnor2_1)
     2    0.011673    0.116331    0.162887    5.619667 v _083_/Y (sky130_fd_sc_hd__xnor2_1)
                                                         _047_ (net)
                      0.116335    0.000810    5.620477 v _087_/A (sky130_fd_sc_hd__xnor2_1)
     2    0.012882    0.314151    0.324521    5.944998 ^ _087_/Y (sky130_fd_sc_hd__xnor2_1)
                                                         _002_ (net)
                      0.314155    0.000882    5.945879 ^ _097_/B (sky130_fd_sc_hd__xor2_1)
     1    0.002297    0.102932    0.166038    6.111917 ^ _097_/X (sky130_fd_sc_hd__xor2_1)
                                                         net54 (net)
                      0.102932    0.000155    6.112073 ^ output54/A (sky130_fd_sc_hd__buf_2)
     1    0.034208    0.170371    0.218552    6.330625 ^ output54/X (sky130_fd_sc_hd__buf_2)
                                                         outputs[29] (net)
                      0.170444    0.001630    6.332255 ^ outputs[29] (out)
                                              6.332255   data arrival time

                      0.000000   25.000000   25.000000   clock clk (rise edge)
                                  0.000000   25.000000   clock network delay (ideal)
                                 -0.250000   24.750000   clock uncertainty
                                  0.000000   24.750000   clock reconvergence pessimism
                                 -5.000000   19.750000   output external delay
                                             19.750000   data required time
---------------------------------------------------------------------------------------------
                                             19.750000   data required time
                                             -6.332255   data arrival time
---------------------------------------------------------------------------------------------
                                             13.417745   slack (MET)


Startpoint: inputs[0] (input port clocked by clk)
Endpoint: outputs[15] (output port clocked by clk)
Path Group: clk
Path Type: max

Fanout         Cap        Slew       Delay        Time   Description
---------------------------------------------------------------------------------------------
                      0.000000    0.000000    0.000000   clock clk (rise edge)
                                  0.000000    0.000000   clock network delay (ideal)
                                  5.000000    5.000000 v input external delay
     1    0.004908    0.013436    0.008046    5.008046 v inputs[0] (in)
                                                         inputs[0] (net)
                      0.013442    0.000000    5.008046 v input1/A (sky130_fd_sc_hd__buf_4)
     6    0.058239    0.083377    0.177817    5.185863 v input1/X (sky130_fd_sc_hd__buf_4)
                                                         net1 (net)
                      0.083667    0.003942    5.189805 v _052_/A (sky130_fd_sc_hd__xor2_4)
     4    0.024473    0.089789    0.216962    5.406767 v _052_/X (sky130_fd_sc_hd__xor2_4)
                                                         net63 (net)
                      0.089796    0.000858    5.407625 v _074_/A (sky130_fd_sc_hd__xnor2_2)
     3    0.017095    0.256295    0.271194    5.678819 ^ _074_/Y (sky130_fd_sc_hd__xnor2_2)
                                                         net34 (net)
                      0.256300    0.000912    5.679730 ^ _077_/A (sky130_fd_sc_hd__xor2_1)
     2    0.010840    0.254420    0.277907    5.957638 ^ _077_/X (sky130_fd_sc_hd__xor2_1)
                                                         net38 (net)
                      0.254425    0.000913    5.958551 ^ _116_/A (sky130_fd_sc_hd__xnor2_1)
     1    0.002442    0.108923    0.146311    6.104862 ^ _116_/Y (sky130_fd_sc_hd__xnor2_1)
                                                         net39 (net)
                      0.108923    0.000176    6.105038 ^ output39/A (sky130_fd_sc_hd__buf_2)
     1    0.034639    0.172426    0.222156    6.327194 ^ output39/X (sky130_fd_sc_hd__buf_2)
                                                         outputs[15] (net)
                      0.172502    0.001691    6.328885 ^ outputs[15] (out)
                                              6.328885   data arrival time

                      0.000000   25.000000   25.000000   clock clk (rise edge)
                                  0.000000   25.000000   clock network delay (ideal)
                                 -0.250000   24.750000   clock uncertainty
                                  0.000000   24.750000   clock reconvergence pessimism
                                 -5.000000   19.750000   output external delay
                                             19.750000   data required time
---------------------------------------------------------------------------------------------
                                             19.750000   data required time
                                             -6.328885   data arrival time
---------------------------------------------------------------------------------------------
                                             13.421115   slack (MET)


Startpoint: inputs[0] (input port clocked by clk)
Endpoint: outputs[26] (output port clocked by clk)
Path Group: clk
Path Type: max

Fanout         Cap        Slew       Delay        Time   Description
---------------------------------------------------------------------------------------------
                      0.000000    0.000000    0.000000   clock clk (rise edge)
                                  0.000000    0.000000   clock network delay (ideal)
                                  5.000000    5.000000 ^ input external delay
     1    0.005156    0.029945    0.018462    5.018462 ^ inputs[0] (in)
                                                         inputs[0] (net)
                      0.029948    0.000000    5.018462 ^ input1/A (sky130_fd_sc_hd__buf_4)
     6    0.062719    0.176965    0.200909    5.219371 ^ input1/X (sky130_fd_sc_hd__buf_4)
                                                         net1 (net)
                      0.177235    0.005662    5.225033 ^ _049_/B (sky130_fd_sc_hd__xor2_4)
     5    0.043288    0.335109    0.330003    5.555036 ^ _049_/X (sky130_fd_sc_hd__xor2_4)
                                                         net40 (net)
                      0.335123    0.001751    5.556787 ^ _051_/A (sky130_fd_sc_hd__xor2_2)
     3    0.017248    0.242658    0.270427    5.827214 ^ _051_/X (sky130_fd_sc_hd__xor2_2)
                                                         net49 (net)
                      0.242668    0.001276    5.828490 ^ _069_/A (sky130_fd_sc_hd__xnor2_1)
     2    0.008065    0.217549    0.188393    6.016883 ^ _069_/Y (sky130_fd_sc_hd__xnor2_1)
                                                         net51 (net)
                      0.217551    0.000566    6.017449 ^ output51/A (sky130_fd_sc_hd__buf_2)
     1    0.034152    0.170363    0.251258    6.268707 ^ output51/X (sky130_fd_sc_hd__buf_2)
                                                         outputs[26] (net)
                      0.170378    0.001672    6.270378 ^ outputs[26] (out)
                                              6.270378   data arrival time

                      0.000000   25.000000   25.000000   clock clk (rise edge)
                                  0.000000   25.000000   clock network delay (ideal)
                                 -0.250000   24.750000   clock uncertainty
                                  0.000000   24.750000   clock reconvergence pessimism
                                 -5.000000   19.750000   output external delay
                                             19.750000   data required time
---------------------------------------------------------------------------------------------
                                             19.750000   data required time
                                             -6.270378   data arrival time
---------------------------------------------------------------------------------------------
                                             13.479621   slack (MET)


Startpoint: inputs[0] (input port clocked by clk)
Endpoint: outputs[21] (output port clocked by clk)
Path Group: clk
Path Type: max

Fanout         Cap        Slew       Delay        Time   Description
---------------------------------------------------------------------------------------------
                      0.000000    0.000000    0.000000   clock clk (rise edge)
                                  0.000000    0.000000   clock network delay (ideal)
                                  5.000000    5.000000 ^ input external delay
     1    0.005156    0.029945    0.018462    5.018462 ^ inputs[0] (in)
                                                         inputs[0] (net)
                      0.029948    0.000000    5.018462 ^ input1/A (sky130_fd_sc_hd__buf_4)
     6    0.062719    0.176965    0.200909    5.219371 ^ input1/X (sky130_fd_sc_hd__buf_4)
                                                         net1 (net)
                      0.177235    0.005662    5.225033 ^ _049_/B (sky130_fd_sc_hd__xor2_4)
     5    0.043288    0.335109    0.330003    5.555036 ^ _049_/X (sky130_fd_sc_hd__xor2_4)
                                                         net40 (net)
                      0.335162    0.003376    5.558411 ^ _055_/A (sky130_fd_sc_hd__xnor2_4)
     4    0.020722    0.102821    0.149226    5.707638 v _055_/Y (sky130_fd_sc_hd__xnor2_4)
                                                         net45 (net)
                      0.102829    0.000974    5.708612 v _102_/A (sky130_fd_sc_hd__xnor2_1)
     2    0.008741    0.230957    0.257129    5.965741 ^ _102_/Y (sky130_fd_sc_hd__xnor2_1)
                                                         net46 (net)
                      0.231034    0.000495    5.966236 ^ output46/A (sky130_fd_sc_hd__buf_2)
     1    0.034377    0.171410    0.255708    6.221944 ^ output46/X (sky130_fd_sc_hd__buf_2)
                                                         outputs[21] (net)
                      0.171423    0.001596    6.223540 ^ outputs[21] (out)
                                              6.223540   data arrival time

                      0.000000   25.000000   25.000000   clock clk (rise edge)
                                  0.000000   25.000000   clock network delay (ideal)
                                 -0.250000   24.750000   clock uncertainty
                                  0.000000   24.750000   clock reconvergence pessimism
                                 -5.000000   19.750000   output external delay
                                             19.750000   data required time
---------------------------------------------------------------------------------------------
                                             19.750000   data required time
                                             -6.223540   data arrival time
---------------------------------------------------------------------------------------------
                                             13.526461   slack (MET)


Startpoint: inputs[0] (input port clocked by clk)
Endpoint: outputs[14] (output port clocked by clk)
Path Group: clk
Path Type: max

Fanout         Cap        Slew       Delay        Time   Description
---------------------------------------------------------------------------------------------
                      0.000000    0.000000    0.000000   clock clk (rise edge)
                                  0.000000    0.000000   clock network delay (ideal)
                                  5.000000    5.000000 v input external delay
     1    0.004908    0.013436    0.008046    5.008046 v inputs[0] (in)
                                                         inputs[0] (net)
                      0.013442    0.000000    5.008046 v input1/A (sky130_fd_sc_hd__buf_4)
     6    0.058239    0.083377    0.177817    5.185863 v input1/X (sky130_fd_sc_hd__buf_4)
                                                         net1 (net)
                      0.083667    0.003942    5.189805 v _052_/A (sky130_fd_sc_hd__xor2_4)
     4    0.024473    0.089789    0.216962    5.406767 v _052_/X (sky130_fd_sc_hd__xor2_4)
                                                         net63 (net)
                      0.089796    0.000858    5.407625 v _074_/A (sky130_fd_sc_hd__xnor2_2)
     3    0.017095    0.256295    0.271194    5.678819 ^ _074_/Y (sky130_fd_sc_hd__xnor2_2)
                                                         net34 (net)
                      0.256300    0.000912    5.679730 ^ _077_/A (sky130_fd_sc_hd__xor2_1)
     2    0.010840    0.254420    0.277907    5.957638 ^ _077_/X (sky130_fd_sc_hd__xor2_1)
                                                         net38 (net)
                      0.254425    0.000951    5.958589 ^ output38/A (sky130_fd_sc_hd__buf_2)
     1    0.034639    0.172658    0.262839    6.221427 ^ output38/X (sky130_fd_sc_hd__buf_2)
                                                         outputs[14] (net)
                      0.172673    0.001690    6.223117 ^ outputs[14] (out)
                                              6.223117   data arrival time

                      0.000000   25.000000   25.000000   clock clk (rise edge)
                                  0.000000   25.000000   clock network delay (ideal)
                                 -0.250000   24.750000   clock uncertainty
                                  0.000000   24.750000   clock reconvergence pessimism
                                 -5.000000   19.750000   output external delay
                                             19.750000   data required time
---------------------------------------------------------------------------------------------
                                             19.750000   data required time
                                             -6.223117   data arrival time
---------------------------------------------------------------------------------------------
                                             13.526883   slack (MET)


Startpoint: inputs[0] (input port clocked by clk)
Endpoint: outputs[25] (output port clocked by clk)
Path Group: clk
Path Type: max

Fanout         Cap        Slew       Delay        Time   Description
---------------------------------------------------------------------------------------------
                      0.000000    0.000000    0.000000   clock clk (rise edge)
                                  0.000000    0.000000   clock network delay (ideal)
                                  5.000000    5.000000 ^ input external delay
     1    0.005156    0.029945    0.018462    5.018462 ^ inputs[0] (in)
                                                         inputs[0] (net)
                      0.029948    0.000000    5.018462 ^ input1/A (sky130_fd_sc_hd__buf_4)
     6    0.062719    0.176965    0.200909    5.219371 ^ input1/X (sky130_fd_sc_hd__buf_4)
                                                         net1 (net)
                      0.177235    0.005662    5.225033 ^ _049_/B (sky130_fd_sc_hd__xor2_4)
     5    0.043288    0.335109    0.330003    5.555036 ^ _049_/X (sky130_fd_sc_hd__xor2_4)
                                                         net40 (net)
                      0.335123    0.001751    5.556787 ^ _051_/A (sky130_fd_sc_hd__xor2_2)
     3    0.017248    0.242658    0.270427    5.827214 ^ _051_/X (sky130_fd_sc_hd__xor2_2)
                                                         net49 (net)
                      0.242672    0.001502    5.828715 ^ _101_/A (sky130_fd_sc_hd__xor2_1)
     1    0.002830    0.112252    0.166421    5.995137 ^ _101_/X (sky130_fd_sc_hd__xor2_1)
                                                         net50 (net)
                      0.112253    0.000186    5.995322 ^ output50/A (sky130_fd_sc_hd__buf_2)
     1    0.033987    0.169391    0.221250    6.216572 ^ output50/X (sky130_fd_sc_hd__buf_2)
                                                         outputs[25] (net)
                      0.169405    0.001632    6.218204 ^ outputs[25] (out)
                                              6.218204   data arrival time

                      0.000000   25.000000   25.000000   clock clk (rise edge)
                                  0.000000   25.000000   clock network delay (ideal)
                                 -0.250000   24.750000   clock uncertainty
                                  0.000000   24.750000   clock reconvergence pessimism
                                 -5.000000   19.750000   output external delay
                                             19.750000   data required time
---------------------------------------------------------------------------------------------
                                             19.750000   data required time
                                             -6.218204   data arrival time
---------------------------------------------------------------------------------------------
                                             13.531796   slack (MET)


Startpoint: inputs[0] (input port clocked by clk)
Endpoint: outputs[28] (output port clocked by clk)
Path Group: clk
Path Type: max

Fanout         Cap        Slew       Delay        Time   Description
---------------------------------------------------------------------------------------------
                      0.000000    0.000000    0.000000   clock clk (rise edge)
                                  0.000000    0.000000   clock network delay (ideal)
                                  5.000000    5.000000 ^ input external delay
     1    0.005156    0.029945    0.018462    5.018462 ^ inputs[0] (in)
                                                         inputs[0] (net)
                      0.029948    0.000000    5.018462 ^ input1/A (sky130_fd_sc_hd__buf_4)
     6    0.062719    0.176965    0.200909    5.219371 ^ input1/X (sky130_fd_sc_hd__buf_4)
                                                         net1 (net)
                      0.177235    0.005662    5.225033 ^ _049_/B (sky130_fd_sc_hd__xor2_4)
     5    0.043288    0.335109    0.330003    5.555036 ^ _049_/X (sky130_fd_sc_hd__xor2_4)
                                                         net40 (net)
                      0.335162    0.003376    5.558411 ^ _055_/A (sky130_fd_sc_hd__xnor2_4)
     4    0.020722    0.102821    0.149226    5.707638 v _055_/Y (sky130_fd_sc_hd__xnor2_4)
                                                         net45 (net)
                      0.102838    0.001253    5.708890 v _057_/A (sky130_fd_sc_hd__xnor2_2)
     3    0.012518    0.204903    0.238113    5.947003 ^ _057_/Y (sky130_fd_sc_hd__xnor2_2)
                                                         net53 (net)
                      0.204903    0.000402    5.947405 ^ output53/A (sky130_fd_sc_hd__buf_2)
     1    0.033921    0.169263    0.247125    6.194530 ^ output53/X (sky130_fd_sc_hd__buf_2)
                                                         outputs[28] (net)
                      0.169276    0.001588    6.196118 ^ outputs[28] (out)
                                              6.196118   data arrival time

                      0.000000   25.000000   25.000000   clock clk (rise edge)
                                  0.000000   25.000000   clock network delay (ideal)
                                 -0.250000   24.750000   clock uncertainty
                                  0.000000   24.750000   clock reconvergence pessimism
                                 -5.000000   19.750000   output external delay
                                             19.750000   data required time
---------------------------------------------------------------------------------------------
                                             19.750000   data required time
                                             -6.196118   data arrival time
---------------------------------------------------------------------------------------------
                                             13.553882   slack (MET)


Startpoint: inputs[0] (input port clocked by clk)
Endpoint: outputs[19] (output port clocked by clk)
Path Group: clk
Path Type: max

Fanout         Cap        Slew       Delay        Time   Description
---------------------------------------------------------------------------------------------
                      0.000000    0.000000    0.000000   clock clk (rise edge)
                                  0.000000    0.000000   clock network delay (ideal)
                                  5.000000    5.000000 ^ input external delay
     1    0.005156    0.029945    0.018462    5.018462 ^ inputs[0] (in)
                                                         inputs[0] (net)
                      0.029948    0.000000    5.018462 ^ input1/A (sky130_fd_sc_hd__buf_4)
     6    0.062719    0.176965    0.200909    5.219371 ^ input1/X (sky130_fd_sc_hd__buf_4)
                                                         net1 (net)
                      0.177235    0.005662    5.225033 ^ _049_/B (sky130_fd_sc_hd__xor2_4)
     5    0.043288    0.335109    0.330003    5.555036 ^ _049_/X (sky130_fd_sc_hd__xor2_4)
                                                         net40 (net)
                      0.335149    0.002923    5.557958 ^ _072_/A (sky130_fd_sc_hd__xnor2_1)
     2    0.010776    0.271866    0.220722    5.778680 ^ _072_/Y (sky130_fd_sc_hd__xnor2_1)
                                                         net42 (net)
                      0.271869    0.000760    5.779440 ^ _107_/A (sky130_fd_sc_hd__xnor2_1)
     1    0.003132    0.122011    0.155029    5.934470 ^ _107_/Y (sky130_fd_sc_hd__xnor2_1)
                                                         net43 (net)
                      0.122011    0.000127    5.934596 ^ output43/A (sky130_fd_sc_hd__buf_2)
     1    0.034005    0.169528    0.224919    6.159515 ^ output43/X (sky130_fd_sc_hd__buf_2)
                                                         outputs[19] (net)
                      0.169541    0.001613    6.161129 ^ outputs[19] (out)
                                              6.161129   data arrival time

                      0.000000   25.000000   25.000000   clock clk (rise edge)
                                  0.000000   25.000000   clock network delay (ideal)
                                 -0.250000   24.750000   clock uncertainty
                                  0.000000   24.750000   clock reconvergence pessimism
                                 -5.000000   19.750000   output external delay
                                             19.750000   data required time
---------------------------------------------------------------------------------------------
                                             19.750000   data required time
                                             -6.161129   data arrival time
---------------------------------------------------------------------------------------------
                                             13.588871   slack (MET)


Startpoint: inputs[0] (input port clocked by clk)
Endpoint: outputs[22] (output port clocked by clk)
Path Group: clk
Path Type: max

Fanout         Cap        Slew       Delay        Time   Description
---------------------------------------------------------------------------------------------
                      0.000000    0.000000    0.000000   clock clk (rise edge)
                                  0.000000    0.000000   clock network delay (ideal)
                                  5.000000    5.000000 ^ input external delay
     1    0.005156    0.029945    0.018462    5.018462 ^ inputs[0] (in)
                                                         inputs[0] (net)
                      0.029948    0.000000    5.018462 ^ input1/A (sky130_fd_sc_hd__buf_4)
     6    0.062719    0.176965    0.200909    5.219371 ^ input1/X (sky130_fd_sc_hd__buf_4)
                                                         net1 (net)
                      0.177235    0.005662    5.225033 ^ _049_/B (sky130_fd_sc_hd__xor2_4)
     5    0.043288    0.335109    0.330003    5.555036 ^ _049_/X (sky130_fd_sc_hd__xor2_4)
                                                         net40 (net)
                      0.335162    0.003376    5.558411 ^ _055_/A (sky130_fd_sc_hd__xnor2_4)
     4    0.022276    0.217253    0.193237    5.751648 ^ _055_/Y (sky130_fd_sc_hd__xnor2_4)
                                                         net45 (net)
                      0.217258    0.001239    5.752887 ^ _071_/A (sky130_fd_sc_hd__xor2_1)
     1    0.002765    0.111088    0.161615    5.914503 ^ _071_/X (sky130_fd_sc_hd__xor2_1)
                                                         net47 (net)
                      0.111088    0.000183    5.914685 ^ output47/A (sky130_fd_sc_hd__buf_2)
     1    0.034460    0.171591    0.222411    6.137096 ^ output47/X (sky130_fd_sc_hd__buf_2)
                                                         outputs[22] (net)
                      0.171605    0.001614    6.138710 ^ outputs[22] (out)
                                              6.138710   data arrival time

                      0.000000   25.000000   25.000000   clock clk (rise edge)
                                  0.000000   25.000000   clock network delay (ideal)
                                 -0.250000   24.750000   clock uncertainty
                                  0.000000   24.750000   clock reconvergence pessimism
                                 -5.000000   19.750000   output external delay
                                             19.750000   data required time
---------------------------------------------------------------------------------------------
                                             19.750000   data required time
                                             -6.138710   data arrival time
---------------------------------------------------------------------------------------------
                                             13.611288   slack (MET)


Startpoint: inputs[4] (input port clocked by clk)
Endpoint: outputs[13] (output port clocked by clk)
Path Group: clk
Path Type: max

Fanout         Cap        Slew       Delay        Time   Description
---------------------------------------------------------------------------------------------
                      0.000000    0.000000    0.000000   clock clk (rise edge)
                                  0.000000    0.000000   clock network delay (ideal)
                                  5.000000    5.000000 v input external delay
     1    0.003606    0.010488    0.005847    5.005847 v inputs[4] (in)
                                                         inputs[4] (net)
                      0.010491    0.000000    5.005847 v input27/A (sky130_fd_sc_hd__clkbuf_2)
     3    0.023017    0.092755    0.142201    5.148048 v input27/X (sky130_fd_sc_hd__clkbuf_2)
                                                         net27 (net)
                      0.092770    0.001172    5.149220 v _058_/A (sky130_fd_sc_hd__xnor2_1)
     2    0.013950    0.335559    0.330785    5.480004 ^ _058_/Y (sky130_fd_sc_hd__xnor2_1)
                                                         _032_ (net)
                      0.335565    0.001235    5.481240 ^ _059_/B (sky130_fd_sc_hd__xnor2_1)
     2    0.010797    0.272205    0.221899    5.703138 ^ _059_/Y (sky130_fd_sc_hd__xnor2_1)
                                                         net36 (net)
                      0.272209    0.000792    5.703930 ^ _117_/A (sky130_fd_sc_hd__xnor2_1)
     1    0.003268    0.124587    0.156159    5.860089 ^ _117_/Y (sky130_fd_sc_hd__xnor2_1)
                                                         net37 (net)
                      0.124587    0.000195    5.860284 ^ output37/A (sky130_fd_sc_hd__buf_2)
     1    0.034645    0.172536    0.227743    6.088027 ^ output37/X (sky130_fd_sc_hd__buf_2)
                                                         outputs[13] (net)
                      0.172551    0.001691    6.089718 ^ outputs[13] (out)
                                              6.089718   data arrival time

                      0.000000   25.000000   25.000000   clock clk (rise edge)
                                  0.000000   25.000000   clock network delay (ideal)
                                 -0.250000   24.750000   clock uncertainty
                                  0.000000   24.750000   clock reconvergence pessimism
                                 -5.000000   19.750000   output external delay
                                             19.750000   data required time
---------------------------------------------------------------------------------------------
                                             19.750000   data required time
                                             -6.089718   data arrival time
---------------------------------------------------------------------------------------------
                                             13.660281   slack (MET)


Startpoint: inputs[0] (input port clocked by clk)
Endpoint: outputs[24] (output port clocked by clk)
Path Group: clk
Path Type: max

Fanout         Cap        Slew       Delay        Time   Description
---------------------------------------------------------------------------------------------
                      0.000000    0.000000    0.000000   clock clk (rise edge)
                                  0.000000    0.000000   clock network delay (ideal)
                                  5.000000    5.000000 ^ input external delay
     1    0.005156    0.029945    0.018462    5.018462 ^ inputs[0] (in)
                                                         inputs[0] (net)
                      0.029948    0.000000    5.018462 ^ input1/A (sky130_fd_sc_hd__buf_4)
     6    0.062719    0.176965    0.200909    5.219371 ^ input1/X (sky130_fd_sc_hd__buf_4)
                                                         net1 (net)
                      0.177235    0.005662    5.225033 ^ _049_/B (sky130_fd_sc_hd__xor2_4)
     5    0.043288    0.335109    0.330003    5.555036 ^ _049_/X (sky130_fd_sc_hd__xor2_4)
                                                         net40 (net)
                      0.335123    0.001751    5.556787 ^ _051_/A (sky130_fd_sc_hd__xor2_2)
     3    0.017248    0.242658    0.270427    5.827214 ^ _051_/X (sky130_fd_sc_hd__xor2_2)
                                                         net49 (net)
                      0.242668    0.001259    5.828473 ^ output49/A (sky130_fd_sc_hd__buf_2)
     1    0.033921    0.169323    0.257344    6.085816 ^ output49/X (sky130_fd_sc_hd__buf_2)
                                                         outputs[24] (net)
                      0.169336    0.001587    6.087404 ^ outputs[24] (out)
                                              6.087404   data arrival time

                      0.000000   25.000000   25.000000   clock clk (rise edge)
                                  0.000000   25.000000   clock network delay (ideal)
                                 -0.250000   24.750000   clock uncertainty
                                  0.000000   24.750000   clock reconvergence pessimism
                                 -5.000000   19.750000   output external delay
                                             19.750000   data required time
---------------------------------------------------------------------------------------------
                                             19.750000   data required time
                                             -6.087404   data arrival time
---------------------------------------------------------------------------------------------
                                             13.662596   slack (MET)


Startpoint: inputs[0] (input port clocked by clk)
Endpoint: outputs[11] (output port clocked by clk)
Path Group: clk
Path Type: max

Fanout         Cap        Slew       Delay        Time   Description
---------------------------------------------------------------------------------------------
                      0.000000    0.000000    0.000000   clock clk (rise edge)
                                  0.000000    0.000000   clock network delay (ideal)
                                  5.000000    5.000000 v input external delay
     1    0.004908    0.013436    0.008046    5.008046 v inputs[0] (in)
                                                         inputs[0] (net)
                      0.013442    0.000000    5.008046 v input1/A (sky130_fd_sc_hd__buf_4)
     6    0.058239    0.083377    0.177817    5.185863 v input1/X (sky130_fd_sc_hd__buf_4)
                                                         net1 (net)
                      0.083667    0.003942    5.189805 v _052_/A (sky130_fd_sc_hd__xor2_4)
     4    0.024473    0.089789    0.216962    5.406767 v _052_/X (sky130_fd_sc_hd__xor2_4)
                                                         net63 (net)
                      0.089796    0.000858    5.407625 v _074_/A (sky130_fd_sc_hd__xnor2_2)
     3    0.017095    0.256295    0.271194    5.678819 ^ _074_/Y (sky130_fd_sc_hd__xnor2_2)
                                                         net34 (net)
                      0.256306    0.001358    5.680176 ^ _119_/A (sky130_fd_sc_hd__xnor2_1)
     1    0.003145    0.122254    0.152404    5.832581 ^ _119_/Y (sky130_fd_sc_hd__xnor2_1)
                                                         net35 (net)
                      0.122254    0.000190    5.832770 ^ output35/A (sky130_fd_sc_hd__buf_2)
     1    0.034657    0.172585    0.227128    6.059897 ^ output35/X (sky130_fd_sc_hd__buf_2)
                                                         outputs[11] (net)
                      0.172600    0.001692    6.061589 ^ outputs[11] (out)
                                              6.061589   data arrival time

                      0.000000   25.000000   25.000000   clock clk (rise edge)
                                  0.000000   25.000000   clock network delay (ideal)
                                 -0.250000   24.750000   clock uncertainty
                                  0.000000   24.750000   clock reconvergence pessimism
                                 -5.000000   19.750000   output external delay
                                             19.750000   data required time
---------------------------------------------------------------------------------------------
                                             19.750000   data required time
                                             -6.061589   data arrival time
---------------------------------------------------------------------------------------------
                                             13.688411   slack (MET)


Startpoint: inputs[0] (input port clocked by clk)
Endpoint: outputs[18] (output port clocked by clk)
Path Group: clk
Path Type: max

Fanout         Cap        Slew       Delay        Time   Description
---------------------------------------------------------------------------------------------
                      0.000000    0.000000    0.000000   clock clk (rise edge)
                                  0.000000    0.000000   clock network delay (ideal)
                                  5.000000    5.000000 ^ input external delay
     1    0.005156    0.029945    0.018462    5.018462 ^ inputs[0] (in)
                                                         inputs[0] (net)
                      0.029948    0.000000    5.018462 ^ input1/A (sky130_fd_sc_hd__buf_4)
     6    0.062719    0.176965    0.200909    5.219371 ^ input1/X (sky130_fd_sc_hd__buf_4)
                                                         net1 (net)
                      0.177235    0.005662    5.225033 ^ _049_/B (sky130_fd_sc_hd__xor2_4)
     5    0.043288    0.335109    0.330003    5.555036 ^ _049_/X (sky130_fd_sc_hd__xor2_4)
                                                         net40 (net)
                      0.335149    0.002923    5.557958 ^ _072_/A (sky130_fd_sc_hd__xnor2_1)
     2    0.010776    0.271866    0.220722    5.778680 ^ _072_/Y (sky130_fd_sc_hd__xnor2_1)
                                                         net42 (net)
                      0.271868    0.000597    5.779277 ^ output42/A (sky130_fd_sc_hd__buf_2)
     1    0.034377    0.171464    0.266753    6.046031 ^ output42/X (sky130_fd_sc_hd__buf_2)
                                                         outputs[18] (net)
                      0.171476    0.001596    6.047626 ^ outputs[18] (out)
                                              6.047626   data arrival time

                      0.000000   25.000000   25.000000   clock clk (rise edge)
                                  0.000000   25.000000   clock network delay (ideal)
                                 -0.250000   24.750000   clock uncertainty
                                  0.000000   24.750000   clock reconvergence pessimism
                                 -5.000000   19.750000   output external delay
                                             19.750000   data required time
---------------------------------------------------------------------------------------------
                                             19.750000   data required time
                                             -6.047626   data arrival time
---------------------------------------------------------------------------------------------
                                             13.702373   slack (MET)


Startpoint: inputs[0] (input port clocked by clk)
Endpoint: outputs[7] (output port clocked by clk)
Path Group: clk
Path Type: max

Fanout         Cap        Slew       Delay        Time   Description
---------------------------------------------------------------------------------------------
                      0.000000    0.000000    0.000000   clock clk (rise edge)
                                  0.000000    0.000000   clock network delay (ideal)
                                  5.000000    5.000000 ^ input external delay
     1    0.005156    0.029945    0.018462    5.018462 ^ inputs[0] (in)
                                                         inputs[0] (net)
                      0.029948    0.000000    5.018462 ^ input1/A (sky130_fd_sc_hd__buf_4)
     6    0.062719    0.176965    0.200909    5.219371 ^ input1/X (sky130_fd_sc_hd__buf_4)
                                                         net1 (net)
                      0.177193    0.005216    5.224587 ^ _060_/A (sky130_fd_sc_hd__xor2_2)
     3    0.017318    0.243438    0.251045    5.475633 ^ _060_/X (sky130_fd_sc_hd__xor2_2)
                                                         net59 (net)
                      0.243447    0.001126    5.476759 ^ _122_/A (sky130_fd_sc_hd__xnor2_1)
     2    0.008422    0.224731    0.191314    5.668073 ^ _122_/Y (sky130_fd_sc_hd__xnor2_1)
                                                         net60 (net)
                      0.224733    0.000531    5.668604 ^ _125_/A (sky130_fd_sc_hd__xnor2_1)
     1    0.002990    0.119307    0.145661    5.814265 ^ _125_/Y (sky130_fd_sc_hd__xnor2_1)
                                                         net62 (net)
                      0.119307    0.000187    5.814453 ^ output62/A (sky130_fd_sc_hd__buf_2)
     1    0.034619    0.172390    0.225929    6.040382 ^ output62/X (sky130_fd_sc_hd__buf_2)
                                                         outputs[7] (net)
                      0.172404    0.001674    6.042056 ^ outputs[7] (out)
                                              6.042056   data arrival time

                      0.000000   25.000000   25.000000   clock clk (rise edge)
                                  0.000000   25.000000   clock network delay (ideal)
                                 -0.250000   24.750000   clock uncertainty
                                  0.000000   24.750000   clock reconvergence pessimism
                                 -5.000000   19.750000   output external delay
                                             19.750000   data required time
---------------------------------------------------------------------------------------------
                                             19.750000   data required time
                                             -6.042056   data arrival time
---------------------------------------------------------------------------------------------
                                             13.707944   slack (MET)


Startpoint: inputs[0] (input port clocked by clk)
Endpoint: outputs[20] (output port clocked by clk)
Path Group: clk
Path Type: max

Fanout         Cap        Slew       Delay        Time   Description
---------------------------------------------------------------------------------------------
                      0.000000    0.000000    0.000000   clock clk (rise edge)
                                  0.000000    0.000000   clock network delay (ideal)
                                  5.000000    5.000000 ^ input external delay
     1    0.005156    0.029945    0.018462    5.018462 ^ inputs[0] (in)
                                                         inputs[0] (net)
                      0.029948    0.000000    5.018462 ^ input1/A (sky130_fd_sc_hd__buf_4)
     6    0.062719    0.176965    0.200909    5.219371 ^ input1/X (sky130_fd_sc_hd__buf_4)
                                                         net1 (net)
                      0.177235    0.005662    5.225033 ^ _049_/B (sky130_fd_sc_hd__xor2_4)
     5    0.043288    0.335109    0.330003    5.555036 ^ _049_/X (sky130_fd_sc_hd__xor2_4)
                                                         net40 (net)
                      0.335162    0.003376    5.558411 ^ _055_/A (sky130_fd_sc_hd__xnor2_4)
     4    0.022276    0.217253    0.193237    5.751648 ^ _055_/Y (sky130_fd_sc_hd__xnor2_4)
                                                         net45 (net)
                      0.217255    0.000999    5.752647 ^ output45/A (sky130_fd_sc_hd__buf_2)
     1    0.034394    0.171469    0.252035    6.004682 ^ output45/X (sky130_fd_sc_hd__buf_2)
                                                         outputs[20] (net)
                      0.171481    0.001597    6.006279 ^ outputs[20] (out)
                                              6.006279   data arrival time

                      0.000000   25.000000   25.000000   clock clk (rise edge)
                                  0.000000   25.000000   clock network delay (ideal)
                                 -0.250000   24.750000   clock uncertainty
                                  0.000000   24.750000   clock reconvergence pessimism
                                 -5.000000   19.750000   output external delay
                                             19.750000   data required time
---------------------------------------------------------------------------------------------
                                             19.750000   data required time
                                             -6.006279   data arrival time
---------------------------------------------------------------------------------------------
                                             13.743721   slack (MET)


Startpoint: inputs[0] (input port clocked by clk)
Endpoint: outputs[17] (output port clocked by clk)
Path Group: clk
Path Type: max

Fanout         Cap        Slew       Delay        Time   Description
---------------------------------------------------------------------------------------------
                      0.000000    0.000000    0.000000   clock clk (rise edge)
                                  0.000000    0.000000   clock network delay (ideal)
                                  5.000000    5.000000 ^ input external delay
     1    0.005156    0.029945    0.018462    5.018462 ^ inputs[0] (in)
                                                         inputs[0] (net)
                      0.029948    0.000000    5.018462 ^ input1/A (sky130_fd_sc_hd__buf_4)
     6    0.062719    0.176965    0.200909    5.219371 ^ input1/X (sky130_fd_sc_hd__buf_4)
                                                         net1 (net)
                      0.177235    0.005662    5.225033 ^ _049_/B (sky130_fd_sc_hd__xor2_4)
     5    0.043288    0.335109    0.330003    5.555036 ^ _049_/X (sky130_fd_sc_hd__xor2_4)
                                                         net40 (net)
                      0.335130    0.002151    5.557187 ^ _108_/A (sky130_fd_sc_hd__xor2_1)
     1    0.004892    0.148093    0.204390    5.761577 ^ _108_/X (sky130_fd_sc_hd__xor2_1)
                                                         net41 (net)
                      0.148094    0.000216    5.761793 ^ output41/A (sky130_fd_sc_hd__buf_2)
     1    0.033990    0.169503    0.231968    5.993761 ^ output41/X (sky130_fd_sc_hd__buf_2)
                                                         outputs[17] (net)
                      0.169516    0.001620    5.995381 ^ outputs[17] (out)
                                              5.995381   data arrival time

                      0.000000   25.000000   25.000000   clock clk (rise edge)
                                  0.000000   25.000000   clock network delay (ideal)
                                 -0.250000   24.750000   clock uncertainty
                                  0.000000   24.750000   clock reconvergence pessimism
                                 -5.000000   19.750000   output external delay
                                             19.750000   data required time
---------------------------------------------------------------------------------------------
                                             19.750000   data required time
                                             -5.995381   data arrival time
---------------------------------------------------------------------------------------------
                                             13.754620   slack (MET)


Startpoint: inputs[4] (input port clocked by clk)
Endpoint: outputs[12] (output port clocked by clk)
Path Group: clk
Path Type: max

Fanout         Cap        Slew       Delay        Time   Description
---------------------------------------------------------------------------------------------
                      0.000000    0.000000    0.000000   clock clk (rise edge)
                                  0.000000    0.000000   clock network delay (ideal)
                                  5.000000    5.000000 v input external delay
     1    0.003606    0.010488    0.005847    5.005847 v inputs[4] (in)
                                                         inputs[4] (net)
                      0.010491    0.000000    5.005847 v input27/A (sky130_fd_sc_hd__clkbuf_2)
     3    0.023017    0.092755    0.142201    5.148048 v input27/X (sky130_fd_sc_hd__clkbuf_2)
                                                         net27 (net)
                      0.092770    0.001172    5.149220 v _058_/A (sky130_fd_sc_hd__xnor2_1)
     2    0.013950    0.335559    0.330785    5.480004 ^ _058_/Y (sky130_fd_sc_hd__xnor2_1)
                                                         _032_ (net)
                      0.335565    0.001235    5.481240 ^ _059_/B (sky130_fd_sc_hd__xnor2_1)
     2    0.010797    0.272205    0.221899    5.703138 ^ _059_/Y (sky130_fd_sc_hd__xnor2_1)
                                                         net36 (net)
                      0.272207    0.000644    5.703783 ^ output36/A (sky130_fd_sc_hd__buf_2)
     1    0.035183    0.175199    0.269374    5.973156 ^ output36/X (sky130_fd_sc_hd__buf_2)
                                                         outputs[12] (net)
                      0.175215    0.001786    5.974943 ^ outputs[12] (out)
                                              5.974943   data arrival time

                      0.000000   25.000000   25.000000   clock clk (rise edge)
                                  0.000000   25.000000   clock network delay (ideal)
                                 -0.250000   24.750000   clock uncertainty
                                  0.000000   24.750000   clock reconvergence pessimism
                                 -5.000000   19.750000   output external delay
                                             19.750000   data required time
---------------------------------------------------------------------------------------------
                                             19.750000   data required time
                                             -5.974943   data arrival time
---------------------------------------------------------------------------------------------
                                             13.775057   slack (MET)


Startpoint: inputs[0] (input port clocked by clk)
Endpoint: outputs[10] (output port clocked by clk)
Path Group: clk
Path Type: max

Fanout         Cap        Slew       Delay        Time   Description
---------------------------------------------------------------------------------------------
                      0.000000    0.000000    0.000000   clock clk (rise edge)
                                  0.000000    0.000000   clock network delay (ideal)
                                  5.000000    5.000000 v input external delay
     1    0.004908    0.013436    0.008046    5.008046 v inputs[0] (in)
                                                         inputs[0] (net)
                      0.013442    0.000000    5.008046 v input1/A (sky130_fd_sc_hd__buf_4)
     6    0.058239    0.083377    0.177817    5.185863 v input1/X (sky130_fd_sc_hd__buf_4)
                                                         net1 (net)
                      0.083667    0.003942    5.189805 v _052_/A (sky130_fd_sc_hd__xor2_4)
     4    0.024473    0.089789    0.216962    5.406767 v _052_/X (sky130_fd_sc_hd__xor2_4)
                                                         net63 (net)
                      0.089796    0.000858    5.407625 v _074_/A (sky130_fd_sc_hd__xnor2_2)
     3    0.017095    0.256295    0.271194    5.678819 ^ _074_/Y (sky130_fd_sc_hd__xnor2_2)
                                                         net34 (net)
                      0.256303    0.001101    5.679920 ^ output34/A (sky130_fd_sc_hd__buf_2)
     1    0.036486    0.181130    0.269076    5.948996 ^ output34/X (sky130_fd_sc_hd__buf_2)
                                                         outputs[10] (net)
                      0.181157    0.002227    5.951223 ^ outputs[10] (out)
                                              5.951223   data arrival time

                      0.000000   25.000000   25.000000   clock clk (rise edge)
                                  0.000000   25.000000   clock network delay (ideal)
                                 -0.250000   24.750000   clock uncertainty
                                  0.000000   24.750000   clock reconvergence pessimism
                                 -5.000000   19.750000   output external delay
                                             19.750000   data required time
---------------------------------------------------------------------------------------------
                                             19.750000   data required time
                                             -5.951223   data arrival time
---------------------------------------------------------------------------------------------
                                             13.798777   slack (MET)


Startpoint: inputs[0] (input port clocked by clk)
Endpoint: outputs[5] (output port clocked by clk)
Path Group: clk
Path Type: max

Fanout         Cap        Slew       Delay        Time   Description
---------------------------------------------------------------------------------------------
                      0.000000    0.000000    0.000000   clock clk (rise edge)
                                  0.000000    0.000000   clock network delay (ideal)
                                  5.000000    5.000000 ^ input external delay
     1    0.005156    0.029945    0.018462    5.018462 ^ inputs[0] (in)
                                                         inputs[0] (net)
                      0.029948    0.000000    5.018462 ^ input1/A (sky130_fd_sc_hd__buf_4)
     6    0.062719    0.176965    0.200909    5.219371 ^ input1/X (sky130_fd_sc_hd__buf_4)
                                                         net1 (net)
                      0.177193    0.005216    5.224587 ^ _060_/A (sky130_fd_sc_hd__xor2_2)
     3    0.017318    0.243438    0.251045    5.475633 ^ _060_/X (sky130_fd_sc_hd__xor2_2)
                                                         net59 (net)
                      0.243447    0.001126    5.476759 ^ _122_/A (sky130_fd_sc_hd__xnor2_1)
     2    0.008422    0.224731    0.191314    5.668073 ^ _122_/Y (sky130_fd_sc_hd__xnor2_1)
                                                         net60 (net)
                      0.224731    0.000243    5.668316 ^ output60/A (sky130_fd_sc_hd__buf_2)
     1    0.034092    0.170089    0.253030    5.921346 ^ output60/X (sky130_fd_sc_hd__buf_2)
                                                         outputs[5] (net)
                      0.170102    0.001627    5.922973 ^ outputs[5] (out)
                                              5.922973   data arrival time

                      0.000000   25.000000   25.000000   clock clk (rise edge)
                                  0.000000   25.000000   clock network delay (ideal)
                                 -0.250000   24.750000   clock uncertainty
                                  0.000000   24.750000   clock reconvergence pessimism
                                 -5.000000   19.750000   output external delay
                                             19.750000   data required time
---------------------------------------------------------------------------------------------
                                             19.750000   data required time
                                             -5.922973   data arrival time
---------------------------------------------------------------------------------------------
                                             13.827027   slack (MET)


Startpoint: inputs[0] (input port clocked by clk)
Endpoint: outputs[9] (output port clocked by clk)
Path Group: clk
Path Type: max

Fanout         Cap        Slew       Delay        Time   Description
---------------------------------------------------------------------------------------------
                      0.000000    0.000000    0.000000   clock clk (rise edge)
                                  0.000000    0.000000   clock network delay (ideal)
                                  5.000000    5.000000 ^ input external delay
     1    0.005156    0.029945    0.018462    5.018462 ^ inputs[0] (in)
                                                         inputs[0] (net)
                      0.029948    0.000000    5.018462 ^ input1/A (sky130_fd_sc_hd__buf_4)
     6    0.062719    0.176965    0.200909    5.219371 ^ input1/X (sky130_fd_sc_hd__buf_4)
                                                         net1 (net)
                      0.177116    0.004270    5.223641 ^ _052_/A (sky130_fd_sc_hd__xor2_4)
     4    0.026027    0.228757    0.250911    5.474552 ^ _052_/X (sky130_fd_sc_hd__xor2_4)
                                                         net63 (net)
                      0.228849    0.001501    5.476053 ^ _120_/A (sky130_fd_sc_hd__xor2_1)
     1    0.002812    0.111868    0.164044    5.640098 ^ _120_/X (sky130_fd_sc_hd__xor2_1)
                                                         net64 (net)
                      0.111868    0.000195    5.640293 ^ output64/A (sky130_fd_sc_hd__buf_2)
     1    0.034543    0.171991    0.222946    5.863239 ^ output64/X (sky130_fd_sc_hd__buf_2)
                                                         outputs[9] (net)
                      0.172005    0.001656    5.864895 ^ outputs[9] (out)
                                              5.864895   data arrival time

                      0.000000   25.000000   25.000000   clock clk (rise edge)
                                  0.000000   25.000000   clock network delay (ideal)
                                 -0.250000   24.750000   clock uncertainty
                                  0.000000   24.750000   clock reconvergence pessimism
                                 -5.000000   19.750000   output external delay
                                             19.750000   data required time
---------------------------------------------------------------------------------------------
                                             19.750000   data required time
                                             -5.864895   data arrival time
---------------------------------------------------------------------------------------------
                                             13.885104   slack (MET)


Startpoint: inputs[0] (input port clocked by clk)
Endpoint: outputs[6] (output port clocked by clk)
Path Group: clk
Path Type: max

Fanout         Cap        Slew       Delay        Time   Description
---------------------------------------------------------------------------------------------
                      0.000000    0.000000    0.000000   clock clk (rise edge)
                                  0.000000    0.000000   clock network delay (ideal)
                                  5.000000    5.000000 ^ input external delay
     1    0.005156    0.029945    0.018462    5.018462 ^ inputs[0] (in)
                                                         inputs[0] (net)
                      0.029948    0.000000    5.018462 ^ input1/A (sky130_fd_sc_hd__buf_4)
     6    0.062719    0.176965    0.200909    5.219371 ^ input1/X (sky130_fd_sc_hd__buf_4)
                                                         net1 (net)
                      0.177193    0.005216    5.224587 ^ _060_/A (sky130_fd_sc_hd__xor2_2)
     3    0.017318    0.243438    0.251045    5.475633 ^ _060_/X (sky130_fd_sc_hd__xor2_2)
                                                         net59 (net)
                      0.243448    0.001212    5.476845 ^ _079_/A (sky130_fd_sc_hd__xor2_1)
     1    0.002578    0.107824    0.163029    5.639874 ^ _079_/X (sky130_fd_sc_hd__xor2_1)
                                                         net61 (net)
                      0.107824    0.000168    5.640042 ^ output61/A (sky130_fd_sc_hd__buf_2)
     1    0.034686    0.172642    0.221908    5.861950 ^ output61/X (sky130_fd_sc_hd__buf_2)
                                                         outputs[6] (net)
                      0.172717    0.001692    5.863642 ^ outputs[6] (out)
                                              5.863642   data arrival time

                      0.000000   25.000000   25.000000   clock clk (rise edge)
                                  0.000000   25.000000   clock network delay (ideal)
                                 -0.250000   24.750000   clock uncertainty
                                  0.000000   24.750000   clock reconvergence pessimism
                                 -5.000000   19.750000   output external delay
                                             19.750000   data required time
---------------------------------------------------------------------------------------------
                                             19.750000   data required time
                                             -5.863642   data arrival time
---------------------------------------------------------------------------------------------
                                             13.886357   slack (MET)


Startpoint: inputs[0] (input port clocked by clk)
Endpoint: outputs[16] (output port clocked by clk)
Path Group: clk
Path Type: max

Fanout         Cap        Slew       Delay        Time   Description
---------------------------------------------------------------------------------------------
                      0.000000    0.000000    0.000000   clock clk (rise edge)
                                  0.000000    0.000000   clock network delay (ideal)
                                  5.000000    5.000000 ^ input external delay
     1    0.005156    0.029945    0.018462    5.018462 ^ inputs[0] (in)
                                                         inputs[0] (net)
                      0.029948    0.000000    5.018462 ^ input1/A (sky130_fd_sc_hd__buf_4)
     6    0.062719    0.176965    0.200909    5.219371 ^ input1/X (sky130_fd_sc_hd__buf_4)
                                                         net1 (net)
                      0.177235    0.005662    5.225033 ^ _049_/B (sky130_fd_sc_hd__xor2_4)
     5    0.043288    0.335109    0.330003    5.555036 ^ _049_/X (sky130_fd_sc_hd__xor2_4)
                                                         net40 (net)
                      0.335146    0.002815    5.557851 ^ output40/A (sky130_fd_sc_hd__buf_2)
     1    0.034370    0.171782    0.277930    5.835781 ^ output40/X (sky130_fd_sc_hd__buf_2)
                                                         outputs[16] (net)
                      0.171795    0.001595    5.837376 ^ outputs[16] (out)
                                              5.837376   data arrival time

                      0.000000   25.000000   25.000000   clock clk (rise edge)
                                  0.000000   25.000000   clock network delay (ideal)
                                 -0.250000   24.750000   clock uncertainty
                                  0.000000   24.750000   clock reconvergence pessimism
                                 -5.000000   19.750000   output external delay
                                             19.750000   data required time
---------------------------------------------------------------------------------------------
                                             19.750000   data required time
                                             -5.837376   data arrival time
---------------------------------------------------------------------------------------------
                                             13.912624   slack (MET)


Startpoint: inputs[0] (input port clocked by clk)
Endpoint: outputs[3] (output port clocked by clk)
Path Group: clk
Path Type: max

Fanout         Cap        Slew       Delay        Time   Description
---------------------------------------------------------------------------------------------
                      0.000000    0.000000    0.000000   clock clk (rise edge)
                                  0.000000    0.000000   clock network delay (ideal)
                                  5.000000    5.000000 ^ input external delay
     1    0.005156    0.029945    0.018462    5.018462 ^ inputs[0] (in)
                                                         inputs[0] (net)
                      0.029948    0.000000    5.018462 ^ input1/A (sky130_fd_sc_hd__buf_4)
     6    0.062719    0.176965    0.200909    5.219371 ^ input1/X (sky130_fd_sc_hd__buf_4)
                                                         net1 (net)
                      0.177205    0.005349    5.224720 ^ _080_/A (sky130_fd_sc_hd__xor2_1)
     2    0.007816    0.199495    0.224857    5.449578 ^ _080_/X (sky130_fd_sc_hd__xor2_1)
                                                         net55 (net)
                      0.199495    0.000500    5.450078 ^ _127_/A (sky130_fd_sc_hd__xnor2_1)
     1    0.001998    0.100483    0.132927    5.583005 ^ _127_/Y (sky130_fd_sc_hd__xnor2_1)
                                                         net58 (net)
                      0.100483    0.000091    5.583097 ^ output58/A (sky130_fd_sc_hd__buf_2)
     1    0.035392    0.175948    0.221305    5.804401 ^ output58/X (sky130_fd_sc_hd__buf_2)
                                                         outputs[3] (net)
                      0.176035    0.002033    5.806434 ^ outputs[3] (out)
                                              5.806434   data arrival time

                      0.000000   25.000000   25.000000   clock clk (rise edge)
                                  0.000000   25.000000   clock network delay (ideal)
                                 -0.250000   24.750000   clock uncertainty
                                  0.000000   24.750000   clock reconvergence pessimism
                                 -5.000000   19.750000   output external delay
                                             19.750000   data required time
---------------------------------------------------------------------------------------------
                                             19.750000   data required time
                                             -5.806434   data arrival time
---------------------------------------------------------------------------------------------
                                             13.943565   slack (MET)


Startpoint: inputs[0] (input port clocked by clk)
Endpoint: outputs[4] (output port clocked by clk)
Path Group: clk
Path Type: max

Fanout         Cap        Slew       Delay        Time   Description
---------------------------------------------------------------------------------------------
                      0.000000    0.000000    0.000000   clock clk (rise edge)
                                  0.000000    0.000000   clock network delay (ideal)
                                  5.000000    5.000000 ^ input external delay
     1    0.005156    0.029945    0.018462    5.018462 ^ inputs[0] (in)
                                                         inputs[0] (net)
                      0.029948    0.000000    5.018462 ^ input1/A (sky130_fd_sc_hd__buf_4)
     6    0.062719    0.176965    0.200909    5.219371 ^ input1/X (sky130_fd_sc_hd__buf_4)
                                                         net1 (net)
                      0.177193    0.005216    5.224587 ^ _060_/A (sky130_fd_sc_hd__xor2_2)
     3    0.017318    0.243438    0.251045    5.475633 ^ _060_/X (sky130_fd_sc_hd__xor2_2)
                                                         net59 (net)
                      0.243446    0.001100    5.476733 ^ output59/A (sky130_fd_sc_hd__buf_2)
     1    0.039093    0.192588    0.274021    5.750754 ^ output59/X (sky130_fd_sc_hd__buf_2)
                                                         outputs[4] (net)
                      0.192626    0.002658    5.753412 ^ outputs[4] (out)
                                              5.753412   data arrival time

                      0.000000   25.000000   25.000000   clock clk (rise edge)
                                  0.000000   25.000000   clock network delay (ideal)
                                 -0.250000   24.750000   clock uncertainty
                                  0.000000   24.750000   clock reconvergence pessimism
                                 -5.000000   19.750000   output external delay
                                             19.750000   data required time
---------------------------------------------------------------------------------------------
                                             19.750000   data required time
                                             -5.753412   data arrival time
---------------------------------------------------------------------------------------------
                                             13.996588   slack (MET)


Startpoint: inputs[0] (input port clocked by clk)
Endpoint: outputs[8] (output port clocked by clk)
Path Group: clk
Path Type: max

Fanout         Cap        Slew       Delay        Time   Description
---------------------------------------------------------------------------------------------
                      0.000000    0.000000    0.000000   clock clk (rise edge)
                                  0.000000    0.000000   clock network delay (ideal)
                                  5.000000    5.000000 ^ input external delay
     1    0.005156    0.029945    0.018462    5.018462 ^ inputs[0] (in)
                                                         inputs[0] (net)
                      0.029948    0.000000    5.018462 ^ input1/A (sky130_fd_sc_hd__buf_4)
     6    0.062719    0.176965    0.200909    5.219371 ^ input1/X (sky130_fd_sc_hd__buf_4)
                                                         net1 (net)
                      0.177116    0.004270    5.223641 ^ _052_/A (sky130_fd_sc_hd__xor2_4)
     4    0.026027    0.228757    0.250911    5.474552 ^ _052_/X (sky130_fd_sc_hd__xor2_4)
                                                         net63 (net)
                      0.228849    0.001543    5.476095 ^ output63/A (sky130_fd_sc_hd__buf_2)
     1    0.034879    0.173748    0.256676    5.732771 ^ output63/X (sky130_fd_sc_hd__buf_2)
                                                         outputs[8] (net)
                      0.173764    0.001733    5.734504 ^ outputs[8] (out)
                                              5.734504   data arrival time

                      0.000000   25.000000   25.000000   clock clk (rise edge)
                                  0.000000   25.000000   clock network delay (ideal)
                                 -0.250000   24.750000   clock uncertainty
                                  0.000000   24.750000   clock reconvergence pessimism
                                 -5.000000   19.750000   output external delay
                                             19.750000   data required time
---------------------------------------------------------------------------------------------
                                             19.750000   data required time
                                             -5.734504   data arrival time
---------------------------------------------------------------------------------------------
                                             14.015495   slack (MET)


Startpoint: inputs[0] (input port clocked by clk)
Endpoint: outputs[2] (output port clocked by clk)
Path Group: clk
Path Type: max

Fanout         Cap        Slew       Delay        Time   Description
---------------------------------------------------------------------------------------------
                      0.000000    0.000000    0.000000   clock clk (rise edge)
                                  0.000000    0.000000   clock network delay (ideal)
                                  5.000000    5.000000 ^ input external delay
     1    0.005156    0.029945    0.018462    5.018462 ^ inputs[0] (in)
                                                         inputs[0] (net)
                      0.029948    0.000000    5.018462 ^ input1/A (sky130_fd_sc_hd__buf_4)
     6    0.062719    0.176965    0.200909    5.219371 ^ input1/X (sky130_fd_sc_hd__buf_4)
                                                         net1 (net)
                      0.177205    0.005349    5.224720 ^ _080_/A (sky130_fd_sc_hd__xor2_1)
     2    0.007816    0.199495    0.224857    5.449578 ^ _080_/X (sky130_fd_sc_hd__xor2_1)
                                                         net55 (net)
                      0.199495    0.000418    5.449996 ^ output55/A (sky130_fd_sc_hd__buf_2)
     1    0.034256    0.170816    0.246728    5.696724 ^ output55/X (sky130_fd_sc_hd__buf_2)
                                                         outputs[2] (net)
                      0.170830    0.001656    5.698380 ^ outputs[2] (out)
                                              5.698380   data arrival time

                      0.000000   25.000000   25.000000   clock clk (rise edge)
                                  0.000000   25.000000   clock network delay (ideal)
                                 -0.250000   24.750000   clock uncertainty
                                  0.000000   24.750000   clock reconvergence pessimism
                                 -5.000000   19.750000   output external delay
                                             19.750000   data required time
---------------------------------------------------------------------------------------------
                                             19.750000   data required time
                                             -5.698380   data arrival time
---------------------------------------------------------------------------------------------
                                             14.051620   slack (MET)


Startpoint: inputs[0] (input port clocked by clk)
Endpoint: outputs[1] (output port clocked by clk)
Path Group: clk
Path Type: max

Fanout         Cap        Slew       Delay        Time   Description
---------------------------------------------------------------------------------------------
                      0.000000    0.000000    0.000000   clock clk (rise edge)
                                  0.000000    0.000000   clock network delay (ideal)
                                  5.000000    5.000000 ^ input external delay
     1    0.005156    0.029945    0.018462    5.018462 ^ inputs[0] (in)
                                                         inputs[0] (net)
                      0.029948    0.000000    5.018462 ^ input1/A (sky130_fd_sc_hd__buf_4)
     6    0.062719    0.176965    0.200909    5.219371 ^ input1/X (sky130_fd_sc_hd__buf_4)
                                                         net1 (net)
                      0.176992    0.001806    5.221178 ^ _128_/A (sky130_fd_sc_hd__xor2_1)
     1    0.003037    0.115740    0.159199    5.380376 ^ _128_/X (sky130_fd_sc_hd__xor2_1)
                                                         net44 (net)
                      0.115740    0.000190    5.380566 ^ output44/A (sky130_fd_sc_hd__buf_2)
     1    0.036789    0.182085    0.231494    5.612061 ^ output44/X (sky130_fd_sc_hd__buf_2)
                                                         outputs[1] (net)
                      0.182179    0.002148    5.614208 ^ outputs[1] (out)
                                              5.614208   data arrival time

                      0.000000   25.000000   25.000000   clock clk (rise edge)
                                  0.000000   25.000000   clock network delay (ideal)
                                 -0.250000   24.750000   clock uncertainty
                                  0.000000   24.750000   clock reconvergence pessimism
                                 -5.000000   19.750000   output external delay
                                             19.750000   data required time
---------------------------------------------------------------------------------------------
                                             19.750000   data required time
                                             -5.614208   data arrival time
---------------------------------------------------------------------------------------------
                                             14.135792   slack (MET)


Startpoint: inputs[0] (input port clocked by clk)
Endpoint: outputs[0] (output port clocked by clk)
Path Group: clk
Path Type: max

Fanout         Cap        Slew       Delay        Time   Description
---------------------------------------------------------------------------------------------
                      0.000000    0.000000    0.000000   clock clk (rise edge)
                                  0.000000    0.000000   clock network delay (ideal)
                                  5.000000    5.000000 ^ input external delay
     1    0.005156    0.029945    0.018462    5.018462 ^ inputs[0] (in)
                                                         inputs[0] (net)
                      0.029948    0.000000    5.018462 ^ input1/A (sky130_fd_sc_hd__buf_4)
     6    0.062719    0.176965    0.200909    5.219371 ^ input1/X (sky130_fd_sc_hd__buf_4)
                                                         net1 (net)
                      0.177199    0.005283    5.224654 ^ _129_/A (sky130_fd_sc_hd__clkbuf_1)
     1    0.002668    0.044062    0.108322    5.332976 ^ _129_/X (sky130_fd_sc_hd__clkbuf_1)
                                                         net33 (net)
                      0.044062    0.000171    5.333148 ^ output33/A (sky130_fd_sc_hd__buf_2)
     1    0.034927    0.173451    0.198938    5.532085 ^ output33/X (sky130_fd_sc_hd__buf_2)
                                                         outputs[0] (net)
                      0.173480    0.001883    5.533968 ^ outputs[0] (out)
                                              5.533968   data arrival time

                      0.000000   25.000000   25.000000   clock clk (rise edge)
                                  0.000000   25.000000   clock network delay (ideal)
                                 -0.250000   24.750000   clock uncertainty
                                  0.000000   24.750000   clock reconvergence pessimism
                                 -5.000000   19.750000   output external delay
                                             19.750000   data required time
---------------------------------------------------------------------------------------------
                                             19.750000   data required time
                                             -5.533968   data arrival time
---------------------------------------------------------------------------------------------
                                             14.216031   slack (MET)



