
===========================================================================
report_checks -path_delay min (Hold)
============================================================================
======================= nom_ff_n40C_1v95 Corner ===================================

Startpoint: inputs[1] (input port clocked by clk)
Endpoint: outputs[1] (output port clocked by clk)
Path Group: clk
Path Type: min

Fanout         Cap        Slew       Delay        Time   Description
---------------------------------------------------------------------------------------------
                      0.000000    0.000000    0.000000   clock clk (rise edge)
                                  0.000000    0.000000   clock network delay (ideal)
                                  5.000000    5.000000 ^ input external delay
     1    0.003208    0.015380    0.008313    5.008314 ^ inputs[1] (in)
                                                         inputs[1] (net)
                      0.015380    0.000000    5.008314 ^ input12/A (sky130_fd_sc_hd__clkbuf_4)
     5    0.043373    0.103795    0.134848    5.143162 ^ input12/X (sky130_fd_sc_hd__clkbuf_4)
                                                         net12 (net)
                      0.103841    0.000957    5.144118 ^ _128_/B (sky130_fd_sc_hd__xor2_1)
     1    0.002797    0.025176    0.042353    5.186471 v _128_/X (sky130_fd_sc_hd__xor2_1)
                                                         net44 (net)
                      0.025176    0.000085    5.186556 v output44/A (sky130_fd_sc_hd__buf_2)
     1    0.036467    0.066174    0.117810    5.304366 v output44/X (sky130_fd_sc_hd__buf_2)
                                                         outputs[1] (net)
                      0.066192    0.001027    5.305393 v outputs[1] (out)
                                              5.305393   data arrival time

                      0.000000    0.000000    0.000000   clock clk (rise edge)
                                  0.000000    0.000000   clock network delay (ideal)
                                  0.250000    0.250000   clock uncertainty
                                  0.000000    0.250000   clock reconvergence pessimism
                                 -5.000000   -4.750000   output external delay
                                             -4.750000   data required time
---------------------------------------------------------------------------------------------
                                             -4.750000   data required time
                                             -5.305393   data arrival time
---------------------------------------------------------------------------------------------
                                             10.055393   slack (MET)


Startpoint: inputs[0] (input port clocked by clk)
Endpoint: outputs[0] (output port clocked by clk)
Path Group: clk
Path Type: min

Fanout         Cap        Slew       Delay        Time   Description
---------------------------------------------------------------------------------------------
                      0.000000    0.000000    0.000000   clock clk (rise edge)
                                  0.000000    0.000000   clock network delay (ideal)
                                  5.000000    5.000000 v input external delay
     1    0.004771    0.007856    0.004042    5.004042 v inputs[0] (in)
                                                         inputs[0] (net)
                      0.007863    0.000000    5.004042 v input1/A (sky130_fd_sc_hd__buf_4)
     6    0.057084    0.061679    0.118272    5.122314 v input1/X (sky130_fd_sc_hd__buf_4)
                                                         net1 (net)
                      0.061811    0.002499    5.124813 v _129_/A (sky130_fd_sc_hd__clkbuf_1)
     1    0.002477    0.017796    0.067243    5.192056 v _129_/X (sky130_fd_sc_hd__clkbuf_1)
                                                         net33 (net)
                      0.017796    0.000072    5.192128 v output33/A (sky130_fd_sc_hd__buf_2)
     1    0.034824    0.063639    0.113131    5.305259 v output33/X (sky130_fd_sc_hd__buf_2)
                                                         outputs[0] (net)
                      0.063652    0.000851    5.306109 v outputs[0] (out)
                                              5.306109   data arrival time

                      0.000000    0.000000    0.000000   clock clk (rise edge)
                                  0.000000    0.000000   clock network delay (ideal)
                                  0.250000    0.250000   clock uncertainty
                                  0.000000    0.250000   clock reconvergence pessimism
                                 -5.000000   -4.750000   output external delay
                                             -4.750000   data required time
---------------------------------------------------------------------------------------------
                                             -4.750000   data required time
                                             -5.306109   data arrival time
---------------------------------------------------------------------------------------------
                                             10.056109   slack (MET)


Startpoint: inputs[2] (input port clocked by clk)
Endpoint: outputs[2] (output port clocked by clk)
Path Group: clk
Path Type: min

Fanout         Cap        Slew       Delay        Time   Description
---------------------------------------------------------------------------------------------
                      0.000000    0.000000    0.000000   clock clk (rise edge)
                                  0.000000    0.000000   clock network delay (ideal)
                                  5.000000    5.000000 ^ input external delay
     1    0.003120    0.015063    0.008086    5.008086 ^ inputs[2] (in)
                                                         inputs[2] (net)
                      0.015063    0.000000    5.008086 ^ input23/A (sky130_fd_sc_hd__buf_2)
     4    0.030148    0.113572    0.122196    5.130282 ^ input23/X (sky130_fd_sc_hd__buf_2)
                                                         net23 (net)
                      0.113579    0.000761    5.131043 ^ _080_/B (sky130_fd_sc_hd__xor2_1)
     2    0.007217    0.037282    0.062826    5.193869 v _080_/X (sky130_fd_sc_hd__xor2_1)
                                                         net55 (net)
                      0.037282    0.000159    5.194028 v output55/A (sky130_fd_sc_hd__buf_2)
     1    0.034199    0.062680    0.120036    5.314065 v output55/X (sky130_fd_sc_hd__buf_2)
                                                         outputs[2] (net)
                      0.062687    0.000665    5.314729 v outputs[2] (out)
                                              5.314729   data arrival time

                      0.000000    0.000000    0.000000   clock clk (rise edge)
                                  0.000000    0.000000   clock network delay (ideal)
                                  0.250000    0.250000   clock uncertainty
                                  0.000000    0.250000   clock reconvergence pessimism
                                 -5.000000   -4.750000   output external delay
                                             -4.750000   data required time
---------------------------------------------------------------------------------------------
                                             -4.750000   data required time
                                             -5.314729   data arrival time
---------------------------------------------------------------------------------------------
                                             10.064730   slack (MET)


Startpoint: inputs[8] (input port clocked by clk)
Endpoint: outputs[8] (output port clocked by clk)
Path Group: clk
Path Type: min

Fanout         Cap        Slew       Delay        Time   Description
---------------------------------------------------------------------------------------------
                      0.000000    0.000000    0.000000   clock clk (rise edge)
                                  0.000000    0.000000   clock network delay (ideal)
                                  5.000000    5.000000 ^ input external delay
     1    0.003786    0.017460    0.009825    5.009825 ^ inputs[8] (in)
                                                         inputs[8] (net)
                      0.017460    0.000000    5.009825 ^ input31/A (sky130_fd_sc_hd__clkbuf_2)
     2    0.025071    0.108040    0.116897    5.126721 ^ input31/X (sky130_fd_sc_hd__clkbuf_2)
                                                         net31 (net)
                      0.108045    0.000587    5.127308 ^ _052_/B (sky130_fd_sc_hd__xor2_4)
     4    0.023892    0.040684    0.071773    5.199081 v _052_/X (sky130_fd_sc_hd__xor2_4)
                                                         net63 (net)
                      0.040698    0.000695    5.199775 v output63/A (sky130_fd_sc_hd__buf_2)
     1    0.034777    0.063598    0.122020    5.321795 v output63/X (sky130_fd_sc_hd__buf_2)
                                                         outputs[8] (net)
                      0.063610    0.000830    5.322626 v outputs[8] (out)
                                              5.322626   data arrival time

                      0.000000    0.000000    0.000000   clock clk (rise edge)
                                  0.000000    0.000000   clock network delay (ideal)
                                  0.250000    0.250000   clock uncertainty
                                  0.000000    0.250000   clock reconvergence pessimism
                                 -5.000000   -4.750000   output external delay
                                             -4.750000   data required time
---------------------------------------------------------------------------------------------
                                             -4.750000   data required time
                                             -5.322626   data arrival time
---------------------------------------------------------------------------------------------
                                             10.072626   slack (MET)


Startpoint: inputs[4] (input port clocked by clk)
Endpoint: outputs[4] (output port clocked by clk)
Path Group: clk
Path Type: min

Fanout         Cap        Slew       Delay        Time   Description
---------------------------------------------------------------------------------------------
                      0.000000    0.000000    0.000000   clock clk (rise edge)
                                  0.000000    0.000000   clock network delay (ideal)
                                  5.000000    5.000000 ^ input external delay
     1    0.003742    0.017305    0.009720    5.009720 ^ inputs[4] (in)
                                                         inputs[4] (net)
                      0.017305    0.000000    5.009720 ^ input27/A (sky130_fd_sc_hd__clkbuf_2)
     3    0.023956    0.103501    0.113813    5.123532 ^ input27/X (sky130_fd_sc_hd__clkbuf_2)
                                                         net27 (net)
                      0.103505    0.000525    5.124057 ^ _060_/B (sky130_fd_sc_hd__xor2_2)
     3    0.015902    0.043451    0.071030    5.195087 v _060_/X (sky130_fd_sc_hd__xor2_2)
                                                         net59 (net)
                      0.043457    0.000546    5.195633 v output59/A (sky130_fd_sc_hd__buf_2)
     1    0.038630    0.069522    0.127631    5.323264 v output59/X (sky130_fd_sc_hd__buf_2)
                                                         outputs[4] (net)
                      0.069555    0.001397    5.324661 v outputs[4] (out)
                                              5.324661   data arrival time

                      0.000000    0.000000    0.000000   clock clk (rise edge)
                                  0.000000    0.000000   clock network delay (ideal)
                                  0.250000    0.250000   clock uncertainty
                                  0.000000    0.250000   clock reconvergence pessimism
                                 -5.000000   -4.750000   output external delay
                                             -4.750000   data required time
---------------------------------------------------------------------------------------------
                                             -4.750000   data required time
                                             -5.324661   data arrival time
---------------------------------------------------------------------------------------------
                                             10.074661   slack (MET)


Startpoint: inputs[16] (input port clocked by clk)
Endpoint: outputs[16] (output port clocked by clk)
Path Group: clk
Path Type: min

Fanout         Cap        Slew       Delay        Time   Description
---------------------------------------------------------------------------------------------
                      0.000000    0.000000    0.000000   clock clk (rise edge)
                                  0.000000    0.000000   clock network delay (ideal)
                                  5.000000    5.000000 ^ input external delay
     1    0.003461    0.016290    0.008976    5.008976 ^ inputs[16] (in)
                                                         inputs[16] (net)
                      0.016290    0.000000    5.008976 ^ input8/A (sky130_fd_sc_hd__clkbuf_2)
     1    0.018425    0.081148    0.098426    5.107402 ^ input8/X (sky130_fd_sc_hd__clkbuf_2)
                                                         net8 (net)
                      0.081181    0.000551    5.107953 ^ _049_/A (sky130_fd_sc_hd__xor2_4)
     5    0.039784    0.054149    0.089169    5.197121 v _049_/X (sky130_fd_sc_hd__xor2_4)
                                                         net40 (net)
                      0.054189    0.001331    5.198452 v output40/A (sky130_fd_sc_hd__buf_2)
     1    0.034318    0.062887    0.126919    5.325371 v output40/X (sky130_fd_sc_hd__buf_2)
                                                         outputs[16] (net)
                      0.062895    0.000732    5.326104 v outputs[16] (out)
                                              5.326104   data arrival time

                      0.000000    0.000000    0.000000   clock clk (rise edge)
                                  0.000000    0.000000   clock network delay (ideal)
                                  0.250000    0.250000   clock uncertainty
                                  0.000000    0.250000   clock reconvergence pessimism
                                 -5.000000   -4.750000   output external delay
                                             -4.750000   data required time
---------------------------------------------------------------------------------------------
                                             -4.750000   data required time
                                             -5.326104   data arrival time
---------------------------------------------------------------------------------------------
                                             10.076104   slack (MET)


Startpoint: inputs[6] (input port clocked by clk)
Endpoint: outputs[6] (output port clocked by clk)
Path Group: clk
Path Type: min

Fanout         Cap        Slew       Delay        Time   Description
---------------------------------------------------------------------------------------------
                      0.000000    0.000000    0.000000   clock clk (rise edge)
                                  0.000000    0.000000   clock network delay (ideal)
                                  5.000000    5.000000 ^ input external delay
     1    0.003311    0.015749    0.008582    5.008583 ^ inputs[6] (in)
                                                         inputs[6] (net)
                      0.015750    0.000000    5.008583 ^ input29/A (sky130_fd_sc_hd__clkbuf_2)
     3    0.019570    0.085790    0.101426    5.110009 ^ input29/X (sky130_fd_sc_hd__clkbuf_2)
                                                         net29 (net)
                      0.085793    0.000434    5.110443 ^ _078_/B (sky130_fd_sc_hd__xor2_2)
     2    0.013795    0.039818    0.062863    5.173306 v _078_/X (sky130_fd_sc_hd__xor2_2)
                                                         _044_ (net)
                      0.039829    0.000649    5.173955 v _079_/B (sky130_fd_sc_hd__xor2_1)
     1    0.002440    0.023997    0.086014    5.259969 v _079_/X (sky130_fd_sc_hd__xor2_1)
                                                         net61 (net)
                      0.023997    0.000070    5.260038 v output61/A (sky130_fd_sc_hd__buf_2)
     1    0.034611    0.063343    0.115133    5.375171 v output61/X (sky130_fd_sc_hd__buf_2)
                                                         outputs[6] (net)
                      0.063354    0.000812    5.375983 v outputs[6] (out)
                                              5.375983   data arrival time

                      0.000000    0.000000    0.000000   clock clk (rise edge)
                                  0.000000    0.000000   clock network delay (ideal)
                                  0.250000    0.250000   clock uncertainty
                                  0.000000    0.250000   clock reconvergence pessimism
                                 -5.000000   -4.750000   output external delay
                                             -4.750000   data required time
---------------------------------------------------------------------------------------------
                                             -4.750000   data required time
                                             -5.375983   data arrival time
---------------------------------------------------------------------------------------------
                                             10.125983   slack (MET)


Startpoint: inputs[2] (input port clocked by clk)
Endpoint: outputs[3] (output port clocked by clk)
Path Group: clk
Path Type: min

Fanout         Cap        Slew       Delay        Time   Description
---------------------------------------------------------------------------------------------
                      0.000000    0.000000    0.000000   clock clk (rise edge)
                                  0.000000    0.000000   clock network delay (ideal)
                                  5.000000    5.000000 ^ input external delay
     1    0.003120    0.015063    0.008086    5.008086 ^ inputs[2] (in)
                                                         inputs[2] (net)
                      0.015063    0.000000    5.008086 ^ input23/A (sky130_fd_sc_hd__buf_2)
     4    0.030148    0.113572    0.122196    5.130282 ^ input23/X (sky130_fd_sc_hd__buf_2)
                                                         net23 (net)
                      0.113579    0.000761    5.131043 ^ _080_/B (sky130_fd_sc_hd__xor2_1)
     2    0.007217    0.037282    0.062826    5.193869 v _080_/X (sky130_fd_sc_hd__xor2_1)
                                                         net55 (net)
                      0.037282    0.000183    5.194051 v _127_/A (sky130_fd_sc_hd__xnor2_1)
     1    0.001898    0.020240    0.075366    5.269417 v _127_/Y (sky130_fd_sc_hd__xnor2_1)
                                                         net58 (net)
                      0.020240    0.000036    5.269454 v output58/A (sky130_fd_sc_hd__buf_2)
     1    0.035275    0.064364    0.114487    5.383941 v output58/X (sky130_fd_sc_hd__buf_2)
                                                         outputs[3] (net)
                      0.064380    0.000964    5.384905 v outputs[3] (out)
                                              5.384905   data arrival time

                      0.000000    0.000000    0.000000   clock clk (rise edge)
                                  0.000000    0.000000   clock network delay (ideal)
                                  0.250000    0.250000   clock uncertainty
                                  0.000000    0.250000   clock reconvergence pessimism
                                 -5.000000   -4.750000   output external delay
                                             -4.750000   data required time
---------------------------------------------------------------------------------------------
                                             -4.750000   data required time
                                             -5.384905   data arrival time
---------------------------------------------------------------------------------------------
                                             10.134905   slack (MET)


Startpoint: inputs[9] (input port clocked by clk)
Endpoint: outputs[9] (output port clocked by clk)
Path Group: clk
Path Type: min

Fanout         Cap        Slew       Delay        Time   Description
---------------------------------------------------------------------------------------------
                      0.000000    0.000000    0.000000   clock clk (rise edge)
                                  0.000000    0.000000   clock network delay (ideal)
                                  5.000000    5.000000 ^ input external delay
     1    0.004540    0.020125    0.011824    5.011825 ^ inputs[9] (in)
                                                         inputs[9] (net)
                      0.020126    0.000000    5.011825 ^ input32/A (sky130_fd_sc_hd__clkbuf_2)
     2    0.018420    0.081146    0.099565    5.111390 ^ input32/X (sky130_fd_sc_hd__clkbuf_2)
                                                         net32 (net)
                      0.081175    0.000345    5.111735 ^ _109_/B (sky130_fd_sc_hd__xor2_2)
     3    0.017421    0.046068    0.069264    5.180999 v _109_/X (sky130_fd_sc_hd__xor2_2)
                                                         _016_ (net)
                      0.046072    0.000468    5.181467 v _120_/B (sky130_fd_sc_hd__xor2_1)
     1    0.002636    0.024601    0.089056    5.270523 v _120_/X (sky130_fd_sc_hd__xor2_1)
                                                         net64 (net)
                      0.024601    0.000077    5.270600 v output64/A (sky130_fd_sc_hd__buf_2)
     1    0.034478    0.063136    0.115226    5.385827 v output64/X (sky130_fd_sc_hd__buf_2)
                                                         outputs[9] (net)
                      0.063146    0.000782    5.386610 v outputs[9] (out)
                                              5.386610   data arrival time

                      0.000000    0.000000    0.000000   clock clk (rise edge)
                                  0.000000    0.000000   clock network delay (ideal)
                                  0.250000    0.250000   clock uncertainty
                                  0.000000    0.250000   clock reconvergence pessimism
                                 -5.000000   -4.750000   output external delay
                                             -4.750000   data required time
---------------------------------------------------------------------------------------------
                                             -4.750000   data required time
                                             -5.386610   data arrival time
---------------------------------------------------------------------------------------------
                                             10.136610   slack (MET)


Startpoint: inputs[17] (input port clocked by clk)
Endpoint: outputs[17] (output port clocked by clk)
Path Group: clk
Path Type: min

Fanout         Cap        Slew       Delay        Time   Description
---------------------------------------------------------------------------------------------
                      0.000000    0.000000    0.000000   clock clk (rise edge)
                                  0.000000    0.000000   clock network delay (ideal)
                                  5.000000    5.000000 ^ input external delay
     1    0.004335    0.019401    0.011275    5.011275 ^ inputs[17] (in)
                                                         inputs[17] (net)
                      0.019402    0.000000    5.011275 ^ input9/A (sky130_fd_sc_hd__clkbuf_2)
     1    0.019016    0.083587    0.100852    5.112127 ^ input9/X (sky130_fd_sc_hd__clkbuf_2)
                                                         net9 (net)
                      0.083594    0.000612    5.112739 ^ _081_/A (sky130_fd_sc_hd__xor2_4)
     4    0.023586    0.040404    0.070907    5.183646 v _081_/X (sky130_fd_sc_hd__xor2_4)
                                                         _045_ (net)
                      0.040416    0.000651    5.184297 v _108_/B (sky130_fd_sc_hd__xor2_1)
     1    0.004682    0.030140    0.093860    5.278157 v _108_/X (sky130_fd_sc_hd__xor2_1)
                                                         net41 (net)
                      0.030140    0.000140    5.278297 v output41/A (sky130_fd_sc_hd__buf_2)
     1    0.033965    0.062323    0.116896    5.395194 v output41/X (sky130_fd_sc_hd__buf_2)
                                                         outputs[17] (net)
                      0.062329    0.000638    5.395832 v outputs[17] (out)
                                              5.395832   data arrival time

                      0.000000    0.000000    0.000000   clock clk (rise edge)
                                  0.000000    0.000000   clock network delay (ideal)
                                  0.250000    0.250000   clock uncertainty
                                  0.000000    0.250000   clock reconvergence pessimism
                                 -5.000000   -4.750000   output external delay
                                             -4.750000   data required time
---------------------------------------------------------------------------------------------
                                             -4.750000   data required time
                                             -5.395832   data arrival time
---------------------------------------------------------------------------------------------
                                             10.145832   slack (MET)


Startpoint: inputs[20] (input port clocked by clk)
Endpoint: outputs[20] (output port clocked by clk)
Path Group: clk
Path Type: min

Fanout         Cap        Slew       Delay        Time   Description
---------------------------------------------------------------------------------------------
                      0.000000    0.000000    0.000000   clock clk (rise edge)
                                  0.000000    0.000000   clock network delay (ideal)
                                  5.000000    5.000000 ^ input external delay
     1    0.003489    0.016391    0.009052    5.009052 ^ inputs[20] (in)
                                                         inputs[20] (net)
                      0.016391    0.000000    5.009052 ^ input13/A (sky130_fd_sc_hd__buf_1)
     1    0.009340    0.086928    0.086720    5.095772 ^ input13/X (sky130_fd_sc_hd__buf_1)
                                                         net13 (net)
                      0.086930    0.000275    5.096047 ^ _053_/A (sky130_fd_sc_hd__xnor2_2)
     1    0.019310    0.082096    0.115242    5.211289 ^ _053_/Y (sky130_fd_sc_hd__xnor2_2)
                                                         _029_ (net)
                      0.082141    0.000877    5.212165 ^ _055_/B (sky130_fd_sc_hd__xnor2_4)
     4    0.020514    0.047292    0.059933    5.272098 v _055_/Y (sky130_fd_sc_hd__xnor2_4)
                                                         net45 (net)
                      0.047294    0.000366    5.272464 v output45/A (sky130_fd_sc_hd__buf_2)
     1    0.034339    0.062914    0.124177    5.396641 v output45/X (sky130_fd_sc_hd__buf_2)
                                                         outputs[20] (net)
                      0.062923    0.000733    5.397373 v outputs[20] (out)
                                              5.397373   data arrival time

                      0.000000    0.000000    0.000000   clock clk (rise edge)
                                  0.000000    0.000000   clock network delay (ideal)
                                  0.250000    0.250000   clock uncertainty
                                  0.000000    0.250000   clock reconvergence pessimism
                                 -5.000000   -4.750000   output external delay
                                             -4.750000   data required time
---------------------------------------------------------------------------------------------
                                             -4.750000   data required time
                                             -5.397373   data arrival time
---------------------------------------------------------------------------------------------
                                             10.147373   slack (MET)


Startpoint: inputs[24] (input port clocked by clk)
Endpoint: outputs[24] (output port clocked by clk)
Path Group: clk
Path Type: min

Fanout         Cap        Slew       Delay        Time   Description
---------------------------------------------------------------------------------------------
                      0.000000    0.000000    0.000000   clock clk (rise edge)
                                  0.000000    0.000000   clock network delay (ideal)
                                  5.000000    5.000000 ^ input external delay
     1    0.003276    0.015624    0.008495    5.008495 ^ inputs[24] (in)
                                                         inputs[24] (net)
                      0.015625    0.000000    5.008495 ^ input17/A (sky130_fd_sc_hd__buf_1)
     1    0.009536    0.088591    0.087640    5.096134 ^ input17/X (sky130_fd_sc_hd__buf_1)
                                                         net17 (net)
                      0.088592    0.000276    5.096411 ^ _050_/A (sky130_fd_sc_hd__xor2_2)
     2    0.013819    0.039895    0.068000    5.164411 v _050_/X (sky130_fd_sc_hd__xor2_2)
                                                         _028_ (net)
                      0.039897    0.000345    5.164755 v _051_/B (sky130_fd_sc_hd__xor2_2)
     3    0.016111    0.043724    0.112840    5.277596 v _051_/X (sky130_fd_sc_hd__xor2_2)
                                                         net49 (net)
                      0.043734    0.000654    5.278250 v output49/A (sky130_fd_sc_hd__buf_2)
     1    0.033894    0.062210    0.122273    5.400522 v output49/X (sky130_fd_sc_hd__buf_2)
                                                         outputs[24] (net)
                      0.062215    0.000611    5.401133 v outputs[24] (out)
                                              5.401133   data arrival time

                      0.000000    0.000000    0.000000   clock clk (rise edge)
                                  0.000000    0.000000   clock network delay (ideal)
                                  0.250000    0.250000   clock uncertainty
                                  0.000000    0.250000   clock reconvergence pessimism
                                 -5.000000   -4.750000   output external delay
                                             -4.750000   data required time
---------------------------------------------------------------------------------------------
                                             -4.750000   data required time
                                             -5.401133   data arrival time
---------------------------------------------------------------------------------------------
                                             10.151134   slack (MET)


Startpoint: inputs[18] (input port clocked by clk)
Endpoint: outputs[18] (output port clocked by clk)
Path Group: clk
Path Type: min

Fanout         Cap        Slew       Delay        Time   Description
---------------------------------------------------------------------------------------------
                      0.000000    0.000000    0.000000   clock clk (rise edge)
                                  0.000000    0.000000   clock network delay (ideal)
                                  5.000000    5.000000 ^ input external delay
     1    0.003103    0.014999    0.008037    5.008037 ^ inputs[18] (in)
                                                         inputs[18] (net)
                      0.015004    0.000000    5.008037 ^ input10/A (sky130_fd_sc_hd__buf_1)
     1    0.009214    0.085881    0.085592    5.093629 ^ input10/X (sky130_fd_sc_hd__buf_1)
                                                         net10 (net)
                      0.085882    0.000269    5.093898 ^ _061_/A (sky130_fd_sc_hd__xnor2_2)
     3    0.020971    0.088207    0.119629    5.213528 ^ _061_/Y (sky130_fd_sc_hd__xnor2_2)
                                                         _033_ (net)
                      0.088207    0.000417    5.213944 ^ _072_/B (sky130_fd_sc_hd__xnor2_1)
     2    0.009996    0.052112    0.069238    5.283182 v _072_/Y (sky130_fd_sc_hd__xnor2_1)
                                                         net42 (net)
                      0.052112    0.000253    5.283435 v output42/A (sky130_fd_sc_hd__buf_2)
     1    0.034323    0.062890    0.126087    5.409522 v output42/X (sky130_fd_sc_hd__buf_2)
                                                         outputs[18] (net)
                      0.062899    0.000732    5.410254 v outputs[18] (out)
                                              5.410254   data arrival time

                      0.000000    0.000000    0.000000   clock clk (rise edge)
                                  0.000000    0.000000   clock network delay (ideal)
                                  0.250000    0.250000   clock uncertainty
                                  0.000000    0.250000   clock reconvergence pessimism
                                 -5.000000   -4.750000   output external delay
                                             -4.750000   data required time
---------------------------------------------------------------------------------------------
                                             -4.750000   data required time
                                             -5.410254   data arrival time
---------------------------------------------------------------------------------------------
                                             10.160254   slack (MET)


Startpoint: inputs[1] (input port clocked by clk)
Endpoint: outputs[5] (output port clocked by clk)
Path Group: clk
Path Type: min

Fanout         Cap        Slew       Delay        Time   Description
---------------------------------------------------------------------------------------------
                      0.000000    0.000000    0.000000   clock clk (rise edge)
                                  0.000000    0.000000   clock network delay (ideal)
                                  5.000000    5.000000 ^ input external delay
     1    0.003208    0.015380    0.008313    5.008314 ^ inputs[1] (in)
                                                         inputs[1] (net)
                      0.015380    0.000000    5.008314 ^ input12/A (sky130_fd_sc_hd__clkbuf_4)
     5    0.043373    0.103795    0.134848    5.143162 ^ input12/X (sky130_fd_sc_hd__clkbuf_4)
                                                         net12 (net)
                      0.103797    0.000683    5.143845 ^ _121_/A (sky130_fd_sc_hd__xnor2_1)
     1    0.005176    0.054517    0.090788    5.234633 ^ _121_/Y (sky130_fd_sc_hd__xnor2_1)
                                                         _024_ (net)
                      0.054517    0.000153    5.234787 ^ _122_/B (sky130_fd_sc_hd__xnor2_1)
     2    0.007784    0.042108    0.055246    5.290033 v _122_/Y (sky130_fd_sc_hd__xnor2_1)
                                                         net60 (net)
                      0.042108    0.000093    5.290126 v output60/A (sky130_fd_sc_hd__buf_2)
     1    0.034047    0.062448    0.121793    5.411920 v output60/X (sky130_fd_sc_hd__buf_2)
                                                         outputs[5] (net)
                      0.062455    0.000642    5.412562 v outputs[5] (out)
                                              5.412562   data arrival time

                      0.000000    0.000000    0.000000   clock clk (rise edge)
                                  0.000000    0.000000   clock network delay (ideal)
                                  0.250000    0.250000   clock uncertainty
                                  0.000000    0.250000   clock reconvergence pessimism
                                 -5.000000   -4.750000   output external delay
                                             -4.750000   data required time
---------------------------------------------------------------------------------------------
                                             -4.750000   data required time
                                             -5.412562   data arrival time
---------------------------------------------------------------------------------------------
                                             10.162561   slack (MET)


Startpoint: inputs[12] (input port clocked by clk)
Endpoint: outputs[12] (output port clocked by clk)
Path Group: clk
Path Type: min

Fanout         Cap        Slew       Delay        Time   Description
---------------------------------------------------------------------------------------------
                      0.000000    0.000000    0.000000   clock clk (rise edge)
                                  0.000000    0.000000   clock network delay (ideal)
                                  5.000000    5.000000 ^ input external delay
     1    0.002908    0.014302    0.007524    5.007524 ^ inputs[12] (in)
                                                         inputs[12] (net)
                      0.014302    0.000000    5.007524 ^ input4/A (sky130_fd_sc_hd__buf_1)
     2    0.011388    0.104359    0.098035    5.105559 ^ input4/X (sky130_fd_sc_hd__buf_1)
                                                         net4 (net)
                      0.104361    0.000310    5.105869 ^ _058_/B (sky130_fd_sc_hd__xnor2_1)
     2    0.013063    0.064939    0.083513    5.189382 v _058_/Y (sky130_fd_sc_hd__xnor2_1)
                                                         _032_ (net)
                      0.064943    0.000548    5.189930 v _059_/B (sky130_fd_sc_hd__xnor2_1)
     2    0.009882    0.051622    0.113562    5.303492 v _059_/Y (sky130_fd_sc_hd__xnor2_1)
                                                         net36 (net)
                      0.051622    0.000282    5.303774 v output36/A (sky130_fd_sc_hd__buf_2)
     1    0.035084    0.064074    0.126753    5.430527 v output36/X (sky130_fd_sc_hd__buf_2)
                                                         outputs[12] (net)
                      0.064087    0.000876    5.431403 v outputs[12] (out)
                                              5.431403   data arrival time

                      0.000000    0.000000    0.000000   clock clk (rise edge)
                                  0.000000    0.000000   clock network delay (ideal)
                                  0.250000    0.250000   clock uncertainty
                                  0.000000    0.250000   clock reconvergence pessimism
                                 -5.000000   -4.750000   output external delay
                                             -4.750000   data required time
---------------------------------------------------------------------------------------------
                                             -4.750000   data required time
                                             -5.431403   data arrival time
---------------------------------------------------------------------------------------------
                                             10.181402   slack (MET)


Startpoint: inputs[10] (input port clocked by clk)
Endpoint: outputs[10] (output port clocked by clk)
Path Group: clk
Path Type: min

Fanout         Cap        Slew       Delay        Time   Description
---------------------------------------------------------------------------------------------
                      0.000000    0.000000    0.000000   clock clk (rise edge)
                                  0.000000    0.000000   clock network delay (ideal)
                                  5.000000    5.000000 ^ input external delay
     1    0.004003    0.018230    0.010408    5.010408 ^ inputs[10] (in)
                                                         inputs[10] (net)
                      0.018231    0.000000    5.010408 ^ input2/A (sky130_fd_sc_hd__buf_1)
     2    0.011235    0.103029    0.098297    5.108706 ^ input2/X (sky130_fd_sc_hd__buf_1)
                                                         net2 (net)
                      0.103029    0.000246    5.108952 ^ _073_/B (sky130_fd_sc_hd__xnor2_1)
     1    0.012086    0.060844    0.079655    5.188607 v _073_/Y (sky130_fd_sc_hd__xnor2_1)
                                                         _041_ (net)
                      0.060848    0.000549    5.189157 v _074_/B (sky130_fd_sc_hd__xnor2_2)
     3    0.015735    0.054219    0.115335    5.304492 v _074_/Y (sky130_fd_sc_hd__xnor2_2)
                                                         net34 (net)
                      0.054222    0.000468    5.304959 v output34/A (sky130_fd_sc_hd__buf_2)
     1    0.036186    0.065833    0.128956    5.433916 v output34/X (sky130_fd_sc_hd__buf_2)
                                                         outputs[10] (net)
                      0.065859    0.001211    5.435127 v outputs[10] (out)
                                              5.435127   data arrival time

                      0.000000    0.000000    0.000000   clock clk (rise edge)
                                  0.000000    0.000000   clock network delay (ideal)
                                  0.250000    0.250000   clock uncertainty
                                  0.000000    0.250000   clock reconvergence pessimism
                                 -5.000000   -4.750000   output external delay
                                             -4.750000   data required time
---------------------------------------------------------------------------------------------
                                             -4.750000   data required time
                                             -5.435127   data arrival time
---------------------------------------------------------------------------------------------
                                             10.185127   slack (MET)


Startpoint: inputs[19] (input port clocked by clk)
Endpoint: outputs[19] (output port clocked by clk)
Path Group: clk
Path Type: min

Fanout         Cap        Slew       Delay        Time   Description
---------------------------------------------------------------------------------------------
                      0.000000    0.000000    0.000000   clock clk (rise edge)
                                  0.000000    0.000000   clock network delay (ideal)
                                  5.000000    5.000000 ^ input external delay
     1    0.002658    0.013410    0.006864    5.006864 ^ inputs[19] (in)
                                                         inputs[19] (net)
                      0.013410    0.000000    5.006864 ^ input11/A (sky130_fd_sc_hd__buf_1)
     1    0.009623    0.089338    0.087553    5.094417 ^ input11/X (sky130_fd_sc_hd__buf_1)
                                                         net11 (net)
                      0.089339    0.000223    5.094639 ^ _088_/A (sky130_fd_sc_hd__xnor2_2)
     3    0.014702    0.051572    0.069368    5.164007 v _088_/Y (sky130_fd_sc_hd__xnor2_2)
                                                         _003_ (net)
                      0.051573    0.000352    5.164359 v _106_/B (sky130_fd_sc_hd__xor2_1)
     1    0.005193    0.100012    0.115166    5.279525 ^ _106_/X (sky130_fd_sc_hd__xor2_1)
                                                         _015_ (net)
                      0.100012    0.000159    5.279685 ^ _107_/B (sky130_fd_sc_hd__xnor2_1)
     1    0.002946    0.024258    0.042280    5.321964 v _107_/Y (sky130_fd_sc_hd__xnor2_1)
                                                         net43 (net)
                      0.024258    0.000067    5.322031 v output43/A (sky130_fd_sc_hd__buf_2)
     1    0.033966    0.062321    0.114545    5.436576 v output43/X (sky130_fd_sc_hd__buf_2)
                                                         outputs[19] (net)
                      0.062327    0.000632    5.437208 v outputs[19] (out)
                                              5.437208   data arrival time

                      0.000000    0.000000    0.000000   clock clk (rise edge)
                                  0.000000    0.000000   clock network delay (ideal)
                                  0.250000    0.250000   clock uncertainty
                                  0.000000    0.250000   clock reconvergence pessimism
                                 -5.000000   -4.750000   output external delay
                                             -4.750000   data required time
---------------------------------------------------------------------------------------------
                                             -4.750000   data required time
                                             -5.437208   data arrival time
---------------------------------------------------------------------------------------------
                                             10.187208   slack (MET)


Startpoint: inputs[6] (input port clocked by clk)
Endpoint: outputs[7] (output port clocked by clk)
Path Group: clk
Path Type: min

Fanout         Cap        Slew       Delay        Time   Description
---------------------------------------------------------------------------------------------
                      0.000000    0.000000    0.000000   clock clk (rise edge)
                                  0.000000    0.000000   clock network delay (ideal)
                                  5.000000    5.000000 ^ input external delay
     1    0.003311    0.015749    0.008582    5.008583 ^ inputs[6] (in)
                                                         inputs[6] (net)
                      0.015750    0.000000    5.008583 ^ input29/A (sky130_fd_sc_hd__clkbuf_2)
     3    0.019570    0.085790    0.101426    5.110009 ^ input29/X (sky130_fd_sc_hd__clkbuf_2)
                                                         net29 (net)
                      0.085793    0.000434    5.110443 ^ _078_/B (sky130_fd_sc_hd__xor2_2)
     2    0.013795    0.039818    0.062863    5.173306 v _078_/X (sky130_fd_sc_hd__xor2_2)
                                                         _044_ (net)
                      0.039828    0.000622    5.173928 v _124_/A (sky130_fd_sc_hd__xnor2_1)
     1    0.005029    0.053612    0.124109    5.298037 ^ _124_/Y (sky130_fd_sc_hd__xnor2_1)
                                                         _026_ (net)
                      0.053612    0.000103    5.298141 ^ _125_/B (sky130_fd_sc_hd__xnor2_1)
     1    0.002796    0.023126    0.037315    5.335455 v _125_/Y (sky130_fd_sc_hd__xnor2_1)
                                                         net62 (net)
                      0.023126    0.000083    5.335539 v output62/A (sky130_fd_sc_hd__buf_2)
     1    0.034542    0.063235    0.114706    5.450245 v output62/X (sky130_fd_sc_hd__buf_2)
                                                         outputs[7] (net)
                      0.063245    0.000797    5.451042 v outputs[7] (out)
                                              5.451042   data arrival time

                      0.000000    0.000000    0.000000   clock clk (rise edge)
                                  0.000000    0.000000   clock network delay (ideal)
                                  0.250000    0.250000   clock uncertainty
                                  0.000000    0.250000   clock reconvergence pessimism
                                 -5.000000   -4.750000   output external delay
                                             -4.750000   data required time
---------------------------------------------------------------------------------------------
                                             -4.750000   data required time
                                             -5.451042   data arrival time
---------------------------------------------------------------------------------------------
                                             10.201042   slack (MET)


Startpoint: inputs[26] (input port clocked by clk)
Endpoint: outputs[26] (output port clocked by clk)
Path Group: clk
Path Type: min

Fanout         Cap        Slew       Delay        Time   Description
---------------------------------------------------------------------------------------------
                      0.000000    0.000000    0.000000   clock clk (rise edge)
                                  0.000000    0.000000   clock network delay (ideal)
                                  5.000000    5.000000 ^ input external delay
     1    0.003329    0.015814    0.008632    5.008632 ^ inputs[26] (in)
                                                         inputs[26] (net)
                      0.015814    0.000000    5.008632 ^ input19/A (sky130_fd_sc_hd__clkbuf_1)
     1    0.005000    0.050385    0.061190    5.069821 ^ input19/X (sky130_fd_sc_hd__clkbuf_1)
                                                         net19 (net)
                      0.050385    0.000103    5.069924 ^ _062_/A (sky130_fd_sc_hd__xnor2_1)
     1    0.009337    0.087330    0.108550    5.178474 ^ _062_/Y (sky130_fd_sc_hd__xnor2_1)
                                                         _034_ (net)
                      0.087330    0.000306    5.178779 ^ _063_/B (sky130_fd_sc_hd__xnor2_2)
     2    0.013092    0.060022    0.095300    5.274079 ^ _063_/Y (sky130_fd_sc_hd__xnor2_2)
                                                         _035_ (net)
                      0.060024    0.000472    5.274551 ^ _069_/B (sky130_fd_sc_hd__xnor2_1)
     2    0.007485    0.041705    0.055260    5.329812 v _069_/Y (sky130_fd_sc_hd__xnor2_1)
                                                         net51 (net)
                      0.041705    0.000212    5.330024 v output51/A (sky130_fd_sc_hd__buf_2)
     1    0.034105    0.062548    0.121677    5.451701 v output51/X (sky130_fd_sc_hd__buf_2)
                                                         outputs[26] (net)
                      0.062555    0.000681    5.452382 v outputs[26] (out)
                                              5.452382   data arrival time

                      0.000000    0.000000    0.000000   clock clk (rise edge)
                                  0.000000    0.000000   clock network delay (ideal)
                                  0.250000    0.250000   clock uncertainty
                                  0.000000    0.250000   clock reconvergence pessimism
                                 -5.000000   -4.750000   output external delay
                                             -4.750000   data required time
---------------------------------------------------------------------------------------------
                                             -4.750000   data required time
                                             -5.452382   data arrival time
---------------------------------------------------------------------------------------------
                                             10.202381   slack (MET)


Startpoint: inputs[22] (input port clocked by clk)
Endpoint: outputs[22] (output port clocked by clk)
Path Group: clk
Path Type: min

Fanout         Cap        Slew       Delay        Time   Description
---------------------------------------------------------------------------------------------
                      0.000000    0.000000    0.000000   clock clk (rise edge)
                                  0.000000    0.000000   clock network delay (ideal)
                                  5.000000    5.000000 ^ input external delay
     1    0.003218    0.015414    0.008338    5.008338 ^ inputs[22] (in)
                                                         inputs[22] (net)
                      0.015414    0.000000    5.008338 ^ input15/A (sky130_fd_sc_hd__clkbuf_1)
     1    0.004884    0.049415    0.060381    5.068719 ^ input15/X (sky130_fd_sc_hd__clkbuf_1)
                                                         net15 (net)
                      0.049415    0.000144    5.068863 ^ _064_/A (sky130_fd_sc_hd__xor2_1)
     2    0.011025    0.047554    0.065425    5.134288 v _064_/X (sky130_fd_sc_hd__xor2_1)
                                                         _036_ (net)
                      0.047554    0.000188    5.134476 v _070_/B (sky130_fd_sc_hd__xnor2_1)
     2    0.011180    0.057061    0.111165    5.245640 v _070_/Y (sky130_fd_sc_hd__xnor2_1)
                                                         _040_ (net)
                      0.057061    0.000214    5.245854 v _071_/B (sky130_fd_sc_hd__xor2_1)
     1    0.002607    0.024513    0.093007    5.338861 v _071_/X (sky130_fd_sc_hd__xor2_1)
                                                         net47 (net)
                      0.024513    0.000075    5.338936 v output47/A (sky130_fd_sc_hd__buf_2)
     1    0.034404    0.063012    0.115122    5.454059 v output47/X (sky130_fd_sc_hd__buf_2)
                                                         outputs[22] (net)
                      0.063021    0.000747    5.454806 v outputs[22] (out)
                                              5.454806   data arrival time

                      0.000000    0.000000    0.000000   clock clk (rise edge)
                                  0.000000    0.000000   clock network delay (ideal)
                                  0.250000    0.250000   clock uncertainty
                                  0.000000    0.250000   clock reconvergence pessimism
                                 -5.000000   -4.750000   output external delay
                                             -4.750000   data required time
---------------------------------------------------------------------------------------------
                                             -4.750000   data required time
                                             -5.454806   data arrival time
---------------------------------------------------------------------------------------------
                                             10.204806   slack (MET)


Startpoint: inputs[11] (input port clocked by clk)
Endpoint: outputs[11] (output port clocked by clk)
Path Group: clk
Path Type: min

Fanout         Cap        Slew       Delay        Time   Description
---------------------------------------------------------------------------------------------
                      0.000000    0.000000    0.000000   clock clk (rise edge)
                                  0.000000    0.000000   clock network delay (ideal)
                                  5.000000    5.000000 ^ input external delay
     1    0.003387    0.016022    0.008785    5.008785 ^ inputs[11] (in)
                                                         inputs[11] (net)
                      0.016022    0.000000    5.008785 ^ input3/A (sky130_fd_sc_hd__buf_1)
     2    0.011601    0.106167    0.099723    5.108508 ^ input3/X (sky130_fd_sc_hd__buf_1)
                                                         net3 (net)
                      0.106168    0.000311    5.108819 ^ _112_/B (sky130_fd_sc_hd__xor2_1)
     2    0.011845    0.049835    0.076947    5.185766 v _112_/X (sky130_fd_sc_hd__xor2_1)
                                                         _019_ (net)
                      0.049836    0.000363    5.186129 v _118_/B (sky130_fd_sc_hd__xnor2_1)
     1    0.005130    0.054752    0.116288    5.302417 ^ _118_/Y (sky130_fd_sc_hd__xnor2_1)
                                                         _023_ (net)
                      0.054752    0.000155    5.302572 ^ _119_/B (sky130_fd_sc_hd__xnor2_1)
     1    0.002983    0.023970    0.038203    5.340775 v _119_/Y (sky130_fd_sc_hd__xnor2_1)
                                                         net35 (net)
                      0.023970    0.000086    5.340861 v output35/A (sky130_fd_sc_hd__buf_2)
     1    0.034591    0.063312    0.115095    5.455957 v output35/X (sky130_fd_sc_hd__buf_2)
                                                         outputs[11] (net)
                      0.063323    0.000811    5.456768 v outputs[11] (out)
                                              5.456768   data arrival time

                      0.000000    0.000000    0.000000   clock clk (rise edge)
                                  0.000000    0.000000   clock network delay (ideal)
                                  0.250000    0.250000   clock uncertainty
                                  0.000000    0.250000   clock reconvergence pessimism
                                 -5.000000   -4.750000   output external delay
                                             -4.750000   data required time
---------------------------------------------------------------------------------------------
                                             -4.750000   data required time
                                             -5.456768   data arrival time
---------------------------------------------------------------------------------------------
                                             10.206768   slack (MET)


Startpoint: inputs[14] (input port clocked by clk)
Endpoint: outputs[14] (output port clocked by clk)
Path Group: clk
Path Type: min

Fanout         Cap        Slew       Delay        Time   Description
---------------------------------------------------------------------------------------------
                      0.000000    0.000000    0.000000   clock clk (rise edge)
                                  0.000000    0.000000   clock network delay (ideal)
                                  5.000000    5.000000 ^ input external delay
     1    0.003204    0.015366    0.008303    5.008303 ^ inputs[14] (in)
                                                         inputs[14] (net)
                      0.015366    0.000000    5.008303 ^ input6/A (sky130_fd_sc_hd__buf_1)
     2    0.011248    0.103163    0.097486    5.105789 ^ input6/X (sky130_fd_sc_hd__buf_1)
                                                         net6 (net)
                      0.103165    0.000405    5.106194 ^ _075_/B (sky130_fd_sc_hd__xor2_1)
     1    0.007898    0.039032    0.063099    5.169293 v _075_/X (sky130_fd_sc_hd__xor2_1)
                                                         _042_ (net)
                      0.039035    0.000345    5.169638 v _076_/B (sky130_fd_sc_hd__xnor2_1)
     1    0.004717    0.051104    0.108193    5.277832 ^ _076_/Y (sky130_fd_sc_hd__xnor2_1)
                                                         _043_ (net)
                      0.051104    0.000136    5.277967 ^ _077_/B (sky130_fd_sc_hd__xor2_1)
     2    0.010068    0.044915    0.059205    5.337172 v _077_/X (sky130_fd_sc_hd__xor2_1)
                                                         net38 (net)
                      0.044918    0.000430    5.337602 v output38/A (sky130_fd_sc_hd__buf_2)
     1    0.034574    0.063291    0.123468    5.461071 v output38/X (sky130_fd_sc_hd__buf_2)
                                                         outputs[14] (net)
                      0.063302    0.000810    5.461881 v outputs[14] (out)
                                              5.461881   data arrival time

                      0.000000    0.000000    0.000000   clock clk (rise edge)
                                  0.000000    0.000000   clock network delay (ideal)
                                  0.250000    0.250000   clock uncertainty
                                  0.000000    0.250000   clock reconvergence pessimism
                                 -5.000000   -4.750000   output external delay
                                             -4.750000   data required time
---------------------------------------------------------------------------------------------
                                             -4.750000   data required time
                                             -5.461881   data arrival time
---------------------------------------------------------------------------------------------
                                             10.211882   slack (MET)


Startpoint: inputs[25] (input port clocked by clk)
Endpoint: outputs[25] (output port clocked by clk)
Path Group: clk
Path Type: min

Fanout         Cap        Slew       Delay        Time   Description
---------------------------------------------------------------------------------------------
                      0.000000    0.000000    0.000000   clock clk (rise edge)
                                  0.000000    0.000000   clock network delay (ideal)
                                  5.000000    5.000000 ^ input external delay
     1    0.002938    0.014408    0.007603    5.007603 ^ inputs[25] (in)
                                                         inputs[25] (net)
                      0.014413    0.000000    5.007603 ^ input18/A (sky130_fd_sc_hd__buf_1)
     1    0.009363    0.087130    0.086287    5.093890 ^ input18/X (sky130_fd_sc_hd__buf_1)
                                                         net18 (net)
                      0.087131    0.000279    5.094170 ^ _084_/A (sky130_fd_sc_hd__xnor2_2)
     2    0.013267    0.060544    0.099741    5.193910 ^ _084_/Y (sky130_fd_sc_hd__xnor2_2)
                                                         _048_ (net)
                      0.060548    0.000556    5.194466 ^ _098_/B (sky130_fd_sc_hd__xnor2_1)
     2    0.009795    0.051244    0.063054    5.257519 v _098_/Y (sky130_fd_sc_hd__xnor2_1)
                                                         _011_ (net)
                      0.051244    0.000254    5.257773 v _101_/B (sky130_fd_sc_hd__xor2_1)
     1    0.002631    0.024587    0.090907    5.348680 v _101_/X (sky130_fd_sc_hd__xor2_1)
                                                         net50 (net)
                      0.024587    0.000079    5.348759 v output50/A (sky130_fd_sc_hd__buf_2)
     1    0.033957    0.062315    0.114654    5.463412 v output50/X (sky130_fd_sc_hd__buf_2)
                                                         outputs[25] (net)
                      0.062321    0.000648    5.464060 v outputs[25] (out)
                                              5.464060   data arrival time

                      0.000000    0.000000    0.000000   clock clk (rise edge)
                                  0.000000    0.000000   clock network delay (ideal)
                                  0.250000    0.250000   clock uncertainty
                                  0.000000    0.250000   clock reconvergence pessimism
                                 -5.000000   -4.750000   output external delay
                                             -4.750000   data required time
---------------------------------------------------------------------------------------------
                                             -4.750000   data required time
                                             -5.464060   data arrival time
---------------------------------------------------------------------------------------------
                                             10.214061   slack (MET)


Startpoint: inputs[13] (input port clocked by clk)
Endpoint: outputs[13] (output port clocked by clk)
Path Group: clk
Path Type: min

Fanout         Cap        Slew       Delay        Time   Description
---------------------------------------------------------------------------------------------
                      0.000000    0.000000    0.000000   clock clk (rise edge)
                                  0.000000    0.000000   clock network delay (ideal)
                                  5.000000    5.000000 v input external delay
     1    0.003270    0.005407    0.002699    5.002699 v inputs[13] (in)
                                                         inputs[13] (net)
                      0.005407    0.000000    5.002699 v input5/A (sky130_fd_sc_hd__buf_1)
     2    0.010987    0.047459    0.072212    5.074911 v input5/X (sky130_fd_sc_hd__buf_1)
                                                         net5 (net)
                      0.047461    0.000363    5.075274 v _110_/B (sky130_fd_sc_hd__xor2_1)
     1    0.005159    0.099558    0.113376    5.188649 ^ _110_/X (sky130_fd_sc_hd__xor2_1)
                                                         _017_ (net)
                      0.099558    0.000156    5.188806 ^ _111_/B (sky130_fd_sc_hd__xnor2_1)
     2    0.010514    0.054237    0.073397    5.262203 v _111_/Y (sky130_fd_sc_hd__xnor2_1)
                                                         _018_ (net)
                      0.054237    0.000234    5.262436 v _117_/B (sky130_fd_sc_hd__xnor2_1)
     1    0.003110    0.024848    0.085568    5.348005 v _117_/Y (sky130_fd_sc_hd__xnor2_1)
                                                         net37 (net)
                      0.024848    0.000091    5.348096 v output37/A (sky130_fd_sc_hd__buf_2)
     1    0.034582    0.063300    0.115437    5.463533 v output37/X (sky130_fd_sc_hd__buf_2)
                                                         outputs[13] (net)
                      0.063311    0.000811    5.464344 v outputs[13] (out)
                                              5.464344   data arrival time

                      0.000000    0.000000    0.000000   clock clk (rise edge)
                                  0.000000    0.000000   clock network delay (ideal)
                                  0.250000    0.250000   clock uncertainty
                                  0.000000    0.250000   clock reconvergence pessimism
                                 -5.000000   -4.750000   output external delay
                                             -4.750000   data required time
---------------------------------------------------------------------------------------------
                                             -4.750000   data required time
                                             -5.464344   data arrival time
---------------------------------------------------------------------------------------------
                                             10.214344   slack (MET)


Startpoint: inputs[28] (input port clocked by clk)
Endpoint: outputs[28] (output port clocked by clk)
Path Group: clk
Path Type: min

Fanout         Cap        Slew       Delay        Time   Description
---------------------------------------------------------------------------------------------
                      0.000000    0.000000    0.000000   clock clk (rise edge)
                                  0.000000    0.000000   clock network delay (ideal)
                                  5.000000    5.000000 ^ input external delay
     1    0.005006    0.021724    0.013013    5.013013 ^ inputs[28] (in)
                                                         inputs[28] (net)
                      0.021726    0.000000    5.013013 ^ input21/A (sky130_fd_sc_hd__clkbuf_1)
     1    0.006159    0.060187    0.069560    5.082573 ^ input21/X (sky130_fd_sc_hd__clkbuf_1)
                                                         net21 (net)
                      0.060188    0.000213    5.082786 ^ _054_/A (sky130_fd_sc_hd__xor2_1)
     1    0.005961    0.033886    0.051775    5.134561 v _054_/X (sky130_fd_sc_hd__xor2_1)
                                                         _030_ (net)
                      0.033886    0.000193    5.134753 v _056_/B (sky130_fd_sc_hd__xnor2_1)
     1    0.011703    0.059220    0.107329    5.242083 v _056_/Y (sky130_fd_sc_hd__xnor2_1)
                                                         _031_ (net)
                      0.059224    0.000540    5.242622 v _057_/B (sky130_fd_sc_hd__xnor2_2)
     3    0.011607    0.043807    0.106438    5.349060 v _057_/Y (sky130_fd_sc_hd__xnor2_2)
                                                         net53 (net)
                      0.043807    0.000182    5.349242 v output53/A (sky130_fd_sc_hd__buf_2)
     1    0.033896    0.062212    0.122304    5.471546 v output53/X (sky130_fd_sc_hd__buf_2)
                                                         outputs[28] (net)
                      0.062218    0.000611    5.472157 v outputs[28] (out)
                                              5.472157   data arrival time

                      0.000000    0.000000    0.000000   clock clk (rise edge)
                                  0.000000    0.000000   clock network delay (ideal)
                                  0.250000    0.250000   clock uncertainty
                                  0.000000    0.250000   clock reconvergence pessimism
                                 -5.000000   -4.750000   output external delay
                                             -4.750000   data required time
---------------------------------------------------------------------------------------------
                                             -4.750000   data required time
                                             -5.472157   data arrival time
---------------------------------------------------------------------------------------------
                                             10.222157   slack (MET)


Startpoint: inputs[21] (input port clocked by clk)
Endpoint: outputs[21] (output port clocked by clk)
Path Group: clk
Path Type: min

Fanout         Cap        Slew       Delay        Time   Description
---------------------------------------------------------------------------------------------
                      0.000000    0.000000    0.000000   clock clk (rise edge)
                                  0.000000    0.000000   clock network delay (ideal)
                                  5.000000    5.000000 ^ input external delay
     1    0.003345    0.015873    0.008674    5.008674 ^ inputs[21] (in)
                                                         inputs[21] (net)
                      0.015873    0.000000    5.008674 ^ input14/A (sky130_fd_sc_hd__clkbuf_1)
     1    0.008610    0.080864    0.082244    5.090918 ^ input14/X (sky130_fd_sc_hd__clkbuf_1)
                                                         net14 (net)
                      0.080866    0.000358    5.091277 ^ _082_/A (sky130_fd_sc_hd__xor2_1)
     1    0.006528    0.035463    0.057332    5.148608 v _082_/X (sky130_fd_sc_hd__xor2_1)
                                                         _046_ (net)
                      0.035463    0.000235    5.148843 v _083_/B (sky130_fd_sc_hd__xnor2_1)
     2    0.011338    0.057681    0.106773    5.255617 v _083_/Y (sky130_fd_sc_hd__xnor2_1)
                                                         _047_ (net)
                      0.057684    0.000446    5.256063 v _102_/B (sky130_fd_sc_hd__xnor2_1)
     2    0.008096    0.044259    0.104701    5.360764 v _102_/Y (sky130_fd_sc_hd__xnor2_1)
                                                         net46 (net)
                      0.044259    0.000216    5.360980 v output46/A (sky130_fd_sc_hd__buf_2)
     1    0.034323    0.062889    0.122941    5.483921 v output46/X (sky130_fd_sc_hd__buf_2)
                                                         outputs[21] (net)
                      0.062898    0.000732    5.484653 v outputs[21] (out)
                                              5.484653   data arrival time

                      0.000000    0.000000    0.000000   clock clk (rise edge)
                                  0.000000    0.000000   clock network delay (ideal)
                                  0.250000    0.250000   clock uncertainty
                                  0.000000    0.250000   clock reconvergence pessimism
                                 -5.000000   -4.750000   output external delay
                                             -4.750000   data required time
---------------------------------------------------------------------------------------------
                                             -4.750000   data required time
                                             -5.484653   data arrival time
---------------------------------------------------------------------------------------------
                                             10.234653   slack (MET)


Startpoint: inputs[30] (input port clocked by clk)
Endpoint: outputs[30] (output port clocked by clk)
Path Group: clk
Path Type: min

Fanout         Cap        Slew       Delay        Time   Description
---------------------------------------------------------------------------------------------
                      0.000000    0.000000    0.000000   clock clk (rise edge)
                                  0.000000    0.000000   clock network delay (ideal)
                                  5.000000    5.000000 ^ input external delay
     1    0.003202    0.015357    0.008297    5.008297 ^ inputs[30] (in)
                                                         inputs[30] (net)
                      0.015357    0.000000    5.008297 ^ input24/A (sky130_fd_sc_hd__clkbuf_1)
     1    0.004870    0.049297    0.060285    5.068582 ^ input24/X (sky130_fd_sc_hd__clkbuf_1)
                                                         net24 (net)
                      0.049297    0.000141    5.068723 ^ _065_/A (sky130_fd_sc_hd__xor2_1)
     1    0.005891    0.033693    0.049424    5.118147 v _065_/X (sky130_fd_sc_hd__xor2_1)
                                                         _037_ (net)
                      0.033694    0.000201    5.118348 v _066_/B (sky130_fd_sc_hd__xnor2_1)
     1    0.006438    0.037747    0.089364    5.207712 v _066_/Y (sky130_fd_sc_hd__xnor2_1)
                                                         _038_ (net)
                      0.037748    0.000225    5.207937 v _067_/B (sky130_fd_sc_hd__xnor2_1)
     1    0.004824    0.051389    0.108908    5.316845 ^ _067_/Y (sky130_fd_sc_hd__xnor2_1)
                                                         _039_ (net)
                      0.051389    0.000095    5.316940 ^ _068_/B (sky130_fd_sc_hd__xnor2_1)
     2    0.007031    0.038701    0.052064    5.369004 v _068_/Y (sky130_fd_sc_hd__xnor2_1)
                                                         net56 (net)
                      0.038701    0.000191    5.369195 v output56/A (sky130_fd_sc_hd__buf_2)
     1    0.034045    0.062449    0.120416    5.489611 v output56/X (sky130_fd_sc_hd__buf_2)
                                                         outputs[30] (net)
                      0.062456    0.000654    5.490265 v outputs[30] (out)
                                              5.490265   data arrival time

                      0.000000    0.000000    0.000000   clock clk (rise edge)
                                  0.000000    0.000000   clock network delay (ideal)
                                  0.250000    0.250000   clock uncertainty
                                  0.000000    0.250000   clock reconvergence pessimism
                                 -5.000000   -4.750000   output external delay
                                             -4.750000   data required time
---------------------------------------------------------------------------------------------
                                             -4.750000   data required time
                                             -5.490265   data arrival time
---------------------------------------------------------------------------------------------
                                             10.240266   slack (MET)


Startpoint: inputs[15] (input port clocked by clk)
Endpoint: outputs[15] (output port clocked by clk)
Path Group: clk
Path Type: min

Fanout         Cap        Slew       Delay        Time   Description
---------------------------------------------------------------------------------------------
                      0.000000    0.000000    0.000000   clock clk (rise edge)
                                  0.000000    0.000000   clock network delay (ideal)
                                  5.000000    5.000000 ^ input external delay
     1    0.003276    0.015623    0.008492    5.008492 ^ inputs[15] (in)
                                                         inputs[15] (net)
                      0.015623    0.000000    5.008492 ^ input7/A (sky130_fd_sc_hd__buf_1)
     2    0.009802    0.090856    0.089212    5.097704 ^ input7/X (sky130_fd_sc_hd__buf_1)
                                                         net7 (net)
                      0.090857    0.000239    5.097944 ^ _113_/B (sky130_fd_sc_hd__xor2_1)
     1    0.005202    0.031754    0.050521    5.148465 v _113_/X (sky130_fd_sc_hd__xor2_1)
                                                         _020_ (net)
                      0.031754    0.000164    5.148629 v _114_/B (sky130_fd_sc_hd__xnor2_1)
     1    0.005918    0.035785    0.086715    5.235343 v _114_/Y (sky130_fd_sc_hd__xnor2_1)
                                                         _021_ (net)
                      0.035785    0.000199    5.235542 v _115_/B (sky130_fd_sc_hd__xnor2_1)
     1    0.004876    0.051896    0.108781    5.344324 ^ _115_/Y (sky130_fd_sc_hd__xnor2_1)
                                                         _022_ (net)
                      0.051896    0.000097    5.344420 ^ _116_/B (sky130_fd_sc_hd__xnor2_1)
     1    0.002303    0.021174    0.034822    5.379243 v _116_/Y (sky130_fd_sc_hd__xnor2_1)
                                                         net39 (net)
                      0.021174    0.000066    5.379309 v output39/A (sky130_fd_sc_hd__buf_2)
     1    0.034582    0.063287    0.114051    5.493360 v output39/X (sky130_fd_sc_hd__buf_2)
                                                         outputs[15] (net)
                      0.063298    0.000811    5.494171 v outputs[15] (out)
                                              5.494171   data arrival time

                      0.000000    0.000000    0.000000   clock clk (rise edge)
                                  0.000000    0.000000   clock network delay (ideal)
                                  0.250000    0.250000   clock uncertainty
                                  0.000000    0.250000   clock reconvergence pessimism
                                 -5.000000   -4.750000   output external delay
                                             -4.750000   data required time
---------------------------------------------------------------------------------------------
                                             -4.750000   data required time
                                             -5.494171   data arrival time
---------------------------------------------------------------------------------------------
                                             10.244171   slack (MET)


Startpoint: inputs[27] (input port clocked by clk)
Endpoint: outputs[27] (output port clocked by clk)
Path Group: clk
Path Type: min

Fanout         Cap        Slew       Delay        Time   Description
---------------------------------------------------------------------------------------------
                      0.000000    0.000000    0.000000   clock clk (rise edge)
                                  0.000000    0.000000   clock network delay (ideal)
                                  5.000000    5.000000 ^ input external delay
     1    0.002887    0.014226    0.007468    5.007468 ^ inputs[27] (in)
                                                         inputs[27] (net)
                      0.014226    0.000000    5.007468 ^ input20/A (sky130_fd_sc_hd__clkbuf_1)
     1    0.005377    0.053549    0.062932    5.070400 ^ input20/X (sky130_fd_sc_hd__clkbuf_1)
                                                         net20 (net)
                      0.053568    0.000168    5.070569 ^ _089_/A (sky130_fd_sc_hd__xnor2_1)
     1    0.005323    0.055266    0.086170    5.156738 ^ _089_/Y (sky130_fd_sc_hd__xnor2_1)
                                                         _004_ (net)
                      0.055266    0.000165    5.156903 ^ _090_/B (sky130_fd_sc_hd__xnor2_1)
     2    0.009487    0.049334    0.061011    5.217914 v _090_/Y (sky130_fd_sc_hd__xnor2_1)
                                                         _005_ (net)
                      0.049334    0.000189    5.218103 v _099_/A (sky130_fd_sc_hd__xor2_1)
     1    0.005507    0.104157    0.129992    5.348094 ^ _099_/X (sky130_fd_sc_hd__xor2_1)
                                                         _012_ (net)
                      0.104157    0.000175    5.348269 ^ _100_/B (sky130_fd_sc_hd__xnor2_1)
     1    0.002510    0.022559    0.040059    5.388329 v _100_/Y (sky130_fd_sc_hd__xnor2_1)
                                                         net52 (net)
                      0.022565    0.000075    5.388403 v output52/A (sky130_fd_sc_hd__buf_2)
     1    0.033964    0.062316    0.113888    5.502292 v output52/X (sky130_fd_sc_hd__buf_2)
                                                         outputs[27] (net)
                      0.062322    0.000632    5.502923 v outputs[27] (out)
                                              5.502923   data arrival time

                      0.000000    0.000000    0.000000   clock clk (rise edge)
                                  0.000000    0.000000   clock network delay (ideal)
                                  0.250000    0.250000   clock uncertainty
                                  0.000000    0.250000   clock reconvergence pessimism
                                 -5.000000   -4.750000   output external delay
                                             -4.750000   data required time
---------------------------------------------------------------------------------------------
                                             -4.750000   data required time
                                             -5.502923   data arrival time
---------------------------------------------------------------------------------------------
                                             10.252924   slack (MET)


Startpoint: inputs[23] (input port clocked by clk)
Endpoint: outputs[23] (output port clocked by clk)
Path Group: clk
Path Type: min

Fanout         Cap        Slew       Delay        Time   Description
---------------------------------------------------------------------------------------------
                      0.000000    0.000000    0.000000   clock clk (rise edge)
                                  0.000000    0.000000   clock network delay (ideal)
                                  5.000000    5.000000 ^ input external delay
     1    0.002829    0.014020    0.007315    5.007315 ^ inputs[23] (in)
                                                         inputs[23] (net)
                      0.014020    0.000000    5.007315 ^ input16/A (sky130_fd_sc_hd__clkbuf_1)
     1    0.006001    0.058817    0.066527    5.073842 ^ input16/X (sky130_fd_sc_hd__clkbuf_1)
                                                         net16 (net)
                      0.058818    0.000192    5.074034 ^ _091_/A (sky130_fd_sc_hd__xor2_1)
     2    0.010510    0.046136    0.065936    5.139969 v _091_/X (sky130_fd_sc_hd__xor2_1)
                                                         _006_ (net)
                      0.046137    0.000256    5.140226 v _103_/B (sky130_fd_sc_hd__xnor2_1)
     1    0.007021    0.039899    0.096439    5.236665 v _103_/Y (sky130_fd_sc_hd__xnor2_1)
                                                         _013_ (net)
                      0.039900    0.000292    5.236956 v _104_/B (sky130_fd_sc_hd__xnor2_1)
     1    0.005797    0.059220    0.119967    5.356923 ^ _104_/Y (sky130_fd_sc_hd__xnor2_1)
                                                         _014_ (net)
                      0.059220    0.000186    5.357109 ^ _105_/B (sky130_fd_sc_hd__xnor2_1)
     1    0.002634    0.023042    0.037054    5.394164 v _105_/Y (sky130_fd_sc_hd__xnor2_1)
                                                         net48 (net)
                      0.023043    0.000079    5.394243 v output48/A (sky130_fd_sc_hd__buf_2)
     1    0.034261    0.062797    0.114358    5.508601 v output48/X (sky130_fd_sc_hd__buf_2)
                                                         outputs[23] (net)
                      0.062806    0.000737    5.509337 v outputs[23] (out)
                                              5.509337   data arrival time

                      0.000000    0.000000    0.000000   clock clk (rise edge)
                                  0.000000    0.000000   clock network delay (ideal)
                                  0.250000    0.250000   clock uncertainty
                                  0.000000    0.250000   clock reconvergence pessimism
                                 -5.000000   -4.750000   output external delay
                                             -4.750000   data required time
---------------------------------------------------------------------------------------------
                                             -4.750000   data required time
                                             -5.509337   data arrival time
---------------------------------------------------------------------------------------------
                                             10.259337   slack (MET)


Startpoint: inputs[29] (input port clocked by clk)
Endpoint: outputs[29] (output port clocked by clk)
Path Group: clk
Path Type: min

Fanout         Cap        Slew       Delay        Time   Description
---------------------------------------------------------------------------------------------
                      0.000000    0.000000    0.000000   clock clk (rise edge)
                                  0.000000    0.000000   clock network delay (ideal)
                                  5.000000    5.000000 ^ input external delay
     1    0.003451    0.016254    0.008954    5.008954 ^ inputs[29] (in)
                                                         inputs[29] (net)
                      0.016254    0.000000    5.008954 ^ input22/A (sky130_fd_sc_hd__clkbuf_1)
     1    0.004845    0.049088    0.060380    5.069335 ^ input22/X (sky130_fd_sc_hd__clkbuf_1)
                                                         net22 (net)
                      0.049088    0.000140    5.069475 ^ _085_/A (sky130_fd_sc_hd__xor2_1)
     1    0.006266    0.034821    0.050579    5.120053 v _085_/X (sky130_fd_sc_hd__xor2_1)
                                                         _000_ (net)
                      0.034822    0.000232    5.120285 v _086_/B (sky130_fd_sc_hd__xnor2_1)
     1    0.005825    0.059288    0.118525    5.238811 ^ _086_/Y (sky130_fd_sc_hd__xnor2_1)
                                                         _001_ (net)
                      0.059288    0.000193    5.239003 ^ _087_/B (sky130_fd_sc_hd__xnor2_1)
     2    0.011820    0.059707    0.069444    5.308448 v _087_/Y (sky130_fd_sc_hd__xnor2_1)
                                                         _002_ (net)
                      0.059715    0.000406    5.308854 v _097_/B (sky130_fd_sc_hd__xor2_1)
     1    0.002175    0.023195    0.092303    5.401157 v _097_/X (sky130_fd_sc_hd__xor2_1)
                                                         net54 (net)
                      0.023195    0.000061    5.401218 v output54/A (sky130_fd_sc_hd__buf_2)
     1    0.034156    0.062607    0.114354    5.515572 v output54/X (sky130_fd_sc_hd__buf_2)
                                                         outputs[29] (net)
                      0.062613    0.000643    5.516216 v outputs[29] (out)
                                              5.516216   data arrival time

                      0.000000    0.000000    0.000000   clock clk (rise edge)
                                  0.000000    0.000000   clock network delay (ideal)
                                  0.250000    0.250000   clock uncertainty
                                  0.000000    0.250000   clock reconvergence pessimism
                                 -5.000000   -4.750000   output external delay
                                             -4.750000   data required time
---------------------------------------------------------------------------------------------
                                             -4.750000   data required time
                                             -5.516216   data arrival time
---------------------------------------------------------------------------------------------
                                             10.266215   slack (MET)


Startpoint: inputs[31] (input port clocked by clk)
Endpoint: outputs[31] (output port clocked by clk)
Path Group: clk
Path Type: min

Fanout         Cap        Slew       Delay        Time   Description
---------------------------------------------------------------------------------------------
                      0.000000    0.000000    0.000000   clock clk (rise edge)
                                  0.000000    0.000000   clock network delay (ideal)
                                  5.000000    5.000000 ^ input external delay
     1    0.003040    0.014772    0.007871    5.007871 ^ inputs[31] (in)
                                                         inputs[31] (net)
                      0.014777    0.000000    5.007871 ^ input25/A (sky130_fd_sc_hd__clkbuf_1)
     1    0.005065    0.050932    0.061265    5.069136 ^ input25/X (sky130_fd_sc_hd__clkbuf_1)
                                                         net25 (net)
                      0.050932    0.000149    5.069285 ^ _092_/A (sky130_fd_sc_hd__xnor2_1)
     1    0.005583    0.034382    0.051740    5.121025 v _092_/Y (sky130_fd_sc_hd__xnor2_1)
                                                         _007_ (net)
                      0.034382    0.000179    5.121204 v _093_/B (sky130_fd_sc_hd__xnor2_1)
     1    0.005525    0.056953    0.115182    5.236386 ^ _093_/Y (sky130_fd_sc_hd__xnor2_1)
                                                         _008_ (net)
                      0.056953    0.000179    5.236565 ^ _094_/B (sky130_fd_sc_hd__xnor2_1)
     1    0.006212    0.036492    0.050171    5.286735 v _094_/Y (sky130_fd_sc_hd__xnor2_1)
                                                         _009_ (net)
                      0.036493    0.000227    5.286962 v _095_/B (sky130_fd_sc_hd__xnor2_1)
     1    0.005508    0.056876    0.115724    5.402687 ^ _095_/Y (sky130_fd_sc_hd__xnor2_1)
                                                         _010_ (net)
                      0.056876    0.000180    5.402866 ^ _096_/B (sky130_fd_sc_hd__xnor2_1)
     1    0.002269    0.021636    0.035192    5.438058 v _096_/Y (sky130_fd_sc_hd__xnor2_1)
                                                         net57 (net)
                      0.021636    0.000064    5.438122 v output57/A (sky130_fd_sc_hd__buf_2)
     1    0.033921    0.062241    0.113511    5.551633 v output57/X (sky130_fd_sc_hd__buf_2)
                                                         outputs[31] (net)
                      0.062247    0.000621    5.552254 v outputs[31] (out)
                                              5.552254   data arrival time

                      0.000000    0.000000    0.000000   clock clk (rise edge)
                                  0.000000    0.000000   clock network delay (ideal)
                                  0.250000    0.250000   clock uncertainty
                                  0.000000    0.250000   clock reconvergence pessimism
                                 -5.000000   -4.750000   output external delay
                                             -4.750000   data required time
---------------------------------------------------------------------------------------------
                                             -4.750000   data required time
                                             -5.552254   data arrival time
---------------------------------------------------------------------------------------------
                                             10.302254   slack (MET)



