9. Printing statistics.

=== expmob2 ===

   Number of wires:              90410
   Number of wire bits:         287099
   Number of public wires:          14
   Number of public wire bits:  180258
   Number of ports:                  3
   Number of port bits:          32769
   Number of memories:               0
   Number of memory bits:            0
   Number of processes:              0
   Number of cells:              57503
     $scopeinfo                      3
     and21nor_x0                     1
     and2_x1                        18
     and3_x1                        12
     and4_x1                        15
     dff_x1                      16417
     inv_x0                         28
     mux2_x1                     32768
     nand3_x0                        4
     nand4_x0                        5
     nexor2_x0                      29
     nor2_x0                         1
     nor3_x0                         1
     nor4_x0                         6
     or21nand_x0                     1
     or3_x1                          1
     xor2_x0                      8193

Removed 0 unused cells and 57505 unused wires.

