Reading OpenROAD database at '/home/ahmed/circuits/openlane/expmob1_n3/runs/RUN_2025-04-17_16-58-00/17-openroad-cutrows/expmob1.odb'…
Reading library file at '/home/ahmed/asic/pdk/volare/sky130/versions/0fe599b2afb6708d281543108caf8310912f54af/sky130A/libs.ref/sky130_fd_sc_hd/lib/sky130_fd_sc_hd__tt_025C_1v80.lib'…
Reading design constraints file at '/nix/store/ss2cw3sxbrwwx9jl0rrppbw4kgcmgi2n-python3-3.11.9-env/lib/python3.11/site-packages/openlane/scripts/base.sdc'…
[WARNING STA-0366] port 'clk' not found.
[INFO] Using clock clk…
[INFO] Setting output delay to: 5
[INFO] Setting input delay to: 5
[WARNING STA-0366] port 'clk' not found.
[INFO] Setting load to: 0.033442
[INFO] Setting clock uncertainty to: 0.25
[INFO] Setting clock transition to: 0.1499999999999999944488848768742172978818416595458984375
[WARNING STA-0419] transition time can not be specified for virtual clocks.
[INFO] Setting timing derate to: 5%
[WARNING STA-0450] virtual clock clk can not be propagated.
[INFO TAP-0004] Inserted 14 endcaps.
[INFO TAP-0005] Inserted 4 tapcells.
Setting global connections for newly added cells…
[INFO] Setting global connections...
Updating metrics…
Cell type report:                       Count       Area
  Fill cell                                14      52.55
  Tap cell                                  4       5.00
  Buffer                                    1       5.00
  Multi-Input combinational cell           12     195.19
  Total                                    31     257.75
Writing OpenROAD database to '/home/ahmed/circuits/openlane/expmob1_n3/runs/RUN_2025-04-17_16-58-00/18-openroad-tapendcapinsertion/expmob1.odb'…
Writing netlist to '/home/ahmed/circuits/openlane/expmob1_n3/runs/RUN_2025-04-17_16-58-00/18-openroad-tapendcapinsertion/expmob1.nl.v'…
Writing powered netlist to '/home/ahmed/circuits/openlane/expmob1_n3/runs/RUN_2025-04-17_16-58-00/18-openroad-tapendcapinsertion/expmob1.pnl.v'…
Writing layout to '/home/ahmed/circuits/openlane/expmob1_n3/runs/RUN_2025-04-17_16-58-00/18-openroad-tapendcapinsertion/expmob1.def'…
Writing timing constraints to '/home/ahmed/circuits/openlane/expmob1_n3/runs/RUN_2025-04-17_16-58-00/18-openroad-tapendcapinsertion/expmob1.sdc'…
