
===========================================================================
 report_power
============================================================================
======================= nom_ss_100C_1v60 Corner ===================================

Group                    Internal    Switching      Leakage        Total
                            Power        Power        Power        Power (Watts)
------------------------------------------------------------------------
Sequential           0.000000e+00 0.000000e+00 0.000000e+00 0.000000e+00   0.0%
Combinational        2.978464e-05 5.987910e-05 7.455614e-07 9.040930e-05 100.0%
Clock                0.000000e+00 0.000000e+00 3.183703e-10 3.183703e-10   0.0%
Macro                0.000000e+00 0.000000e+00 0.000000e+00 0.000000e+00   0.0%
Pad                  0.000000e+00 0.000000e+00 0.000000e+00 0.000000e+00   0.0%
------------------------------------------------------------------------
Total                2.978464e-05 5.987910e-05 7.458798e-07 9.040962e-05 100.0%
                            32.9%        66.2%         0.8%

