
===========================================================================
report_checks -path_delay min (Hold)
============================================================================
======================= nom_tt_025C_1v80 Corner ===================================

Startpoint: inputs[0] (input port clocked by clk)
Endpoint: outputs[0] (output port clocked by clk)
Path Group: clk
Path Type: min

Fanout         Cap        Slew       Delay        Time   Description
---------------------------------------------------------------------------------------------
                      0.000000    0.000000    0.000000   clock clk (rise edge)
                                  0.000000    0.000000   clock network delay (ideal)
                                  5.000000    5.000000 v input external delay
     4    0.026652    0.060505    0.042650    5.042650 v inputs[0] (in)
                                                         inputs[0] (net)
                      0.060505    0.000000    5.042650 v _17_/A (sky130_fd_sc_hd__buf_2)
     1    0.033442    0.087159    0.185944    5.228594 v _17_/X (sky130_fd_sc_hd__buf_2)
                                                         outputs[0] (net)
                      0.087159    0.000000    5.228594 v outputs[0] (out)
                                              5.228594   data arrival time

                      0.000000    0.000000    0.000000   clock clk (rise edge)
                                  0.000000    0.000000   clock network delay (ideal)
                                  0.250000    0.250000   clock uncertainty
                                  0.000000    0.250000   clock reconvergence pessimism
                                 -5.000000   -4.750000   output external delay
                                             -4.750000   data required time
---------------------------------------------------------------------------------------------
                                             -4.750000   data required time
                                             -5.228594   data arrival time
---------------------------------------------------------------------------------------------
                                              9.978594   slack (MET)


Startpoint: inputs[4] (input port clocked by clk)
Endpoint: outputs[4] (output port clocked by clk)
Path Group: clk
Path Type: min

Fanout         Cap        Slew       Delay        Time   Description
---------------------------------------------------------------------------------------------
                      0.000000    0.000000    0.000000   clock clk (rise edge)
                                  0.000000    0.000000   clock network delay (ideal)
                                  5.000000    5.000000 ^ input external delay
     1    0.009376    0.049900    0.031946    5.031947 ^ inputs[4] (in)
                                                         inputs[4] (net)
                      0.049900    0.000000    5.031947 ^ _05_/A (sky130_fd_sc_hd__xor2_2)
     3    0.050344    0.137434    0.197778    5.229725 v _05_/X (sky130_fd_sc_hd__xor2_2)
                                                         outputs[4] (net)
                      0.137434    0.000000    5.229725 v outputs[4] (out)
                                              5.229725   data arrival time

                      0.000000    0.000000    0.000000   clock clk (rise edge)
                                  0.000000    0.000000   clock network delay (ideal)
                                  0.250000    0.250000   clock uncertainty
                                  0.000000    0.250000   clock reconvergence pessimism
                                 -5.000000   -4.750000   output external delay
                                             -4.750000   data required time
---------------------------------------------------------------------------------------------
                                             -4.750000   data required time
                                             -5.229725   data arrival time
---------------------------------------------------------------------------------------------
                                              9.979725   slack (MET)


Startpoint: inputs[2] (input port clocked by clk)
Endpoint: outputs[2] (output port clocked by clk)
Path Group: clk
Path Type: min

Fanout         Cap        Slew       Delay        Time   Description
---------------------------------------------------------------------------------------------
                      0.000000    0.000000    0.000000   clock clk (rise edge)
                                  0.000000    0.000000   clock network delay (ideal)
                                  5.000000    5.000000 ^ input external delay
     2    0.016986    0.083964    0.056077    5.056077 ^ inputs[2] (in)
                                                         inputs[2] (net)
                      0.083964    0.000000    5.056077 ^ _08_/B (sky130_fd_sc_hd__xor2_2)
     2    0.041760    0.118956    0.177254    5.233331 v _08_/X (sky130_fd_sc_hd__xor2_2)
                                                         outputs[2] (net)
                      0.118956    0.000000    5.233331 v outputs[2] (out)
                                              5.233331   data arrival time

                      0.000000    0.000000    0.000000   clock clk (rise edge)
                                  0.000000    0.000000   clock network delay (ideal)
                                  0.250000    0.250000   clock uncertainty
                                  0.000000    0.250000   clock reconvergence pessimism
                                 -5.000000   -4.750000   output external delay
                                             -4.750000   data required time
---------------------------------------------------------------------------------------------
                                             -4.750000   data required time
                                             -5.233331   data arrival time
---------------------------------------------------------------------------------------------
                                              9.983331   slack (MET)


Startpoint: inputs[1] (input port clocked by clk)
Endpoint: outputs[1] (output port clocked by clk)
Path Group: clk
Path Type: min

Fanout         Cap        Slew       Delay        Time   Description
---------------------------------------------------------------------------------------------
                      0.000000    0.000000    0.000000   clock clk (rise edge)
                                  0.000000    0.000000   clock network delay (ideal)
                                  5.000000    5.000000 v input external delay
     3    0.024232    0.055343    0.038815    5.038815 v inputs[1] (in)
                                                         inputs[1] (net)
                      0.055343    0.000000    5.038815 v _16_/B (sky130_fd_sc_hd__xor2_2)
     1    0.033442    0.101077    0.209998    5.248813 v _16_/X (sky130_fd_sc_hd__xor2_2)
                                                         outputs[1] (net)
                      0.101077    0.000000    5.248813 v outputs[1] (out)
                                              5.248813   data arrival time

                      0.000000    0.000000    0.000000   clock clk (rise edge)
                                  0.000000    0.000000   clock network delay (ideal)
                                  0.250000    0.250000   clock uncertainty
                                  0.000000    0.250000   clock reconvergence pessimism
                                 -5.000000   -4.750000   output external delay
                                             -4.750000   data required time
---------------------------------------------------------------------------------------------
                                             -4.750000   data required time
                                             -5.248813   data arrival time
---------------------------------------------------------------------------------------------
                                              9.998813   slack (MET)


Startpoint: inputs[5] (input port clocked by clk)
Endpoint: outputs[5] (output port clocked by clk)
Path Group: clk
Path Type: min

Fanout         Cap        Slew       Delay        Time   Description
---------------------------------------------------------------------------------------------
                      0.000000    0.000000    0.000000   clock clk (rise edge)
                                  0.000000    0.000000   clock network delay (ideal)
                                  5.000000    5.000000 ^ input external delay
     1    0.009040    0.048398    0.030861    5.030861 ^ inputs[5] (in)
                                                         inputs[5] (net)
                      0.048398    0.000000    5.030861 ^ _09_/A (sky130_fd_sc_hd__xnor2_2)
     1    0.008442    0.060264    0.120783    5.151644 ^ _09_/Y (sky130_fd_sc_hd__xnor2_2)
                                                         _01_ (net)
                      0.060264    0.000000    5.151644 ^ _10_/B (sky130_fd_sc_hd__xnor2_2)
     2    0.041760    0.188770    0.176264    5.327909 v _10_/Y (sky130_fd_sc_hd__xnor2_2)
                                                         outputs[5] (net)
                      0.188770    0.000000    5.327909 v outputs[5] (out)
                                              5.327909   data arrival time

                      0.000000    0.000000    0.000000   clock clk (rise edge)
                                  0.000000    0.000000   clock network delay (ideal)
                                  0.250000    0.250000   clock uncertainty
                                  0.000000    0.250000   clock reconvergence pessimism
                                 -5.000000   -4.750000   output external delay
                                             -4.750000   data required time
---------------------------------------------------------------------------------------------
                                             -4.750000   data required time
                                             -5.327909   data arrival time
---------------------------------------------------------------------------------------------
                                             10.077909   slack (MET)


Startpoint: inputs[3] (input port clocked by clk)
Endpoint: outputs[3] (output port clocked by clk)
Path Group: clk
Path Type: min

Fanout         Cap        Slew       Delay        Time   Description
---------------------------------------------------------------------------------------------
                      0.000000    0.000000    0.000000   clock clk (rise edge)
                                  0.000000    0.000000   clock network delay (ideal)
                                  5.000000    5.000000 v input external delay
     2    0.015914    0.037603    0.025633    5.025633 v inputs[3] (in)
                                                         inputs[3] (net)
                      0.037603    0.000000    5.025633 v _14_/B (sky130_fd_sc_hd__xnor2_2)
     1    0.008442    0.060738    0.153662    5.179295 ^ _14_/Y (sky130_fd_sc_hd__xnor2_2)
                                                         _04_ (net)
                      0.060738    0.000000    5.179295 ^ _15_/B (sky130_fd_sc_hd__xnor2_2)
     1    0.033442    0.154862    0.151003    5.330297 v _15_/Y (sky130_fd_sc_hd__xnor2_2)
                                                         outputs[3] (net)
                      0.154862    0.000000    5.330297 v outputs[3] (out)
                                              5.330297   data arrival time

                      0.000000    0.000000    0.000000   clock clk (rise edge)
                                  0.000000    0.000000   clock network delay (ideal)
                                  0.250000    0.250000   clock uncertainty
                                  0.000000    0.250000   clock reconvergence pessimism
                                 -5.000000   -4.750000   output external delay
                                             -4.750000   data required time
---------------------------------------------------------------------------------------------
                                             -4.750000   data required time
                                             -5.330297   data arrival time
---------------------------------------------------------------------------------------------
                                             10.080297   slack (MET)


Startpoint: inputs[6] (input port clocked by clk)
Endpoint: outputs[6] (output port clocked by clk)
Path Group: clk
Path Type: min

Fanout         Cap        Slew       Delay        Time   Description
---------------------------------------------------------------------------------------------
                      0.000000    0.000000    0.000000   clock clk (rise edge)
                                  0.000000    0.000000   clock network delay (ideal)
                                  5.000000    5.000000 ^ input external delay
     1    0.009376    0.049900    0.031946    5.031947 ^ inputs[6] (in)
                                                         inputs[6] (net)
                      0.049900    0.000000    5.031947 ^ _06_/A (sky130_fd_sc_hd__xor2_2)
     2    0.016155    0.063272    0.098410    5.130356 v _06_/X (sky130_fd_sc_hd__xor2_2)
                                                         _00_ (net)
                      0.063272    0.000000    5.130356 v _07_/B (sky130_fd_sc_hd__xor2_2)
     1    0.033442    0.101252    0.213192    5.343548 v _07_/X (sky130_fd_sc_hd__xor2_2)
                                                         outputs[6] (net)
                      0.101252    0.000000    5.343548 v outputs[6] (out)
                                              5.343548   data arrival time

                      0.000000    0.000000    0.000000   clock clk (rise edge)
                                  0.000000    0.000000   clock network delay (ideal)
                                  0.250000    0.250000   clock uncertainty
                                  0.000000    0.250000   clock reconvergence pessimism
                                 -5.000000   -4.750000   output external delay
                                             -4.750000   data required time
---------------------------------------------------------------------------------------------
                                             -4.750000   data required time
                                             -5.343548   data arrival time
---------------------------------------------------------------------------------------------
                                             10.093549   slack (MET)


Startpoint: inputs[7] (input port clocked by clk)
Endpoint: outputs[7] (output port clocked by clk)
Path Group: clk
Path Type: min

Fanout         Cap        Slew       Delay        Time   Description
---------------------------------------------------------------------------------------------
                      0.000000    0.000000    0.000000   clock clk (rise edge)
                                  0.000000    0.000000   clock network delay (ideal)
                                  5.000000    5.000000 ^ input external delay
     1    0.009376    0.049900    0.031946    5.031947 ^ inputs[7] (in)
                                                         inputs[7] (net)
                      0.049900    0.000000    5.031947 ^ _11_/A (sky130_fd_sc_hd__xor2_2)
     1    0.008077    0.044455    0.074212    5.106158 v _11_/X (sky130_fd_sc_hd__xor2_2)
                                                         _02_ (net)
                      0.044455    0.000000    5.106158 v _12_/B (sky130_fd_sc_hd__xnor2_2)
     1    0.008442    0.061350    0.155956    5.262114 ^ _12_/Y (sky130_fd_sc_hd__xnor2_2)
                                                         _03_ (net)
                      0.061350    0.000000    5.262114 ^ _13_/B (sky130_fd_sc_hd__xnor2_2)
     1    0.033442    0.154871    0.151163    5.413277 v _13_/Y (sky130_fd_sc_hd__xnor2_2)
                                                         outputs[7] (net)
                      0.154871    0.000000    5.413277 v outputs[7] (out)
                                              5.413277   data arrival time

                      0.000000    0.000000    0.000000   clock clk (rise edge)
                                  0.000000    0.000000   clock network delay (ideal)
                                  0.250000    0.250000   clock uncertainty
                                  0.000000    0.250000   clock reconvergence pessimism
                                 -5.000000   -4.750000   output external delay
                                             -4.750000   data required time
---------------------------------------------------------------------------------------------
                                             -4.750000   data required time
                                             -5.413277   data arrival time
---------------------------------------------------------------------------------------------
                                             10.163277   slack (MET)



