
===========================================================================
report_checks -unconstrained
===========================================================================
======================= nom_ss_100C_1v60 Corner ===================================

Startpoint: inputs[0] (input port clocked by clk)
Endpoint: outputs[7] (output port clocked by clk)
Path Group: clk
Path Type: max

Fanout         Cap        Slew       Delay        Time   Description
---------------------------------------------------------------------------------------------
                      0.000000    0.000000    0.000000   clock clk (rise edge)
                                  0.000000    0.000000   clock network delay (ideal)
                                  5.000000    5.000000 ^ input external delay
     4    0.029079    0.216013    0.146757    5.146757 ^ inputs[0] (in)
                                                         inputs[0] (net)
                      0.216013    0.000000    5.146757 ^ _05_/B (sky130_fd_sc_hd__xor2_2)
     3    0.051895    0.983892    0.880686    6.027443 ^ _05_/X (sky130_fd_sc_hd__xor2_2)
                                                         outputs[4] (net)
                      0.983892    0.000000    6.027443 ^ _10_/A (sky130_fd_sc_hd__xnor2_2)
     2    0.041873    0.467223    0.693166    6.720609 v _10_/Y (sky130_fd_sc_hd__xnor2_2)
                                                         outputs[5] (net)
                      0.467223    0.000000    6.720609 v _13_/A (sky130_fd_sc_hd__xnor2_2)
     1    0.033442    0.709630    0.790607    7.511216 ^ _13_/Y (sky130_fd_sc_hd__xnor2_2)
                                                         outputs[7] (net)
                      0.709630    0.000000    7.511216 ^ outputs[7] (out)
                                              7.511216   data arrival time

                      0.000000   25.000000   25.000000   clock clk (rise edge)
                                  0.000000   25.000000   clock network delay (ideal)
                                 -0.250000   24.750000   clock uncertainty
                                  0.000000   24.750000   clock reconvergence pessimism
                                 -5.000000   19.750000   output external delay
                                             19.750000   data required time
---------------------------------------------------------------------------------------------
                                             19.750000   data required time
                                             -7.511216   data arrival time
---------------------------------------------------------------------------------------------
                                             12.238784   slack (MET)




===========================================================================
report_checks --slack_max -0.01
============================================================================
======================= nom_ss_100C_1v60 Corner ===================================

No paths found.


===========================================================================
 report_check_types -max_slew -max_cap -max_fanout -violators
============================================================================
======================= nom_ss_100C_1v60 Corner ===================================

max slew

Pin                                        Limit        Slew       Slack
------------------------------------------------------------------------
outputs[4]                              0.750000    0.983892   -0.233892 (VIOLATED)
_05_/X                                  0.750000    0.983892   -0.233892 (VIOLATED)
_07_/A                                  0.750000    0.983892   -0.233892 (VIOLATED)
_10_/A                                  0.750000    0.983892   -0.233892 (VIOLATED)
outputs[5]                              0.750000    0.873025   -0.123025 (VIOLATED)
_10_/Y                                  0.750000    0.873025   -0.123025 (VIOLATED)
_13_/A                                  0.750000    0.873025   -0.123025 (VIOLATED)
outputs[2]                              0.750000    0.823257   -0.073257 (VIOLATED)
_08_/X                                  0.750000    0.823257   -0.073257 (VIOLATED)
_15_/A                                  0.750000    0.823257   -0.073257 (VIOLATED)



===========================================================================
report_parasitic_annotation -report_unannotated
============================================================================
Found 21 unannotated drivers.
 inputs[0]
 inputs[1]
 inputs[2]
 inputs[3]
 inputs[4]
 inputs[5]
 inputs[6]
 inputs[7]
 _05_/X
 _06_/X
 _07_/X
 _08_/X
 _09_/Y
 _10_/Y
 _11_/X
 _12_/Y
 _13_/Y
 _14_/Y
 _15_/Y
 _16_/X
 _17_/X
Found 0 partially unannotated drivers.

===========================================================================
max slew violation count 10
max fanout violation count 0
max cap violation count 0
============================================================================

===========================================================================
check_setup -verbose -unconstrained_endpoints -multiple_clock -no_clock -no_input_delay -loops -generated_clocks
===========================================================================
