Reading timing models for corner nom_ss_100C_1v60…
Reading cell library for the 'nom_ss_100C_1v60' corner at '/home/ahmed/asic/pdk/volare/sky130/versions/0fe599b2afb6708d281543108caf8310912f54af/sky130A/libs.ref/sky130_fd_sc_hd/lib/sky130_fd_sc_hd__ss_100C_1v60.lib'…
Reading top-level netlist at '/home/ahmed/circuits/openlane/expmob1_n3/runs/RUN_2025-04-17_16-58-00/06-yosys-synthesis/expmob1.nl.v'…
Linking design 'expmob1' from netlist…
Reading design constraints file at '/nix/store/ss2cw3sxbrwwx9jl0rrppbw4kgcmgi2n-python3-3.11.9-env/lib/python3.11/site-packages/openlane/scripts/base.sdc'…
Warning: base.sdc line 15, port 'clk' not found.
[INFO] Using clock clk…
[INFO] Setting output delay to: 5
[INFO] Setting input delay to: 5
Warning: base.sdc line 32, port 'clk' not found.
[INFO] Setting load to: 0.033442
[INFO] Setting clock uncertainty to: 0.25
[INFO] Setting clock transition to: 0.1499999999999999944488848768742172978818416595458984375
Warning: base.sdc line 69, transition time can not be specified for virtual clocks.
[INFO] Setting timing derate to: 5%
%OL_CREATE_REPORT min.rpt

===========================================================================
report_checks -path_delay min (Hold)
============================================================================
======================= nom_ss_100C_1v60 Corner ===================================

Startpoint: inputs[0] (input port clocked by clk)
Endpoint: outputs[0] (output port clocked by clk)
Path Group: clk
Path Type: min

Fanout         Cap        Slew       Delay        Time   Description
---------------------------------------------------------------------------------------------
                      0.000000    0.000000    0.000000   clock clk (rise edge)
                                  0.000000    0.000000   clock network delay (ideal)
                                  5.000000    5.000000 v input external delay
     4    0.027085    0.119363    0.083167    5.083168 v inputs[0] (in)
                                                         inputs[0] (net)
                      0.119363    0.000000    5.083168 v _17_/A (sky130_fd_sc_hd__buf_2)
     1    0.033442    0.165335    0.365967    5.449135 v _17_/X (sky130_fd_sc_hd__buf_2)
                                                         outputs[0] (net)
                      0.165335    0.000000    5.449135 v outputs[0] (out)
                                              5.449135   data arrival time

                      0.000000    0.000000    0.000000   clock clk (rise edge)
                                  0.000000    0.000000   clock network delay (ideal)
                                  0.250000    0.250000   clock uncertainty
                                  0.000000    0.250000   clock reconvergence pessimism
                                 -5.000000   -4.750000   output external delay
                                             -4.750000   data required time
---------------------------------------------------------------------------------------------
                                             -4.750000   data required time
                                             -5.449135   data arrival time
---------------------------------------------------------------------------------------------
                                             10.199134   slack (MET)


Startpoint: inputs[2] (input port clocked by clk)
Endpoint: outputs[2] (output port clocked by clk)
Path Group: clk
Path Type: min

Fanout         Cap        Slew       Delay        Time   Description
---------------------------------------------------------------------------------------------
                      0.000000    0.000000    0.000000   clock clk (rise edge)
                                  0.000000    0.000000   clock network delay (ideal)
                                  5.000000    5.000000 ^ input external delay
     2    0.017084    0.132188    0.087466    5.087467 ^ inputs[2] (in)
                                                         inputs[2] (net)
                      0.132188    0.000000    5.087467 ^ _08_/B (sky130_fd_sc_hd__xor2_2)
     2    0.041873    0.219649    0.372649    5.460115 v _08_/X (sky130_fd_sc_hd__xor2_2)
                                                         outputs[2] (net)
                      0.219649    0.000000    5.460115 v outputs[2] (out)
                                              5.460115   data arrival time

                      0.000000    0.000000    0.000000   clock clk (rise edge)
                                  0.000000    0.000000   clock network delay (ideal)
                                  0.250000    0.250000   clock uncertainty
                                  0.000000    0.250000   clock reconvergence pessimism
                                 -5.000000   -4.750000   output external delay
                                             -4.750000   data required time
---------------------------------------------------------------------------------------------
                                             -4.750000   data required time
                                             -5.460115   data arrival time
---------------------------------------------------------------------------------------------
                                             10.210115   slack (MET)


Startpoint: inputs[4] (input port clocked by clk)
Endpoint: outputs[4] (output port clocked by clk)
Path Group: clk
Path Type: min

Fanout         Cap        Slew       Delay        Time   Description
---------------------------------------------------------------------------------------------
                      0.000000    0.000000    0.000000   clock clk (rise edge)
                                  0.000000    0.000000   clock network delay (ideal)
                                  5.000000    5.000000 ^ input external delay
     1    0.009392    0.079236    0.049320    5.049320 ^ inputs[4] (in)
                                                         inputs[4] (net)
                      0.079236    0.000000    5.049320 ^ _05_/A (sky130_fd_sc_hd__xor2_2)
     3    0.050592    0.255604    0.418506    5.467826 v _05_/X (sky130_fd_sc_hd__xor2_2)
                                                         outputs[4] (net)
                      0.255604    0.000000    5.467826 v outputs[4] (out)
                                              5.467826   data arrival time

                      0.000000    0.000000    0.000000   clock clk (rise edge)
                                  0.000000    0.000000   clock network delay (ideal)
                                  0.250000    0.250000   clock uncertainty
                                  0.000000    0.250000   clock reconvergence pessimism
                                 -5.000000   -4.750000   output external delay
                                             -4.750000   data required time
---------------------------------------------------------------------------------------------
                                             -4.750000   data required time
                                             -5.467826   data arrival time
---------------------------------------------------------------------------------------------
                                             10.217827   slack (MET)


Startpoint: inputs[1] (input port clocked by clk)
Endpoint: outputs[1] (output port clocked by clk)
Path Group: clk
Path Type: min

Fanout         Cap        Slew       Delay        Time   Description
---------------------------------------------------------------------------------------------
                      0.000000    0.000000    0.000000   clock clk (rise edge)
                                  0.000000    0.000000   clock network delay (ideal)
                                  5.000000    5.000000 v input external delay
     3    0.024672    0.109139    0.075794    5.075794 v inputs[1] (in)
                                                         inputs[1] (net)
                      0.109139    0.000000    5.075794 v _16_/B (sky130_fd_sc_hd__xor2_2)
     1    0.033442    0.184914    0.398269    5.474063 v _16_/X (sky130_fd_sc_hd__xor2_2)
                                                         outputs[1] (net)
                      0.184914    0.000000    5.474063 v outputs[1] (out)
                                              5.474063   data arrival time

                      0.000000    0.000000    0.000000   clock clk (rise edge)
                                  0.000000    0.000000   clock network delay (ideal)
                                  0.250000    0.250000   clock uncertainty
                                  0.000000    0.250000   clock reconvergence pessimism
                                 -5.000000   -4.750000   output external delay
                                             -4.750000   data required time
---------------------------------------------------------------------------------------------
                                             -4.750000   data required time
                                             -5.474063   data arrival time
---------------------------------------------------------------------------------------------
                                             10.224063   slack (MET)


Startpoint: inputs[3] (input port clocked by clk)
Endpoint: outputs[3] (output port clocked by clk)
Path Group: clk
Path Type: min

Fanout         Cap        Slew       Delay        Time   Description
---------------------------------------------------------------------------------------------
                      0.000000    0.000000    0.000000   clock clk (rise edge)
                                  0.000000    0.000000   clock network delay (ideal)
                                  5.000000    5.000000 v input external delay
     2    0.016241    0.073828    0.050126    5.050126 v inputs[3] (in)
                                                         inputs[3] (net)
                      0.073828    0.000000    5.050126 v _14_/B (sky130_fd_sc_hd__xnor2_2)
     1    0.008492    0.099113    0.256358    5.306483 ^ _14_/Y (sky130_fd_sc_hd__xnor2_2)
                                                         _04_ (net)
                      0.099113    0.000000    5.306483 ^ _15_/B (sky130_fd_sc_hd__xnor2_2)
     1    0.033442    0.321137    0.318493    5.624976 v _15_/Y (sky130_fd_sc_hd__xnor2_2)
                                                         outputs[3] (net)
                      0.321137    0.000000    5.624976 v outputs[3] (out)
                                              5.624976   data arrival time

                      0.000000    0.000000    0.000000   clock clk (rise edge)
                                  0.000000    0.000000   clock network delay (ideal)
                                  0.250000    0.250000   clock uncertainty
                                  0.000000    0.250000   clock reconvergence pessimism
                                 -5.000000   -4.750000   output external delay
                                             -4.750000   data required time
---------------------------------------------------------------------------------------------
                                             -4.750000   data required time
                                             -5.624976   data arrival time
---------------------------------------------------------------------------------------------
                                             10.374976   slack (MET)


Startpoint: inputs[5] (input port clocked by clk)
Endpoint: outputs[5] (output port clocked by clk)
Path Group: clk
Path Type: min

Fanout         Cap        Slew       Delay        Time   Description
---------------------------------------------------------------------------------------------
                      0.000000    0.000000    0.000000   clock clk (rise edge)
                                  0.000000    0.000000   clock network delay (ideal)
                                  5.000000    5.000000 ^ input external delay
     1    0.009061    0.076958    0.047679    5.047679 ^ inputs[5] (in)
                                                         inputs[5] (net)
                      0.076958    0.000000    5.047679 ^ _09_/A (sky130_fd_sc_hd__xnor2_2)
     1    0.008492    0.098878    0.230660    5.278339 ^ _09_/Y (sky130_fd_sc_hd__xnor2_2)
                                                         _01_ (net)
                      0.098878    0.000000    5.278339 ^ _10_/B (sky130_fd_sc_hd__xnor2_2)
     2    0.041873    0.393643    0.372049    5.650387 v _10_/Y (sky130_fd_sc_hd__xnor2_2)
                                                         outputs[5] (net)
                      0.393643    0.000000    5.650387 v outputs[5] (out)
                                              5.650387   data arrival time

                      0.000000    0.000000    0.000000   clock clk (rise edge)
                                  0.000000    0.000000   clock network delay (ideal)
                                  0.250000    0.250000   clock uncertainty
                                  0.000000    0.250000   clock reconvergence pessimism
                                 -5.000000   -4.750000   output external delay
                                             -4.750000   data required time
---------------------------------------------------------------------------------------------
                                             -4.750000   data required time
                                             -5.650387   data arrival time
---------------------------------------------------------------------------------------------
                                             10.400388   slack (MET)


Startpoint: inputs[6] (input port clocked by clk)
Endpoint: outputs[6] (output port clocked by clk)
Path Group: clk
Path Type: min

Fanout         Cap        Slew       Delay        Time   Description
---------------------------------------------------------------------------------------------
                      0.000000    0.000000    0.000000   clock clk (rise edge)
                                  0.000000    0.000000   clock network delay (ideal)
                                  5.000000    5.000000 ^ input external delay
     1    0.009392    0.079236    0.049320    5.049320 ^ inputs[6] (in)
                                                         inputs[6] (net)
                      0.079236    0.000000    5.049320 ^ _06_/A (sky130_fd_sc_hd__xor2_2)
     2    0.016453    0.115586    0.209694    5.259014 v _06_/X (sky130_fd_sc_hd__xor2_2)
                                                         _00_ (net)
                      0.115586    0.000000    5.259014 v _07_/B (sky130_fd_sc_hd__xor2_2)
     1    0.033442    0.185018    0.400923    5.659937 v _07_/X (sky130_fd_sc_hd__xor2_2)
                                                         outputs[6] (net)
                      0.185018    0.000000    5.659937 v outputs[6] (out)
                                              5.659937   data arrival time

                      0.000000    0.000000    0.000000   clock clk (rise edge)
                                  0.000000    0.000000   clock network delay (ideal)
                                  0.250000    0.250000   clock uncertainty
                                  0.000000    0.250000   clock reconvergence pessimism
                                 -5.000000   -4.750000   output external delay
                                             -4.750000   data required time
---------------------------------------------------------------------------------------------
                                             -4.750000   data required time
                                             -5.659937   data arrival time
---------------------------------------------------------------------------------------------
                                             10.409938   slack (MET)


Startpoint: inputs[7] (input port clocked by clk)
Endpoint: outputs[7] (output port clocked by clk)
Path Group: clk
Path Type: min

Fanout         Cap        Slew       Delay        Time   Description
---------------------------------------------------------------------------------------------
                      0.000000    0.000000    0.000000   clock clk (rise edge)
                                  0.000000    0.000000   clock network delay (ideal)
                                  5.000000    5.000000 ^ input external delay
     1    0.009392    0.079236    0.049320    5.049320 ^ inputs[7] (in)
                                                         inputs[7] (net)
                      0.079236    0.000000    5.049320 ^ _11_/A (sky130_fd_sc_hd__xor2_2)
     1    0.008219    0.080198    0.157692    5.207012 v _11_/X (sky130_fd_sc_hd__xor2_2)
                                                         _02_ (net)
                      0.080198    0.000000    5.207012 v _12_/B (sky130_fd_sc_hd__xnor2_2)
     1    0.008492    0.099610    0.258596    5.465608 ^ _12_/Y (sky130_fd_sc_hd__xnor2_2)
                                                         _03_ (net)
                      0.099610    0.000000    5.465608 ^ _13_/B (sky130_fd_sc_hd__xnor2_2)
     1    0.033442    0.321436    0.318675    5.784283 v _13_/Y (sky130_fd_sc_hd__xnor2_2)
                                                         outputs[7] (net)
                      0.321436    0.000000    5.784283 v outputs[7] (out)
                                              5.784283   data arrival time

                      0.000000    0.000000    0.000000   clock clk (rise edge)
                                  0.000000    0.000000   clock network delay (ideal)
                                  0.250000    0.250000   clock uncertainty
                                  0.000000    0.250000   clock reconvergence pessimism
                                 -5.000000   -4.750000   output external delay
                                             -4.750000   data required time
---------------------------------------------------------------------------------------------
                                             -4.750000   data required time
                                             -5.784283   data arrival time
---------------------------------------------------------------------------------------------
                                             10.534283   slack (MET)



%OL_END_REPORT
%OL_CREATE_REPORT max.rpt

===========================================================================
report_checks -path_delay max (Setup)
============================================================================
======================= nom_ss_100C_1v60 Corner ===================================

Startpoint: inputs[0] (input port clocked by clk)
Endpoint: outputs[7] (output port clocked by clk)
Path Group: clk
Path Type: max

Fanout         Cap        Slew       Delay        Time   Description
---------------------------------------------------------------------------------------------
                      0.000000    0.000000    0.000000   clock clk (rise edge)
                                  0.000000    0.000000   clock network delay (ideal)
                                  5.000000    5.000000 ^ input external delay
     4    0.029079    0.216013    0.146757    5.146757 ^ inputs[0] (in)
                                                         inputs[0] (net)
                      0.216013    0.000000    5.146757 ^ _05_/B (sky130_fd_sc_hd__xor2_2)
     3    0.051895    0.983892    0.880686    6.027443 ^ _05_/X (sky130_fd_sc_hd__xor2_2)
                                                         outputs[4] (net)
                      0.983892    0.000000    6.027443 ^ _10_/A (sky130_fd_sc_hd__xnor2_2)
     2    0.041873    0.467223    0.693166    6.720609 v _10_/Y (sky130_fd_sc_hd__xnor2_2)
                                                         outputs[5] (net)
                      0.467223    0.000000    6.720609 v _13_/A (sky130_fd_sc_hd__xnor2_2)
     1    0.033442    0.709630    0.790607    7.511216 ^ _13_/Y (sky130_fd_sc_hd__xnor2_2)
                                                         outputs[7] (net)
                      0.709630    0.000000    7.511216 ^ outputs[7] (out)
                                              7.511216   data arrival time

                      0.000000   25.000000   25.000000   clock clk (rise edge)
                                  0.000000   25.000000   clock network delay (ideal)
                                 -0.250000   24.750000   clock uncertainty
                                  0.000000   24.750000   clock reconvergence pessimism
                                 -5.000000   19.750000   output external delay
                                             19.750000   data required time
---------------------------------------------------------------------------------------------
                                             19.750000   data required time
                                             -7.511216   data arrival time
---------------------------------------------------------------------------------------------
                                             12.238784   slack (MET)


Startpoint: inputs[0] (input port clocked by clk)
Endpoint: outputs[6] (output port clocked by clk)
Path Group: clk
Path Type: max

Fanout         Cap        Slew       Delay        Time   Description
---------------------------------------------------------------------------------------------
                      0.000000    0.000000    0.000000   clock clk (rise edge)
                                  0.000000    0.000000   clock network delay (ideal)
                                  5.000000    5.000000 ^ input external delay
     4    0.029079    0.216013    0.146757    5.146757 ^ inputs[0] (in)
                                                         inputs[0] (net)
                      0.216013    0.000000    5.146757 ^ _05_/B (sky130_fd_sc_hd__xor2_2)
     3    0.051895    0.983892    0.880686    6.027443 ^ _05_/X (sky130_fd_sc_hd__xor2_2)
                                                         outputs[4] (net)
                      0.983892    0.000000    6.027443 ^ _07_/A (sky130_fd_sc_hd__xor2_2)
     1    0.033442    0.668971    0.828736    6.856179 ^ _07_/X (sky130_fd_sc_hd__xor2_2)
                                                         outputs[6] (net)
                      0.668971    0.000000    6.856179 ^ outputs[6] (out)
                                              6.856179   data arrival time

                      0.000000   25.000000   25.000000   clock clk (rise edge)
                                  0.000000   25.000000   clock network delay (ideal)
                                 -0.250000   24.750000   clock uncertainty
                                  0.000000   24.750000   clock reconvergence pessimism
                                 -5.000000   19.750000   output external delay
                                             19.750000   data required time
---------------------------------------------------------------------------------------------
                                             19.750000   data required time
                                             -6.856179   data arrival time
---------------------------------------------------------------------------------------------
                                             12.893820   slack (MET)


Startpoint: inputs[0] (input port clocked by clk)
Endpoint: outputs[5] (output port clocked by clk)
Path Group: clk
Path Type: max

Fanout         Cap        Slew       Delay        Time   Description
---------------------------------------------------------------------------------------------
                      0.000000    0.000000    0.000000   clock clk (rise edge)
                                  0.000000    0.000000   clock network delay (ideal)
                                  5.000000    5.000000 ^ input external delay
     4    0.029079    0.216013    0.146757    5.146757 ^ inputs[0] (in)
                                                         inputs[0] (net)
                      0.216013    0.000000    5.146757 ^ _05_/B (sky130_fd_sc_hd__xor2_2)
     3    0.051895    0.983892    0.880686    6.027443 ^ _05_/X (sky130_fd_sc_hd__xor2_2)
                                                         outputs[4] (net)
                      0.983892    0.000000    6.027443 ^ _10_/A (sky130_fd_sc_hd__xnor2_2)
     2    0.041873    0.467223    0.693166    6.720609 v _10_/Y (sky130_fd_sc_hd__xnor2_2)
                                                         outputs[5] (net)
                      0.467223    0.000000    6.720609 v outputs[5] (out)
                                              6.720609   data arrival time

                      0.000000   25.000000   25.000000   clock clk (rise edge)
                                  0.000000   25.000000   clock network delay (ideal)
                                 -0.250000   24.750000   clock uncertainty
                                  0.000000   24.750000   clock reconvergence pessimism
                                 -5.000000   19.750000   output external delay
                                             19.750000   data required time
---------------------------------------------------------------------------------------------
                                             19.750000   data required time
                                             -6.720609   data arrival time
---------------------------------------------------------------------------------------------
                                             13.029391   slack (MET)


Startpoint: inputs[0] (input port clocked by clk)
Endpoint: outputs[3] (output port clocked by clk)
Path Group: clk
Path Type: max

Fanout         Cap        Slew       Delay        Time   Description
---------------------------------------------------------------------------------------------
                      0.000000    0.000000    0.000000   clock clk (rise edge)
                                  0.000000    0.000000   clock network delay (ideal)
                                  5.000000    5.000000 ^ input external delay
     4    0.029079    0.216013    0.146757    5.146757 ^ inputs[0] (in)
                                                         inputs[0] (net)
                      0.216013    0.000000    5.146757 ^ _08_/A (sky130_fd_sc_hd__xor2_2)
     2    0.042503    0.823257    0.755375    5.902133 ^ _08_/X (sky130_fd_sc_hd__xor2_2)
                                                         outputs[2] (net)
                      0.823257    0.000000    5.902133 ^ _15_/A (sky130_fd_sc_hd__xnor2_2)
     1    0.033442    0.381070    0.588346    6.490479 v _15_/Y (sky130_fd_sc_hd__xnor2_2)
                                                         outputs[3] (net)
                      0.381070    0.000000    6.490479 v outputs[3] (out)
                                              6.490479   data arrival time

                      0.000000   25.000000   25.000000   clock clk (rise edge)
                                  0.000000   25.000000   clock network delay (ideal)
                                 -0.250000   24.750000   clock uncertainty
                                  0.000000   24.750000   clock reconvergence pessimism
                                 -5.000000   19.750000   output external delay
                                             19.750000   data required time
---------------------------------------------------------------------------------------------
                                             19.750000   data required time
                                             -6.490479   data arrival time
---------------------------------------------------------------------------------------------
                                             13.259521   slack (MET)


Startpoint: inputs[0] (input port clocked by clk)
Endpoint: outputs[4] (output port clocked by clk)
Path Group: clk
Path Type: max

Fanout         Cap        Slew       Delay        Time   Description
---------------------------------------------------------------------------------------------
                      0.000000    0.000000    0.000000   clock clk (rise edge)
                                  0.000000    0.000000   clock network delay (ideal)
                                  5.000000    5.000000 ^ input external delay
     4    0.029079    0.216013    0.146757    5.146757 ^ inputs[0] (in)
                                                         inputs[0] (net)
                      0.216013    0.000000    5.146757 ^ _05_/B (sky130_fd_sc_hd__xor2_2)
     3    0.051895    0.983892    0.880686    6.027443 ^ _05_/X (sky130_fd_sc_hd__xor2_2)
                                                         outputs[4] (net)
                      0.983892    0.000000    6.027443 ^ outputs[4] (out)
                                              6.027443   data arrival time

                      0.000000   25.000000   25.000000   clock clk (rise edge)
                                  0.000000   25.000000   clock network delay (ideal)
                                 -0.250000   24.750000   clock uncertainty
                                  0.000000   24.750000   clock reconvergence pessimism
                                 -5.000000   19.750000   output external delay
                                             19.750000   data required time
---------------------------------------------------------------------------------------------
                                             19.750000   data required time
                                             -6.027443   data arrival time
---------------------------------------------------------------------------------------------
                                             13.722556   slack (MET)


Startpoint: inputs[0] (input port clocked by clk)
Endpoint: outputs[2] (output port clocked by clk)
Path Group: clk
Path Type: max

Fanout         Cap        Slew       Delay        Time   Description
---------------------------------------------------------------------------------------------
                      0.000000    0.000000    0.000000   clock clk (rise edge)
                                  0.000000    0.000000   clock network delay (ideal)
                                  5.000000    5.000000 ^ input external delay
     4    0.029079    0.216013    0.146757    5.146757 ^ inputs[0] (in)
                                                         inputs[0] (net)
                      0.216013    0.000000    5.146757 ^ _08_/A (sky130_fd_sc_hd__xor2_2)
     2    0.042503    0.823257    0.755375    5.902133 ^ _08_/X (sky130_fd_sc_hd__xor2_2)
                                                         outputs[2] (net)
                      0.823257    0.000000    5.902133 ^ outputs[2] (out)
                                              5.902133   data arrival time

                      0.000000   25.000000   25.000000   clock clk (rise edge)
                                  0.000000   25.000000   clock network delay (ideal)
                                 -0.250000   24.750000   clock uncertainty
                                  0.000000   24.750000   clock reconvergence pessimism
                                 -5.000000   19.750000   output external delay
                                             19.750000   data required time
---------------------------------------------------------------------------------------------
                                             19.750000   data required time
                                             -5.902133   data arrival time
---------------------------------------------------------------------------------------------
                                             13.847867   slack (MET)


Startpoint: inputs[0] (input port clocked by clk)
Endpoint: outputs[1] (output port clocked by clk)
Path Group: clk
Path Type: max

Fanout         Cap        Slew       Delay        Time   Description
---------------------------------------------------------------------------------------------
                      0.000000    0.000000    0.000000   clock clk (rise edge)
                                  0.000000    0.000000   clock network delay (ideal)
                                  5.000000    5.000000 ^ input external delay
     4    0.029079    0.216013    0.146757    5.146757 ^ inputs[0] (in)
                                                         inputs[0] (net)
                      0.216013    0.000000    5.146757 ^ _16_/A (sky130_fd_sc_hd__xor2_2)
     1    0.033442    0.668372    0.640966    5.787723 ^ _16_/X (sky130_fd_sc_hd__xor2_2)
                                                         outputs[1] (net)
                      0.668372    0.000000    5.787723 ^ outputs[1] (out)
                                              5.787723   data arrival time

                      0.000000   25.000000   25.000000   clock clk (rise edge)
                                  0.000000   25.000000   clock network delay (ideal)
                                 -0.250000   24.750000   clock uncertainty
                                  0.000000   24.750000   clock reconvergence pessimism
                                 -5.000000   19.750000   output external delay
                                             19.750000   data required time
---------------------------------------------------------------------------------------------
                                             19.750000   data required time
                                             -5.787723   data arrival time
---------------------------------------------------------------------------------------------
                                             13.962277   slack (MET)


Startpoint: inputs[0] (input port clocked by clk)
Endpoint: outputs[0] (output port clocked by clk)
Path Group: clk
Path Type: max

Fanout         Cap        Slew       Delay        Time   Description
---------------------------------------------------------------------------------------------
                      0.000000    0.000000    0.000000   clock clk (rise edge)
                                  0.000000    0.000000   clock network delay (ideal)
                                  5.000000    5.000000 ^ input external delay
     4    0.029079    0.216013    0.146757    5.146757 ^ inputs[0] (in)
                                                         inputs[0] (net)
                      0.216013    0.000000    5.146757 ^ _17_/A (sky130_fd_sc_hd__buf_2)
     1    0.033442    0.270143    0.407973    5.554730 ^ _17_/X (sky130_fd_sc_hd__buf_2)
                                                         outputs[0] (net)
                      0.270143    0.000000    5.554730 ^ outputs[0] (out)
                                              5.554730   data arrival time

                      0.000000   25.000000   25.000000   clock clk (rise edge)
                                  0.000000   25.000000   clock network delay (ideal)
                                 -0.250000   24.750000   clock uncertainty
                                  0.000000   24.750000   clock reconvergence pessimism
                                 -5.000000   19.750000   output external delay
                                             19.750000   data required time
---------------------------------------------------------------------------------------------
                                             19.750000   data required time
                                             -5.554730   data arrival time
---------------------------------------------------------------------------------------------
                                             14.195270   slack (MET)



%OL_END_REPORT
%OL_CREATE_REPORT checks.rpt

===========================================================================
report_checks -unconstrained
===========================================================================
======================= nom_ss_100C_1v60 Corner ===================================

Startpoint: inputs[0] (input port clocked by clk)
Endpoint: outputs[7] (output port clocked by clk)
Path Group: clk
Path Type: max

Fanout         Cap        Slew       Delay        Time   Description
---------------------------------------------------------------------------------------------
                      0.000000    0.000000    0.000000   clock clk (rise edge)
                                  0.000000    0.000000   clock network delay (ideal)
                                  5.000000    5.000000 ^ input external delay
     4    0.029079    0.216013    0.146757    5.146757 ^ inputs[0] (in)
                                                         inputs[0] (net)
                      0.216013    0.000000    5.146757 ^ _05_/B (sky130_fd_sc_hd__xor2_2)
     3    0.051895    0.983892    0.880686    6.027443 ^ _05_/X (sky130_fd_sc_hd__xor2_2)
                                                         outputs[4] (net)
                      0.983892    0.000000    6.027443 ^ _10_/A (sky130_fd_sc_hd__xnor2_2)
     2    0.041873    0.467223    0.693166    6.720609 v _10_/Y (sky130_fd_sc_hd__xnor2_2)
                                                         outputs[5] (net)
                      0.467223    0.000000    6.720609 v _13_/A (sky130_fd_sc_hd__xnor2_2)
     1    0.033442    0.709630    0.790607    7.511216 ^ _13_/Y (sky130_fd_sc_hd__xnor2_2)
                                                         outputs[7] (net)
                      0.709630    0.000000    7.511216 ^ outputs[7] (out)
                                              7.511216   data arrival time

                      0.000000   25.000000   25.000000   clock clk (rise edge)
                                  0.000000   25.000000   clock network delay (ideal)
                                 -0.250000   24.750000   clock uncertainty
                                  0.000000   24.750000   clock reconvergence pessimism
                                 -5.000000   19.750000   output external delay
                                             19.750000   data required time
---------------------------------------------------------------------------------------------
                                             19.750000   data required time
                                             -7.511216   data arrival time
---------------------------------------------------------------------------------------------
                                             12.238784   slack (MET)




===========================================================================
report_checks --slack_max -0.01
============================================================================
======================= nom_ss_100C_1v60 Corner ===================================

No paths found.


===========================================================================
 report_check_types -max_slew -max_cap -max_fanout -violators
============================================================================
======================= nom_ss_100C_1v60 Corner ===================================

max slew

Pin                                        Limit        Slew       Slack
------------------------------------------------------------------------
outputs[4]                              0.750000    0.983892   -0.233892 (VIOLATED)
_05_/X                                  0.750000    0.983892   -0.233892 (VIOLATED)
_07_/A                                  0.750000    0.983892   -0.233892 (VIOLATED)
_10_/A                                  0.750000    0.983892   -0.233892 (VIOLATED)
outputs[5]                              0.750000    0.873025   -0.123025 (VIOLATED)
_10_/Y                                  0.750000    0.873025   -0.123025 (VIOLATED)
_13_/A                                  0.750000    0.873025   -0.123025 (VIOLATED)
outputs[2]                              0.750000    0.823257   -0.073257 (VIOLATED)
_08_/X                                  0.750000    0.823257   -0.073257 (VIOLATED)
_15_/A                                  0.750000    0.823257   -0.073257 (VIOLATED)



===========================================================================
report_parasitic_annotation -report_unannotated
============================================================================
Found 21 unannotated drivers.
 inputs[0]
 inputs[1]
 inputs[2]
 inputs[3]
 inputs[4]
 inputs[5]
 inputs[6]
 inputs[7]
 _05_/X
 _06_/X
 _07_/X
 _08_/X
 _09_/Y
 _10_/Y
 _11_/X
 _12_/Y
 _13_/Y
 _14_/Y
 _15_/Y
 _16_/X
 _17_/X
Found 0 partially unannotated drivers.

===========================================================================
max slew violation count 10
%OL_METRIC_I design__max_slew_violation__count__corner:nom_ss_100C_1v60 10
max fanout violation count 0
%OL_METRIC_I design__max_fanout_violation__count__corner:nom_ss_100C_1v60 0
max cap violation count 0
%OL_METRIC_I design__max_cap_violation__count__corner:nom_ss_100C_1v60 0
============================================================================

===========================================================================
check_setup -verbose -unconstrained_endpoints -multiple_clock -no_clock -no_input_delay -loops -generated_clocks
===========================================================================
%OL_END_REPORT
%OL_CREATE_REPORT power.rpt

===========================================================================
 report_power
============================================================================
======================= nom_ss_100C_1v60 Corner ===================================

Group                    Internal    Switching      Leakage        Total
                            Power        Power        Power        Power (Watts)
------------------------------------------------------------------------
Sequential           0.000000e+00 0.000000e+00 0.000000e+00 0.000000e+00   0.0%
Combinational        2.665921e-06 5.705380e-06 1.062801e-07 8.477581e-06 100.0%
Clock                0.000000e+00 0.000000e+00 0.000000e+00 0.000000e+00   0.0%
Macro                0.000000e+00 0.000000e+00 0.000000e+00 0.000000e+00   0.0%
Pad                  0.000000e+00 0.000000e+00 0.000000e+00 0.000000e+00   0.0%
------------------------------------------------------------------------
Total                2.665921e-06 5.705380e-06 1.062801e-07 8.477581e-06 100.0%
                            31.4%        67.3%         1.3%
%OL_METRIC_F power__internal__total 2.665921101652202e-6
%OL_METRIC_F power__switching__total 5.705380317522213e-6
%OL_METRIC_F power__leakage__total 1.0628006208435181e-7
%OL_METRIC_F power__total 8.477581104671117e-6

%OL_END_REPORT
%OL_CREATE_REPORT skew.min.rpt

===========================================================================
Clock Skew (Hold)
============================================================================
%OL_METRIC_F clock__skew__worst_hold__corner:nom_ss_100C_1v60 0.0
======================= nom_ss_100C_1v60 Corner ===================================

Clock clk
No launch/capture paths found.

%OL_END_REPORT
%OL_CREATE_REPORT skew.max.rpt

===========================================================================
Clock Skew (Setup)
============================================================================
%OL_METRIC_F clock__skew__worst_setup__corner:nom_ss_100C_1v60 0.0
======================= nom_ss_100C_1v60 Corner ===================================

Clock clk
No launch/capture paths found.

%OL_END_REPORT
%OL_CREATE_REPORT ws.min.rpt

===========================================================================
Worst Slack (Hold)
============================================================================
%OL_METRIC_F timing__hold__ws__corner:nom_ss_100C_1v60 10.199134270265374
nom_ss_100C_1v60: 10.199134270265374
%OL_END_REPORT
%OL_CREATE_REPORT ws.max.rpt

===========================================================================
Worst Slack (Setup)
============================================================================
%OL_METRIC_F timing__setup__ws__corner:nom_ss_100C_1v60 12.238783666265173
nom_ss_100C_1v60: 12.238783666265173
%OL_END_REPORT
%OL_CREATE_REPORT tns.min.rpt

===========================================================================
Total Negative Slack (Hold)
============================================================================
%OL_METRIC_F timing__hold__tns__corner:nom_ss_100C_1v60 0.0
nom_ss_100C_1v60: 0.0
%OL_END_REPORT
%OL_CREATE_REPORT tns.max.rpt

===========================================================================
Total Negative Slack (Setup)
============================================================================
%OL_METRIC_F timing__setup__tns__corner:nom_ss_100C_1v60 0.0
nom_ss_100C_1v60: 0.0
%OL_END_REPORT
%OL_CREATE_REPORT wns.min.rpt

===========================================================================
Worst Negative Slack (Hold)
============================================================================
%OL_METRIC_F timing__hold__wns__corner:nom_ss_100C_1v60 0
nom_ss_100C_1v60: 0
%OL_END_REPORT
%OL_CREATE_REPORT wns.max.rpt

===========================================================================
Worst Negative Slack (Setup)
============================================================================
%OL_METRIC_F timing__setup__wns__corner:nom_ss_100C_1v60 0.0
nom_ss_100C_1v60: 0.0
%OL_END_REPORT
%OL_CREATE_REPORT violator_list.rpt

===========================================================================
Violator List
============================================================================
%OL_METRIC_I timing__hold_vio__count__corner:nom_ss_100C_1v60 0
%OL_METRIC_F timing__hold_r2r__ws__corner:nom_ss_100C_1v60 inf
%OL_METRIC_I timing__hold_r2r_vio__count__corner:nom_ss_100C_1v60 0
%OL_METRIC_I timing__setup_vio__count__corner:nom_ss_100C_1v60 0
%OL_METRIC_F timing__setup_r2r__ws__corner:nom_ss_100C_1v60 inf
%OL_METRIC_I timing__setup_r2r_vio__count__corner:nom_ss_100C_1v60 0
%OL_END_REPORT
%OL_CREATE_REPORT unpropagated.rpt
clk
%OL_END_REPORT
%OL_CREATE_REPORT clock.rpt
Clock: clk
Sources: 
Generated: no
Virtual: yes
Propagated: no
Period: 25.000000

===========================================================================
report_clock_properties
============================================================================
Clock                   Period          Waveform
----------------------------------------------------
clk                  25.000000    0.000000 12.500000

===========================================================================
report_clock_latency
============================================================================
Clock clk


===========================================================================
report_clock_min_period
============================================================================
clk period_min = 0.00 fmax = inf
%OL_END_REPORT
Writing SDF files for all corners…
