9. Printing statistics.

=== expmob2 ===

   Number of wires:              45364
   Number of wire bits:         143749
   Number of public wires:          14
   Number of public wire bits:   90146
   Number of ports:                  3
   Number of port bits:          16385
   Number of memories:               0
   Number of memory bits:            0
   Number of processes:              0
   Number of cells:              28838
     $scopeinfo                      3
     and21nor_x0                     2
     and2_x1                        18
     and3_x1                        13
     and4_x1                        18
     dff_x1                       8225
     inv_x0                         30
     mux2_x1                     16383
     nand3_x0                        7
     nand4_x0                        5
     nexor2_x0                      29
     nor2_x0                         1
     nor3_x0                         1
     nor4_x0                         6
     or21nand_x0                     1
     xor2_x0                      4096

Removed 0 unused cells and 28836 unused wires.

